4.227.36.0 - - [18/Jun/2025:00:00:13 +0200] "GET /robots.txt HTTP/1.1" 429 227 www.mgsaws.com "-" "Mozilla/5.0 AppleWebKit/537.36 (KHTML, like Gecko; compatible; GPTBot/1.2; +https://openai.com/gptbot)" "-"
135.234.64.0 - - [18/Jun/2025:00:00:14 +0200] "GET /all-products/sub/copy-routers HTTP/1.1" 200 47682 www.mgsaws.com "-" "Mozilla/5.0 (Macintosh; Intel Mac OS X 10_15_7) AppleWebKit/537.36 (KHTML, like Gecko) Chrome/131.0.0.0 Safari/537.36; compatible; OAI-SearchBot/1.0; +https://openai.com/searchbot" "-"
20.171.207.0 - - [18/Jun/2025:00:00:16 +0200] "GET /all-products HTTP/1.1" 429 227 www.mgsaws.com "-" "Mozilla/5.0 AppleWebKit/537.36 (KHTML, like Gecko; compatible; GPTBot/1.2; +https://openai.com/gptbot)" "-"
20.171.207.0 - - [18/Jun/2025:00:00:18 +0200] "GET /blogs HTTP/1.1" 429 227 www.mgsaws.com "-" "Mozilla/5.0 AppleWebKit/537.36 (KHTML, like Gecko; compatible; GPTBot/1.2; +https://openai.com/gptbot)" "-"
20.171.207.0 - - [18/Jun/2025:00:00:28 +0200] "GET /show-product/c-452-m-aluminium-pvc-copy-router-milling-machine HTTP/1.1" 429 227 www.mgsaws.com "-" "Mozilla/5.0 AppleWebKit/537.36 (KHTML, like Gecko; compatible; GPTBot/1.2; +https://openai.com/gptbot)" "-"
157.55.39.0 - - [18/Jun/2025:00:00:46 +0200] "GET /show-product/100108-gaa-800-90-cncaluminium---pvc-automatic-cutting-saw HTTP/1.1" 200 70230 www.mgsaws.com "-" "Mozilla/5.0 AppleWebKit/537.36 (KHTML, like Gecko; compatible; bingbot/2.0; +http://www.bing.com/bingbot.htm) Chrome/116.0.1938.76 Safari/537.36" "-"
20.171.207.0 - - [18/Jun/2025:00:00:56 +0200] "GET /show-product/c-500-a-aluminium-pvc-copy-router-milling-machine HTTP/1.1" 429 227 www.mgsaws.com "-" "Mozilla/5.0 AppleWebKit/537.36 (KHTML, like Gecko; compatible; GPTBot/1.2; +https://openai.com/gptbot)" "-"
43.153.85.0 - - [18/Jun/2025:00:01:44 +0200] "GET /all-products/sub/profile-loader HTTP/1.1" 200 44055 mgsaws.com "-" "Mozilla/5.0 (iPhone; CPU iPhone OS 13_2_3 like Mac OS X) AppleWebKit/605.1.15 (KHTML, like Gecko) Version/13.0.3 Mobile/15E148 Safari/604.1" "-"
20.171.207.0 - - [18/Jun/2025:00:01:59 +0200] "GET /show-product/c-500-ah-aluminium-pvc-copy-router-milling-machine HTTP/1.1" 429 227 www.mgsaws.com "-" "Mozilla/5.0 AppleWebKit/537.36 (KHTML, like Gecko; compatible; GPTBot/1.2; +https://openai.com/gptbot)" "-"
20.171.207.0 - - [18/Jun/2025:00:03:01 +0200] "GET /terms-and-conditions HTTP/1.1" 429 227 www.mgsaws.com "-" "Mozilla/5.0 AppleWebKit/537.36 (KHTML, like Gecko; compatible; GPTBot/1.2; +https://openai.com/gptbot)" "-"
20.171.207.0 - - [18/Jun/2025:00:04:07 +0200] "GET /show-product/c-452-sa-aluminium-pvc-copy-router-milling-machine HTTP/1.1" 429 227 www.mgsaws.com "-" "Mozilla/5.0 AppleWebKit/537.36 (KHTML, like Gecko; compatible; GPTBot/1.2; +https://openai.com/gptbot)" "-"
2a03:2880:f800:: - - [18/Jun/2025:00:04:50 +0200] "GET /all-products/sub/corner-milling HTTP/1.1" 429 227 mgsaws.com "-" "meta-externalagent/1.1 (+https://developers.facebook.com/docs/sharing/webmasters/crawler)" "-"
20.171.207.0 - - [18/Jun/2025:00:05:11 +0200] "GET /faq HTTP/1.1" 429 227 www.mgsaws.com "-" "Mozilla/5.0 AppleWebKit/537.36 (KHTML, like Gecko; compatible; GPTBot/1.2; +https://openai.com/gptbot)" "-"
20.171.207.0 - - [18/Jun/2025:00:06:13 +0200] "GET /about-us HTTP/1.1" 429 227 www.mgsaws.com "-" "Mozilla/5.0 AppleWebKit/537.36 (KHTML, like Gecko; compatible; GPTBot/1.2; +https://openai.com/gptbot)" "-"
20.171.207.0 - - [18/Jun/2025:00:07:14 +0200] "GET /gallery HTTP/1.1" 429 227 www.mgsaws.com "-" "Mozilla/5.0 AppleWebKit/537.36 (KHTML, like Gecko; compatible; GPTBot/1.2; +https://openai.com/gptbot)" "-"
20.171.207.0 - - [18/Jun/2025:00:08:18 +0200] "GET /all-products HTTP/1.1" 429 227 www.mgsaws.com "-" "Mozilla/5.0 AppleWebKit/537.36 (KHTML, like Gecko; compatible; GPTBot/1.2; +https://openai.com/gptbot)" "-"
20.171.207.0 - - [18/Jun/2025:00:09:24 +0200] "GET /all-products/sub/automatic-cutting-and-drilling-machine HTTP/1.1" 429 227 www.mgsaws.com "-" "Mozilla/5.0 AppleWebKit/537.36 (KHTML, like Gecko; compatible; GPTBot/1.2; +https://openai.com/gptbot)" "-"
43.159.149.0 - - [18/Jun/2025:00:10:06 +0200] "GET /all-products/sub/automatic-cutting-90-degree-machine HTTP/1.1" 200 51764 mgsaws.com "-" "Mozilla/5.0 (iPhone; CPU iPhone OS 13_2_3 like Mac OS X) AppleWebKit/605.1.15 (KHTML, like Gecko) Version/13.0.3 Mobile/15E148 Safari/604.1" "-"
20.171.207.0 - - [18/Jun/2025:00:10:27 +0200] "GET /all-products/sub/automatic-cutting-and-drilling HTTP/1.1" 429 227 www.mgsaws.com "-" "Mozilla/5.0 AppleWebKit/537.36 (KHTML, like Gecko; compatible; GPTBot/1.2; +https://openai.com/gptbot)" "-"
20.171.207.0 - - [18/Jun/2025:00:11:30 +0200] "GET /privacy-policy HTTP/1.1" 429 227 www.mgsaws.com "-" "Mozilla/5.0 AppleWebKit/537.36 (KHTML, like Gecko; compatible; GPTBot/1.2; +https://openai.com/gptbot)" "-"
20.171.207.0 - - [18/Jun/2025:00:14:20 +0200] "GET /all-products/sub/automatic-miter-cutting HTTP/1.1" 429 227 www.mgsaws.com "-" "Mozilla/5.0 AppleWebKit/537.36 (KHTML, like Gecko; compatible; GPTBot/1.2; +https://openai.com/gptbot)" "-"
20.171.207.0 - - [18/Jun/2025:00:15:05 +0200] "GET /all-products/sub/corner-milling-machine HTTP/1.1" 429 227 www.mgsaws.com "-" "Mozilla/5.0 AppleWebKit/537.36 (KHTML, like Gecko; compatible; GPTBot/1.2; +https://openai.com/gptbot)" "-"
20.171.207.0 - - [18/Jun/2025:00:15:30 +0200] "GET /all-products/sub/positioning-rollers HTTP/1.1" 429 227 www.mgsaws.com "-" "Mozilla/5.0 AppleWebKit/537.36 (KHTML, like Gecko; compatible; GPTBot/1.2; +https://openai.com/gptbot)" "-"
20.171.207.0 - - [18/Jun/2025:00:16:30 +0200] "GET /all-products/sub/machining-centers HTTP/1.1" 429 227 www.mgsaws.com "-" "Mozilla/5.0 AppleWebKit/537.36 (KHTML, like Gecko; compatible; GPTBot/1.2; +https://openai.com/gptbot)" "-"
20.171.207.0 - - [18/Jun/2025:00:17:34 +0200] "GET /all-products/sub/punching-machine HTTP/1.1" 429 227 www.mgsaws.com "-" "Mozilla/5.0 AppleWebKit/537.36 (KHTML, like Gecko; compatible; GPTBot/1.2; +https://openai.com/gptbot)" "-"
20.171.207.0 - - [18/Jun/2025:00:18:36 +0200] "GET /about-us HTTP/1.1" 429 227 www.mgsaws.com "-" "Mozilla/5.0 AppleWebKit/537.36 (KHTML, like Gecko; compatible; GPTBot/1.2; +https://openai.com/gptbot)" "-"
2a03:2880:f800:: - - [18/Jun/2025:00:18:43 +0200] "GET /news-details/a-deep-dive-into-the-applications-and-working-mechanisms-of-a-punching-machine HTTP/1.1" 429 227 www.mgsaws.com "-" "meta-externalagent/1.1 (+https://developers.facebook.com/docs/sharing/webmasters/crawler)" "-"
2a03:2880:f800:: - - [18/Jun/2025:00:19:36 +0200] "GET /all-products/sub/double-head-cutting-machine HTTP/1.1" 429 227 www.mgsaws.com "-" "meta-externalagent/1.1 (+https://developers.facebook.com/docs/sharing/webmasters/crawler)" "-"
20.171.207.0 - - [18/Jun/2025:00:19:39 +0200] "GET /all-products/sub/profile-loader HTTP/1.1" 429 227 www.mgsaws.com "-" "Mozilla/5.0 AppleWebKit/537.36 (KHTML, like Gecko; compatible; GPTBot/1.2; +https://openai.com/gptbot)" "-"
47.82.60.0 - - [18/Jun/2025:00:19:59 +0200] "GET /about-us HTTP/1.1" 429 227 www.mgsaws.com "http://www.mgsaws.com/about-us" "Mozilla/5.0 (Windows NT 10.0; Win64; x64) AppleWebKit/537.36 (KHTML, like Gecko) Chrome/114.0.0.0 Safari/537.36 Edg/114.0.1823.43" "-"
47.82.60.0 - - [18/Jun/2025:00:19:59 +0200] "GET /about-us HTTP/1.1" 429 227 www.mgsaws.com "http://www.mgsaws.com/about-us" "Mozilla/5.0 (Windows NT 10.0; Win64; x64) AppleWebKit/537.36 (KHTML, like Gecko) Chrome/114.0.0.0 Safari/537.36 Edg/114.0.1823.43" "-"
47.82.60.0 - - [18/Jun/2025:00:19:59 +0200] "GET /about-us HTTP/1.1" 429 227 www.mgsaws.com "http://www.mgsaws.com/about-us" "Mozilla/5.0 (Windows NT 10.0; Win64; x64) AppleWebKit/537.36 (KHTML, like Gecko) Chrome/114.0.0.0 Safari/537.36 Edg/114.0.1823.43" "-"
34.203.236.0 - - [18/Jun/2025:00:20:12 +0200] "GET /show-product/100155-gaa-800-90-cncaluminium---pvc-automatic-cutting-saw HTTP/1.1" 200 68648 www.mgsaws.com "-" "Mozilla/5.0 (Windows NT 10.0; Win64; x64) AppleWebKit/537.36 (KHTML, like Gecko) Chrome/123.0.6312.144 Safari/537.36" "-"
20.171.207.0 - - [18/Jun/2025:00:20:39 +0200] "GET /contact-us HTTP/1.1" 429 227 www.mgsaws.com "-" "Mozilla/5.0 AppleWebKit/537.36 (KHTML, like Gecko; compatible; GPTBot/1.2; +https://openai.com/gptbot)" "-"
43.153.87.0 - - [18/Jun/2025:00:21:38 +0200] "GET /storage/product/20230110104355.webp HTTP/1.1" 200 14808 mgsaws.com "-" "Mozilla/5.0 (iPhone; CPU iPhone OS 13_2_3 like Mac OS X) AppleWebKit/605.1.15 (KHTML, like Gecko) Version/13.0.3 Mobile/15E148 Safari/604.1" "-"
20.171.207.0 - - [18/Jun/2025:00:21:43 +0200] "GET /all-products/sub/profile-trolleys HTTP/1.1" 429 227 www.mgsaws.com "-" "Mozilla/5.0 AppleWebKit/537.36 (KHTML, like Gecko; compatible; GPTBot/1.2; +https://openai.com/gptbot)" "-"
3.83.131.0 - - [18/Jun/2025:00:23:59 +0200] "GET /show-product/pusher-autopos-automatic-feeding-system-integratd-with-our-models-of-single-blade-cutting-machines-tl HTTP/1.1" 200 71333 www.mgsaws.com "-" "Mozilla/5.0 (Windows NT 10.0; Win64; x64) AppleWebKit/537.36 (KHTML, like Gecko) Chrome/124.0.6367.140 Safari/537.36" "-"
13.220.163.0 - - [18/Jun/2025:00:25:08 +0200] "GET /show-product/070144-duo-450-double-head-cutting-machine-for-aluminum-pvc-cutting HTTP/1.1" 200 67075 mgsaws.com "-" "Mozilla/5.0 (Windows NT 6.1; Win64; x64; rv:125.0.2) Gecko/20100101 Firefox/125.0.2" "-"
213.180.203.0 - - [18/Jun/2025:00:28:24 +0200] "GET /robots.txt HTTP/1.1" 429 227 www.mgsaws.com "-" "Mozilla/5.0 (compatible; YandexBot/3.0; +http://yandex.com/bots)" "-"
95.108.213.0 - - [18/Jun/2025:00:28:35 +0200] "GET /robots.txt HTTP/1.1" 429 227 www.mgsaws.com "-" "Mozilla/5.0 (compatible; YandexBot/3.0; +http://yandex.com/bots)" "-"
20.171.207.0 - - [18/Jun/2025:00:28:45 +0200] "GET /gallery HTTP/1.1" 429 227 www.mgsaws.com "-" "Mozilla/5.0 AppleWebKit/537.36 (KHTML, like Gecko; compatible; GPTBot/1.2; +https://openai.com/gptbot)" "-"
20.171.207.0 - - [18/Jun/2025:00:28:47 +0200] "GET /about-us HTTP/1.1" 429 227 www.mgsaws.com "-" "Mozilla/5.0 AppleWebKit/537.36 (KHTML, like Gecko; compatible; GPTBot/1.2; +https://openai.com/gptbot)" "-"
156.59.198.0 - - [18/Jun/2025:00:28:56 +0200] "GET /storage/pdf/20211116093234.pdf HTTP/1.1" 429 227 mgsaws.com "-" "Mozilla/5.0 (Linux; Android 5.0) AppleWebKit/537.36 (KHTML, like Gecko) Mobile Safari/537.36 (compatible; Bytespider; spider-feedback@bytedance.com)" "-"
20.171.207.0 - - [18/Jun/2025:00:28:56 +0200] "GET /all-products HTTP/1.1" 429 227 www.mgsaws.com "-" "Mozilla/5.0 AppleWebKit/537.36 (KHTML, like Gecko; compatible; GPTBot/1.2; +https://openai.com/gptbot)" "-"
20.171.207.0 - - [18/Jun/2025:00:29:24 +0200] "GET /faq HTTP/1.1" 429 227 www.mgsaws.com "-" "Mozilla/5.0 AppleWebKit/537.36 (KHTML, like Gecko; compatible; GPTBot/1.2; +https://openai.com/gptbot)" "-"
87.250.224.0 - - [18/Jun/2025:00:30:24 +0200] "GET /robots.txt HTTP/1.1" 429 227 www.mgsaws.com "-" "Mozilla/5.0 (compatible; YandexBot/3.0; +http://yandex.com/bots)" "-"
20.171.207.0 - - [18/Jun/2025:00:30:29 +0200] "GET /show-product/c-452-m-aluminium-pvc-copy-router-milling-machine HTTP/1.1" 429 227 www.mgsaws.com "-" "Mozilla/5.0 AppleWebKit/537.36 (KHTML, like Gecko; compatible; GPTBot/1.2; +https://openai.com/gptbot)" "-"
95.108.213.0 - - [18/Jun/2025:00:30:35 +0200] "GET /robots.txt HTTP/1.1" 429 227 www.mgsaws.com "-" "Mozilla/5.0 (compatible; YandexBot/3.0; +http://yandex.com/bots)" "-"
20.171.207.0 - - [18/Jun/2025:00:31:34 +0200] "GET /show-product/c-500-ah-aluminium-pvc-copy-router-milling-machine HTTP/1.1" 429 227 www.mgsaws.com "-" "Mozilla/5.0 AppleWebKit/537.36 (KHTML, like Gecko; compatible; GPTBot/1.2; +https://openai.com/gptbot)" "-"
43.153.19.0 - - [18/Jun/2025:00:31:57 +0200] "GET /storage/product/20230109093255.webp HTTP/1.1" 200 18864 mgsaws.com "-" "Mozilla/5.0 (iPhone; CPU iPhone OS 13_2_3 like Mac OS X) AppleWebKit/605.1.15 (KHTML, like Gecko) Version/13.0.3 Mobile/15E148 Safari/604.1" "-"
87.250.224.0 - - [18/Jun/2025:00:32:24 +0200] "GET /robots.txt HTTP/1.1" 429 227 www.mgsaws.com "-" "Mozilla/5.0 (compatible; YandexBot/3.0; +http://yandex.com/bots)" "-"
47.128.113.0 - - [18/Jun/2025:00:32:25 +0200] "GET /robots.txt HTTP/1.1" 429 227 mgsaws.com "-" "Mozilla/5.0 (Linux; Android 5.0) AppleWebKit/537.36 (KHTML, like Gecko) Mobile Safari/537.36 (compatible; Bytespider; spider-feedback@bytedance.com)" "-"
20.171.207.0 - - [18/Jun/2025:00:32:34 +0200] "GET /terms-and-conditions HTTP/1.1" 429 227 www.mgsaws.com "-" "Mozilla/5.0 AppleWebKit/537.36 (KHTML, like Gecko; compatible; GPTBot/1.2; +https://openai.com/gptbot)" "-"
87.250.224.0 - - [18/Jun/2025:00:32:35 +0200] "GET /robots.txt HTTP/1.1" 429 227 www.mgsaws.com "-" "Mozilla/5.0 (compatible; YandexBot/3.0; +http://yandex.com/bots)" "-"
44.211.232.0 - - [18/Jun/2025:00:33:14 +0200] "GET /news-details/the-benefits-of-regularly-servicing-your-double-head-cutting-machine HTTP/1.1" 200 63122 www.mgsaws.com "-" "Mozilla/5.0 (Windows NT 10.0; Win64; x64; rv:125.0.0) Gecko/20100101 Firefox/125.0.0" "-"
20.171.207.0 - - [18/Jun/2025:00:33:35 +0200] "GET /blogs HTTP/1.1" 429 227 www.mgsaws.com "-" "Mozilla/5.0 AppleWebKit/537.36 (KHTML, like Gecko; compatible; GPTBot/1.2; +https://openai.com/gptbot)" "-"
95.108.213.0 - - [18/Jun/2025:00:34:24 +0200] "GET /robots.txt HTTP/1.1" 429 227 www.mgsaws.com "-" "Mozilla/5.0 (compatible; YandexBot/3.0; +http://yandex.com/bots)" "-"
87.250.224.0 - - [18/Jun/2025:00:34:35 +0200] "GET /robots.txt HTTP/1.1" 429 227 www.mgsaws.com "-" "Mozilla/5.0 (compatible; YandexBot/3.0; +http://yandex.com/bots)" "-"
20.171.207.0 - - [18/Jun/2025:00:34:37 +0200] "GET /show-product/c-452-sa-aluminium-pvc-copy-router-milling-machine HTTP/1.1" 429 227 www.mgsaws.com "-" "Mozilla/5.0 AppleWebKit/537.36 (KHTML, like Gecko; compatible; GPTBot/1.2; +https://openai.com/gptbot)" "-"
20.171.207.0 - - [18/Jun/2025:00:35:37 +0200] "GET /show-product/c-500-a-aluminium-pvc-copy-router-milling-machine HTTP/1.1" 429 227 www.mgsaws.com "-" "Mozilla/5.0 AppleWebKit/537.36 (KHTML, like Gecko; compatible; GPTBot/1.2; +https://openai.com/gptbot)" "-"
47.128.32.0 - - [18/Jun/2025:00:35:54 +0200] "GET /robots.txt HTTP/1.1" 429 227 mgsaws.com "-" "Mozilla/5.0 (Linux; Android 5.0) AppleWebKit/537.36 (KHTML, like Gecko) Mobile Safari/537.36 (compatible; Bytespider; spider-feedback@bytedance.com)" "-"
213.180.203.0 - - [18/Jun/2025:00:36:24 +0200] "GET /robots.txt HTTP/1.1" 429 227 www.mgsaws.com "-" "Mozilla/5.0 (compatible; YandexBot/3.0; +http://yandex.com/bots)" "-"
213.180.203.0 - - [18/Jun/2025:00:36:35 +0200] "GET /robots.txt HTTP/1.1" 429 227 www.mgsaws.com "-" "Mozilla/5.0 (compatible; YandexBot/3.0; +http://yandex.com/bots)" "-"
20.171.207.0 - - [18/Jun/2025:00:36:39 +0200] "GET /all-products/sub/automatic-cutting-and-drilling-machine HTTP/1.1" 429 227 www.mgsaws.com "-" "Mozilla/5.0 AppleWebKit/537.36 (KHTML, like Gecko; compatible; GPTBot/1.2; +https://openai.com/gptbot)" "-"
2a03:2880:f800:: - - [18/Jun/2025:00:37:14 +0200] "GET /storage/pdf/1673256813_115.pdf HTTP/1.1" 429 227 www.mgsaws.com "-" "meta-externalagent/1.1 (+https://developers.facebook.com/docs/sharing/webmasters/crawler)" "-"
20.171.207.0 - - [18/Jun/2025:00:37:39 +0200] "GET /all-products/sub/automatic-cutting-and-drilling HTTP/1.1" 429 227 www.mgsaws.com "-" "Mozilla/5.0 AppleWebKit/537.36 (KHTML, like Gecko; compatible; GPTBot/1.2; +https://openai.com/gptbot)" "-"
87.250.224.0 - - [18/Jun/2025:00:38:24 +0200] "GET /robots.txt HTTP/1.1" 429 227 www.mgsaws.com "-" "Mozilla/5.0 (compatible; YandexBot/3.0; +http://yandex.com/bots)" "-"
87.250.224.0 - - [18/Jun/2025:00:38:24 +0200] "GET /all-products/sub/corner-crimping-machines HTTP/1.1" 429 227 www.mgsaws.com "-" "Mozilla/5.0 (compatible; YandexBot/3.0; +http://yandex.com/bots)" "-"
213.180.203.0 - - [18/Jun/2025:00:38:35 +0200] "GET /robots.txt HTTP/1.1" 429 227 www.mgsaws.com "-" "Mozilla/5.0 (compatible; YandexBot/3.0; +http://yandex.com/bots)" "-"
20.171.207.0 - - [18/Jun/2025:00:38:45 +0200] "GET /privacy-policy HTTP/1.1" 429 227 www.mgsaws.com "-" "Mozilla/5.0 AppleWebKit/537.36 (KHTML, like Gecko; compatible; GPTBot/1.2; +https://openai.com/gptbot)" "-"
20.171.207.0 - - [18/Jun/2025:00:39:48 +0200] "GET /all-products/sub/automatic-miter-cutting HTTP/1.1" 429 227 www.mgsaws.com "-" "Mozilla/5.0 AppleWebKit/537.36 (KHTML, like Gecko; compatible; GPTBot/1.2; +https://openai.com/gptbot)" "-"
95.108.213.0 - - [18/Jun/2025:00:40:24 +0200] "GET /robots.txt HTTP/1.1" 429 227 www.mgsaws.com "-" "Mozilla/5.0 (compatible; YandexBot/3.0; +http://yandex.com/bots)" "-"
43.163.206.0 - - [18/Jun/2025:00:40:25 +0200] "GET /all-products/sub/automatic-cutting-and-drilling HTTP/1.1" 301 286 mgsaws.com "-" "Mozilla/5.0 (iPhone; CPU iPhone OS 13_2_3 like Mac OS X) AppleWebKit/605.1.15 (KHTML, like Gecko) Version/13.0.3 Mobile/15E148 Safari/604.1" "-"
43.163.206.0 - - [18/Jun/2025:00:40:31 +0200] "GET /all-products/sub/automatic-cutting-and-drilling-machine HTTP/1.1" 200 48385 www.mgsaws.com "http://mgsaws.com/all-products/sub/automatic-cutting-and-drilling" "Mozilla/5.0 (iPhone; CPU iPhone OS 13_2_3 like Mac OS X) AppleWebKit/605.1.15 (KHTML, like Gecko) Version/13.0.3 Mobile/15E148 Safari/604.1" "-"
5.255.231.0 - - [18/Jun/2025:00:40:35 +0200] "GET /robots.txt HTTP/1.1" 429 227 www.mgsaws.com "-" "Mozilla/5.0 (compatible; YandexBot/3.0; +http://yandex.com/bots)" "-"
20.171.207.0 - - [18/Jun/2025:00:40:52 +0200] "GET /all-products/sub/corner-milling-machine HTTP/1.1" 429 227 www.mgsaws.com "-" "Mozilla/5.0 AppleWebKit/537.36 (KHTML, like Gecko; compatible; GPTBot/1.2; +https://openai.com/gptbot)" "-"
35.153.213.0 - - [18/Jun/2025:00:41:03 +0200] "GET /show-product/100103-gaa-650-90-aluminium---pvc-automatic-cutting-saw HTTP/1.1" 200 69531 www.mgsaws.com "-" "Mozilla/5.0 (Windows NT 10.0; Win64; x64) AppleWebKit/537.36 (KHTML, like Gecko) Chrome/125.0.6422.68 Safari/537.36" "-"
3.237.199.0 - - [18/Jun/2025:00:41:04 +0200] "GET /news-details/single-head-cutting-machine:-industrial-applications-in-aluminum-cutting-and-pvc-cutting HTTP/1.1" 200 65371 www.mgsaws.com "-" "Mozilla/5.0 (Macintosh; Intel Mac OS X 14_0) AppleWebKit/537.36 (KHTML, like Gecko) Chrome/123.0.6312.138 Safari/537.36" "-"
20.171.207.0 - - [18/Jun/2025:00:41:58 +0200] "GET /all-products/sub/positioning-rollers HTTP/1.1" 429 227 www.mgsaws.com "-" "Mozilla/5.0 AppleWebKit/537.36 (KHTML, like Gecko; compatible; GPTBot/1.2; +https://openai.com/gptbot)" "-"
20.171.207.0 - - [18/Jun/2025:00:43:02 +0200] "GET /all-products/sub/machining-centers HTTP/1.1" 429 227 www.mgsaws.com "-" "Mozilla/5.0 AppleWebKit/537.36 (KHTML, like Gecko; compatible; GPTBot/1.2; +https://openai.com/gptbot)" "-"
5.255.231.0 - - [18/Jun/2025:00:43:32 +0200] "GET /robots.txt HTTP/1.1" 429 227 www.mgsaws.com "-" "Mozilla/5.0 (compatible; YandexBot/3.0; +http://yandex.com/bots)" "-"
20.171.207.0 - - [18/Jun/2025:00:44:04 +0200] "GET /all-products/sub/punching-machine HTTP/1.1" 429 227 www.mgsaws.com "-" "Mozilla/5.0 AppleWebKit/537.36 (KHTML, like Gecko; compatible; GPTBot/1.2; +https://openai.com/gptbot)" "-"
95.108.213.0 - - [18/Jun/2025:00:44:24 +0200] "GET /robots.txt HTTP/1.1" 429 227 www.mgsaws.com "-" "Mozilla/5.0 (compatible; YandexBot/3.0; +http://yandex.com/bots)" "-"
213.180.203.0 - - [18/Jun/2025:00:44:35 +0200] "GET /robots.txt HTTP/1.1" 429 227 www.mgsaws.com "-" "Mozilla/5.0 (compatible; YandexBot/3.0; +http://yandex.com/bots)" "-"
213.180.203.0 - - [18/Jun/2025:00:45:00 +0200] "GET /news-details/automatic-aluminium-cutting-machine-advantages-and-applications HTTP/1.1" 429 227 www.mgsaws.com "-" "Mozilla/5.0 (compatible; YandexBot/3.0; +http://yandex.com/bots)" "-"
20.171.207.0 - - [18/Jun/2025:00:45:07 +0200] "GET /all-products/sub/profile-loader HTTP/1.1" 429 227 www.mgsaws.com "-" "Mozilla/5.0 AppleWebKit/537.36 (KHTML, like Gecko; compatible; GPTBot/1.2; +https://openai.com/gptbot)" "-"
95.108.213.0 - - [18/Jun/2025:00:45:32 +0200] "GET /robots.txt HTTP/1.1" 429 227 www.mgsaws.com "-" "Mozilla/5.0 (compatible; YandexBot/3.0; +http://yandex.com/bots)" "-"
2a03:2880:f800:: - - [18/Jun/2025:00:46:00 +0200] "GET /news-details/automatic-aluminium-cutting-machine-advantages-and-applications HTTP/1.1" 429 227 www.mgsaws.com "-" "meta-externalagent/1.1 (+https://developers.facebook.com/docs/sharing/webmasters/crawler)" "-"
20.171.207.0 - - [18/Jun/2025:00:46:10 +0200] "GET /contact-us HTTP/1.1" 429 227 www.mgsaws.com "-" "Mozilla/5.0 AppleWebKit/537.36 (KHTML, like Gecko; compatible; GPTBot/1.2; +https://openai.com/gptbot)" "-"
20.171.207.0 - - [18/Jun/2025:00:47:13 +0200] "GET /all-products/sub/profile-trolleys HTTP/1.1" 429 227 www.mgsaws.com "-" "Mozilla/5.0 AppleWebKit/537.36 (KHTML, like Gecko; compatible; GPTBot/1.2; +https://openai.com/gptbot)" "-"
5.255.231.0 - - [18/Jun/2025:00:47:32 +0200] "GET /robots.txt HTTP/1.1" 429 227 www.mgsaws.com "-" "Mozilla/5.0 (compatible; YandexBot/3.0; +http://yandex.com/bots)" "-"
3.217.171.0 - - [18/Jun/2025:00:48:18 +0200] "GET /show-product/090155-gaa-500-90-cncaluminium---pvc-automatic-cutting-saw HTTP/1.1" 429 227 www.mgsaws.com "-" "Mozilla/5.0 AppleWebKit/537.36 (KHTML, like Gecko; compatible; Amazonbot/0.1; +https://developer.amazon.com/support/amazonbot) Chrome/119.0.6045.214 Safari/537.36" "-"
167.160.165.0 - - [18/Jun/2025:00:48:56 +0200] "GET / HTTP/1.1" 200 142541 mgsaws.com "-" "Mozilla/5.0 (Windows NT 10.0; Win64; x64; rv:109.0) Gecko/20100101 Firefox/111.0" "-"
43.130.37.0 - - [18/Jun/2025:00:49:09 +0200] "GET /all-products/sub/double-head-cutting-machine HTTP/1.1" 200 48061 mgsaws.com "-" "Mozilla/5.0 (iPhone; CPU iPhone OS 13_2_3 like Mac OS X) AppleWebKit/605.1.15 (KHTML, like Gecko) Version/13.0.3 Mobile/15E148 Safari/604.1" "-"
213.180.203.0 - - [18/Jun/2025:00:49:32 +0200] "GET /robots.txt HTTP/1.1" 429 227 www.mgsaws.com "-" "Mozilla/5.0 (compatible; YandexBot/3.0; +http://yandex.com/bots)" "-"
40.77.167.0 - - [18/Jun/2025:00:50:07 +0200] "GET /all-products/sub/corner-milling-machine HTTP/1.1" 200 48141 mgsaws.com "-" "Mozilla/5.0 AppleWebKit/537.36 (KHTML, like Gecko; compatible; bingbot/2.0; +http://www.bing.com/bingbot.htm) Chrome/116.0.1938.76 Safari/537.36" "-"
213.180.203.0 - - [18/Jun/2025:00:51:32 +0200] "GET /robots.txt HTTP/1.1" 429 227 www.mgsaws.com "-" "Mozilla/5.0 (compatible; YandexBot/3.0; +http://yandex.com/bots)" "-"
5.255.231.0 - - [18/Jun/2025:00:52:25 +0200] "GET /robots.txt HTTP/1.1" 429 227 www.mgsaws.com "-" "Mozilla/5.0 (compatible; YandexBot/3.0; +http://yandex.com/bots)" "-"
2a03:2880:f800:: - - [18/Jun/2025:00:53:10 +0200] "GET /news-details/choosing-the-right-punching-machine:-a-buyer%27s-guide HTTP/1.1" 429 227 www.mgsaws.com "-" "meta-externalagent/1.1 (+https://developers.facebook.com/docs/sharing/webmasters/crawler)" "-"
2a03:2880:f800:: - - [18/Jun/2025:00:53:20 +0200] "GET /news-details/choosing-the-right-punching-machine:-a-buyer's-guide HTTP/1.1" 429 227 www.mgsaws.com "-" "meta-externalagent/1.1 (+https://developers.facebook.com/docs/sharing/webmasters/crawler)" "-"
95.108.213.0 - - [18/Jun/2025:00:53:32 +0200] "GET /robots.txt HTTP/1.1" 429 227 www.mgsaws.com "-" "Mozilla/5.0 (compatible; YandexBot/3.0; +http://yandex.com/bots)" "-"
95.108.213.0 - - [18/Jun/2025:00:53:33 +0200] "GET /show-product/100103-gaa-650-90-aluminium---pvc-automatic-cutting-saw HTTP/1.1" 429 227 www.mgsaws.com "-" "Mozilla/5.0 (compatible; YandexBot/3.0; +http://yandex.com/bots)" "-"
44.211.212.0 - - [18/Jun/2025:00:53:50 +0200] "GET /news-details/a-deep-dive-into-the-applications-and-working-mechanisms-of-a-punching-machine HTTP/1.1" 200 64808 mgsaws.com "-" "Mozilla/5.0 (Windows NT 10.0; Win64; x64) AppleWebKit/537.36 (KHTML, like Gecko) Chrome/124.0.6367.151 Edg/124.21694 Safari/537.36" "-"
44.211.176.0 - - [18/Jun/2025:00:53:51 +0200] "GET /show-product/tlg-352-sa-aluminium-pvc-cutting-machine HTTP/1.1" 200 72330 mgsaws.com "-" "Mozilla/5.0 (Windows NT 10.0; Win64; x64) AppleWebKit/537.36 (KHTML, like Gecko) Chrome/123.0.6312.127 Edg/123.21902 Safari/537.36" "-"
3.94.57.0 - - [18/Jun/2025:00:54:13 +0200] "GET /show-product/050135-duo-550-double-cutting-machine-for-aluminum-pvc-cutting HTTP/1.1" 200 67937 www.mgsaws.com "-" "Mozilla/5.0 (Windows NT 10.0; Win64; x64; rv:126.0.1) Gecko/20100101 Firefox/126.0.1" "-"
5.255.231.0 - - [18/Jun/2025:00:55:01 +0200] "GET /robots.txt HTTP/1.1" 429 227 www.mgsaws.com "-" "Mozilla/5.0 (compatible; YandexBot/3.0; +http://yandex.com/bots)" "-"
213.180.203.0 - - [18/Jun/2025:00:55:14 +0200] "GET /show-product/gaa-350-90-cnc-tr12-yaxis HTTP/1.1" 429 227 www.mgsaws.com "-" "Mozilla/5.0 (compatible; YandexBot/3.0; +http://yandex.com/bots)" "-"
213.180.203.0 - - [18/Jun/2025:00:55:27 +0200] "GET /show-product/100103-gaa-650-90-aluminium---pvc-automatic-cutting-saw HTTP/1.1" 429 227 www.mgsaws.com "-" "Mozilla/5.0 (compatible; YandexBot/3.0; +http://yandex.com/bots)" "-"
5.255.231.0 - - [18/Jun/2025:00:55:32 +0200] "GET /robots.txt HTTP/1.1" 429 227 www.mgsaws.com "-" "Mozilla/5.0 (compatible; YandexBot/3.0; +http://yandex.com/bots)" "-"
213.180.203.0 - - [18/Jun/2025:00:57:01 +0200] "GET /robots.txt HTTP/1.1" 429 227 www.mgsaws.com "-" "Mozilla/5.0 (compatible; YandexBot/3.0; +http://yandex.com/bots)" "-"
2001:ee0:4f00:: - - [18/Jun/2025:00:57:47 +0200] "GET /show-product/070144-duo-450-double-head-cutting-machine-for-aluminum-pvc-cutting HTTP/1.1" 200 66962 mgsaws.com "-" "Mozilla/5.0 (Linux; Android 10; K) AppleWebKit/537.36 (KHTML, like Gecko) Chrome/122.0.0.0 Mobile Safari/537.36" "-"
213.180.203.0 - - [18/Jun/2025:00:59:01 +0200] "GET /robots.txt HTTP/1.1" 429 227 www.mgsaws.com "-" "Mozilla/5.0 (compatible; YandexBot/3.0; +http://yandex.com/bots)" "-"
213.180.203.0 - - [18/Jun/2025:00:59:32 +0200] "GET /robots.txt HTTP/1.1" 429 227 www.mgsaws.com "-" "Mozilla/5.0 (compatible; YandexBot/3.0; +http://yandex.com/bots)" "-"
2a03:2880:f800:: - - [18/Jun/2025:00:59:42 +0200] "GET /show-product/front-450-aluminium-pvc-cutting-machine-with-frontal-blade HTTP/1.1" 429 227 www.mgsaws.com "-" "meta-externalagent/1.1 (+https://developers.facebook.com/docs/sharing/webmasters/crawler)" "-"
5.255.231.0 - - [18/Jun/2025:01:01:01 +0200] "GET /robots.txt HTTP/1.1" 429 227 www.mgsaws.com "-" "Mozilla/5.0 (compatible; YandexBot/3.0; +http://yandex.com/bots)" "-"
43.159.132.0 - - [18/Jun/2025:01:02:46 +0200] "GET /search HTTP/1.1" 404 6609 mgsaws.com "-" "Mozilla/5.0 (iPhone; CPU iPhone OS 13_2_3 like Mac OS X) AppleWebKit/605.1.15 (KHTML, like Gecko) Version/13.0.3 Mobile/15E148 Safari/604.1" "-"
87.250.224.0 - - [18/Jun/2025:01:03:01 +0200] "GET /robots.txt HTTP/1.1" 429 227 www.mgsaws.com "-" "Mozilla/5.0 (compatible; YandexBot/3.0; +http://yandex.com/bots)" "-"
5.255.231.0 - - [18/Jun/2025:01:05:01 +0200] "GET /robots.txt HTTP/1.1" 429 227 www.mgsaws.com "-" "Mozilla/5.0 (compatible; YandexBot/3.0; +http://yandex.com/bots)" "-"
213.180.203.0 - - [18/Jun/2025:01:05:01 +0200] "GET /show-product/p-3000-g-3-tn-pneumatic-press-for-aluminum-profiles HTTP/1.1" 429 227 www.mgsaws.com "-" "Mozilla/5.0 (compatible; YandexBot/3.0; +http://yandex.com/bots)" "-"
213.180.203.0 - - [18/Jun/2025:01:05:02 +0200] "GET /show-product/p-8000-g-8-tn-pneumatic-press-for-aluminum-profiles-punching-works HTTP/1.1" 429 227 www.mgsaws.com "-" "Mozilla/5.0 (compatible; YandexBot/3.0; +http://yandex.com/bots)" "-"
2a03:2880:f800:: - - [18/Jun/2025:01:05:25 +0200] "GET / HTTP/1.1" 429 227 www.mgsaws.com "-" "meta-externalagent/1.1 (+https://developers.facebook.com/docs/sharing/webmasters/crawler)" "-"
213.180.203.0 - - [18/Jun/2025:01:06:08 +0200] "GET /show-product/p-8000-g-8-tn-pneumatic-press-for-aluminum-profiles-punching-works HTTP/1.1" 429 227 www.mgsaws.com "-" "Mozilla/5.0 (compatible; YandexBot/3.0; +http://yandex.com/bots)" "-"
87.250.224.0 - - [18/Jun/2025:01:07:01 +0200] "GET /robots.txt HTTP/1.1" 429 227 www.mgsaws.com "-" "Mozilla/5.0 (compatible; YandexBot/3.0; +http://yandex.com/bots)" "-"
5.255.231.0 - - [18/Jun/2025:01:07:33 +0200] "GET /robots.txt HTTP/1.1" 429 227 www.mgsaws.com "-" "Mozilla/5.0 (compatible; YandexBot/3.0; +http://yandex.com/bots)" "-"
2a03:2880:1100:: - - [18/Jun/2025:01:10:29 +0200] "GET /robots.txt HTTP/1.1" 206 26 www.mgsaws.com "-" "facebookexternalhit/1.1 (+http://www.facebook.com/externalhit_uatext.php)" "-"
43.130.40.0 - - [18/Jun/2025:01:10:52 +0200] "GET /show-product/100106-gaa-600-90-cncaluminium---pvc-automatic-cutting-saw HTTP/1.1" 200 70473 mgsaws.com "-" "Mozilla/5.0 (iPhone; CPU iPhone OS 13_2_3 like Mac OS X) AppleWebKit/605.1.15 (KHTML, like Gecko) Version/13.0.3 Mobile/15E148 Safari/604.1" "-"
213.180.203.0 - - [18/Jun/2025:01:11:01 +0200] "GET /robots.txt HTTP/1.1" 429 227 www.mgsaws.com "-" "Mozilla/5.0 (compatible; YandexBot/3.0; +http://yandex.com/bots)" "-"
43.153.10.0 - - [18/Jun/2025:01:13:42 +0200] "GET / HTTP/1.1" 200 144109 www.mgsaws.com "-" "Mozilla/5.0 (iPhone; CPU iPhone OS 13_2_3 like Mac OS X) AppleWebKit/605.1.15 (KHTML, like Gecko) Version/13.0.3 Mobile/15E148 Safari/604.1" "-"
5.255.231.0 - - [18/Jun/2025:01:18:12 +0200] "GET /all-products/sub/punching-machine HTTP/1.1" 429 227 www.mgsaws.com "-" "Mozilla/5.0 (compatible; YandexBot/3.0; +http://yandex.com/bots)" "-"
95.108.213.0 - - [18/Jun/2025:01:19:02 +0200] "GET /robots.txt HTTP/1.1" 429 227 www.mgsaws.com "-" "Mozilla/5.0 (compatible; YandexBot/3.0; +http://yandex.com/bots)" "-"
43.153.54.0 - - [18/Jun/2025:01:20:36 +0200] "GET /all-all-products/sub/positioning-rollers HTTP/1.1" 404 6609 www.mgsaws.com "-" "Mozilla/5.0 (iPhone; CPU iPhone OS 13_2_3 like Mac OS X) AppleWebKit/605.1.15 (KHTML, like Gecko) Version/13.0.3 Mobile/15E148 Safari/604.1" "-"
4.227.36.0 - - [18/Jun/2025:01:24:50 +0200] "GET /robots.txt HTTP/1.1" 429 227 mgsaws.com "-" "Mozilla/5.0 AppleWebKit/537.36 (KHTML, like Gecko; compatible; GPTBot/1.2; +https://openai.com/gptbot)" "-"
135.234.64.0 - - [18/Jun/2025:01:24:50 +0200] "GET /show-product/050135-duo-550-double-cutting-machine-for-aluminum-pvc-cutting HTTP/1.1" 200 67937 www.mgsaws.com "-" "Mozilla/5.0 (Macintosh; Intel Mac OS X 10_15_7) AppleWebKit/537.36 (KHTML, like Gecko) Chrome/131.0.0.0 Safari/537.36; compatible; OAI-SearchBot/1.0; +https://openai.com/searchbot" "-"
135.234.64.0 - - [18/Jun/2025:01:24:51 +0200] "GET /all-products/sub/double-head-cutting-machine HTTP/1.1" 200 48151 mgsaws.com "-" "Mozilla/5.0 (Macintosh; Intel Mac OS X 10_15_7) AppleWebKit/537.36 (KHTML, like Gecko) Chrome/131.0.0.0 Safari/537.36; compatible; OAI-SearchBot/1.0; +https://openai.com/searchbot" "-"
20.171.207.0 - - [18/Jun/2025:01:24:52 +0200] "GET /storage/productgraph/20230109052753.jpg HTTP/1.1" 429 227 www.mgsaws.com "-" "Mozilla/5.0 AppleWebKit/537.36 (KHTML, like Gecko; compatible; GPTBot/1.2; +https://openai.com/gptbot)" "-"
20.171.207.0 - - [18/Jun/2025:01:24:53 +0200] "GET /show-product/070144-duo-450-double-head-cutting-machine-for-aluminum-pvc-cutting HTTP/1.1" 429 227 mgsaws.com "-" "Mozilla/5.0 AppleWebKit/537.36 (KHTML, like Gecko; compatible; GPTBot/1.2; +https://openai.com/gptbot)" "-"
135.234.64.0 - - [18/Jun/2025:01:24:53 +0200] "GET /storage/productimage/20230109053251.jpg HTTP/1.1" 200 101909 www.mgsaws.com "-" "Mozilla/5.0 (Macintosh; Intel Mac OS X 10_15_7) AppleWebKit/537.36 (KHTML, like Gecko) Chrome/131.0.0.0 Safari/537.36; compatible; OAI-SearchBot/1.0; +https://openai.com/searchbot" "-"
20.171.207.0 - - [18/Jun/2025:01:24:54 +0200] "GET /storage/productgraph/20230109052516.jpg HTTP/1.1" 429 227 www.mgsaws.com "-" "Mozilla/5.0 AppleWebKit/537.36 (KHTML, like Gecko; compatible; GPTBot/1.2; +https://openai.com/gptbot)" "-"
135.234.64.0 - - [18/Jun/2025:01:24:56 +0200] "GET /storage/productgraph/20230109052753.jpg HTTP/1.1" 200 61087 www.mgsaws.com "-" "Mozilla/5.0 (Macintosh; Intel Mac OS X 10_15_7) AppleWebKit/537.36 (KHTML, like Gecko) Chrome/131.0.0.0 Safari/537.36; compatible; OAI-SearchBot/1.0; +https://openai.com/searchbot" "-"
20.171.207.0 - - [18/Jun/2025:01:24:56 +0200] "GET /faq HTTP/1.1" 429 227 mgsaws.com "-" "Mozilla/5.0 AppleWebKit/537.36 (KHTML, like Gecko; compatible; GPTBot/1.2; +https://openai.com/gptbot)" "-"
135.234.64.0 - - [18/Jun/2025:01:24:59 +0200] "GET /storage/productimage/20230109053149.jpg HTTP/1.1" 200 121241 www.mgsaws.com "-" "Mozilla/5.0 (Macintosh; Intel Mac OS X 10_15_7) AppleWebKit/537.36 (KHTML, like Gecko) Chrome/131.0.0.0 Safari/537.36; compatible; OAI-SearchBot/1.0; +https://openai.com/searchbot" "-"
135.234.64.0 - - [18/Jun/2025:01:25:01 +0200] "GET /storage/productgraph/20230109052507.jpg HTTP/1.1" 200 85597 www.mgsaws.com "-" "Mozilla/5.0 (Macintosh; Intel Mac OS X 10_15_7) AppleWebKit/537.36 (KHTML, like Gecko) Chrome/131.0.0.0 Safari/537.36; compatible; OAI-SearchBot/1.0; +https://openai.com/searchbot" "-"
135.234.64.0 - - [18/Jun/2025:01:25:03 +0200] "GET /storage/productimage/20230109053211.jpg HTTP/1.1" 200 209169 www.mgsaws.com "-" "Mozilla/5.0 (Macintosh; Intel Mac OS X 10_15_7) AppleWebKit/537.36 (KHTML, like Gecko) Chrome/131.0.0.0 Safari/537.36; compatible; OAI-SearchBot/1.0; +https://openai.com/searchbot" "-"
20.171.207.0 - - [18/Jun/2025:01:25:04 +0200] "GET /storage/productgraph/20230109052507.jpg HTTP/1.1" 429 227 www.mgsaws.com "-" "Mozilla/5.0 AppleWebKit/537.36 (KHTML, like Gecko; compatible; GPTBot/1.2; +https://openai.com/gptbot)" "-"
135.234.64.0 - - [18/Jun/2025:01:25:05 +0200] "GET /storage/productimage/20230109053315.jpg HTTP/1.1" 200 115722 www.mgsaws.com "-" "Mozilla/5.0 (Macintosh; Intel Mac OS X 10_15_7) AppleWebKit/537.36 (KHTML, like Gecko) Chrome/131.0.0.0 Safari/537.36; compatible; OAI-SearchBot/1.0; +https://openai.com/searchbot" "-"
20.171.207.0 - - [18/Jun/2025:01:25:06 +0200] "GET /gallery HTTP/1.1" 429 227 mgsaws.com "-" "Mozilla/5.0 AppleWebKit/537.36 (KHTML, like Gecko; compatible; GPTBot/1.2; +https://openai.com/gptbot)" "-"
135.234.64.0 - - [18/Jun/2025:01:25:06 +0200] "GET /storage/pdf/1673242124_107.pdf HTTP/1.1" 200 702852 www.mgsaws.com "-" "Mozilla/5.0 (Macintosh; Intel Mac OS X 10_15_7) AppleWebKit/537.36 (KHTML, like Gecko) Chrome/131.0.0.0 Safari/537.36; compatible; OAI-SearchBot/1.0; +https://openai.com/searchbot" "-"
135.234.64.0 - - [18/Jun/2025:01:25:08 +0200] "GET /storage/productgraph/20230109052516.jpg HTTP/1.1" 200 25915 www.mgsaws.com "-" "Mozilla/5.0 (Macintosh; Intel Mac OS X 10_15_7) AppleWebKit/537.36 (KHTML, like Gecko) Chrome/131.0.0.0 Safari/537.36; compatible; OAI-SearchBot/1.0; +https://openai.com/searchbot" "-"
20.171.207.0 - - [18/Jun/2025:01:25:33 +0200] "GET /storage/productimage/20230109053211.jpg HTTP/1.1" 429 227 www.mgsaws.com "-" "Mozilla/5.0 AppleWebKit/537.36 (KHTML, like Gecko; compatible; GPTBot/1.2; +https://openai.com/gptbot)" "-"
20.171.207.0 - - [18/Jun/2025:01:25:34 +0200] "GET /terms-and-conditions HTTP/1.1" 429 227 mgsaws.com "-" "Mozilla/5.0 AppleWebKit/537.36 (KHTML, like Gecko; compatible; GPTBot/1.2; +https://openai.com/gptbot)" "-"
20.171.207.0 - - [18/Jun/2025:01:26:36 +0200] "GET /about-us HTTP/1.1" 429 227 mgsaws.com "-" "Mozilla/5.0 AppleWebKit/537.36 (KHTML, like Gecko; compatible; GPTBot/1.2; +https://openai.com/gptbot)" "-"
20.171.207.0 - - [18/Jun/2025:01:26:37 +0200] "GET /storage/productimage/20230109053315.jpg HTTP/1.1" 429 227 www.mgsaws.com "-" "Mozilla/5.0 AppleWebKit/537.36 (KHTML, like Gecko; compatible; GPTBot/1.2; +https://openai.com/gptbot)" "-"
213.180.203.0 - - [18/Jun/2025:01:27:14 +0200] "GET /show-product/050135-duo-550-double-cutting-machine-for-aluminum-pvc-cutting HTTP/1.1" 429 227 www.mgsaws.com "-" "Mozilla/5.0 (compatible; YandexBot/3.0; +http://yandex.com/bots)" "-"
20.171.207.0 - - [18/Jun/2025:01:27:39 +0200] "GET /storage/productimage/20230109053149.jpg HTTP/1.1" 429 227 www.mgsaws.com "-" "Mozilla/5.0 AppleWebKit/537.36 (KHTML, like Gecko; compatible; GPTBot/1.2; +https://openai.com/gptbot)" "-"
20.171.207.0 - - [18/Jun/2025:01:27:40 +0200] "GET /privacy-policy HTTP/1.1" 429 227 mgsaws.com "-" "Mozilla/5.0 AppleWebKit/537.36 (KHTML, like Gecko; compatible; GPTBot/1.2; +https://openai.com/gptbot)" "-"
20.171.207.0 - - [18/Jun/2025:01:28:41 +0200] "GET /load HTTP/1.1" 429 227 mgsaws.com "-" "Mozilla/5.0 AppleWebKit/537.36 (KHTML, like Gecko; compatible; GPTBot/1.2; +https://openai.com/gptbot)" "-"
20.171.207.0 - - [18/Jun/2025:01:28:45 +0200] "GET /all-products HTTP/1.1" 429 227 www.mgsaws.com "-" "Mozilla/5.0 AppleWebKit/537.36 (KHTML, like Gecko; compatible; GPTBot/1.2; +https://openai.com/gptbot)" "-"
20.171.207.0 - - [18/Jun/2025:01:29:41 +0200] "GET /blogs HTTP/1.1" 429 227 mgsaws.com "-" "Mozilla/5.0 AppleWebKit/537.36 (KHTML, like Gecko; compatible; GPTBot/1.2; +https://openai.com/gptbot)" "-"
20.171.207.0 - - [18/Jun/2025:01:29:47 +0200] "GET /terms-and-conditions HTTP/1.1" 429 227 www.mgsaws.com "-" "Mozilla/5.0 AppleWebKit/537.36 (KHTML, like Gecko; compatible; GPTBot/1.2; +https://openai.com/gptbot)" "-"
43.167.232.0 - - [18/Jun/2025:01:30:12 +0200] "GET /all-all-products/sub/machining-centers HTTP/1.1" 404 6609 www.mgsaws.com "-" "Mozilla/5.0 (iPhone; CPU iPhone OS 13_2_3 like Mac OS X) AppleWebKit/605.1.15 (KHTML, like Gecko) Version/13.0.3 Mobile/15E148 Safari/604.1" "-"
20.171.207.0 - - [18/Jun/2025:01:30:45 +0200] "GET /all-products HTTP/1.1" 429 227 mgsaws.com "-" "Mozilla/5.0 AppleWebKit/537.36 (KHTML, like Gecko; compatible; GPTBot/1.2; +https://openai.com/gptbot)" "-"
20.171.207.0 - - [18/Jun/2025:01:30:51 +0200] "GET /faq HTTP/1.1" 429 227 www.mgsaws.com "-" "Mozilla/5.0 AppleWebKit/537.36 (KHTML, like Gecko; compatible; GPTBot/1.2; +https://openai.com/gptbot)" "-"
2a03:2880:f800:: - - [18/Jun/2025:01:31:25 +0200] "GET /show-product/p-3300-g-33-tn-pneumatic-punching-machine-for-aluminum-profiles HTTP/1.1" 429 227 mgsaws.com "-" "meta-externalagent/1.1 (+https://developers.facebook.com/docs/sharing/webmasters/crawler)" "-"
20.171.207.0 - - [18/Jun/2025:01:31:50 +0200] "GET /all-products/sub/automatic-cutting-and-drilling-machine HTTP/1.1" 429 227 mgsaws.com "-" "Mozilla/5.0 AppleWebKit/537.36 (KHTML, like Gecko; compatible; GPTBot/1.2; +https://openai.com/gptbot)" "-"
20.171.207.0 - - [18/Jun/2025:01:31:57 +0200] "GET /about-us HTTP/1.1" 429 227 www.mgsaws.com "-" "Mozilla/5.0 AppleWebKit/537.36 (KHTML, like Gecko; compatible; GPTBot/1.2; +https://openai.com/gptbot)" "-"
20.171.207.0 - - [18/Jun/2025:01:32:50 +0200] "GET /show-product/050135-duo-550-double-cutting-machine-for-aluminum-pvc-cutting HTTP/1.1" 429 227 mgsaws.com "-" "Mozilla/5.0 AppleWebKit/537.36 (KHTML, like Gecko; compatible; GPTBot/1.2; +https://openai.com/gptbot)" "-"
20.171.207.0 - - [18/Jun/2025:01:32:59 +0200] "GET /gallery HTTP/1.1" 429 227 www.mgsaws.com "-" "Mozilla/5.0 AppleWebKit/537.36 (KHTML, like Gecko; compatible; GPTBot/1.2; +https://openai.com/gptbot)" "-"
20.171.207.0 - - [18/Jun/2025:01:34:53 +0200] "GET /all-products/sub/automatic-cutting-machine HTTP/1.1" 429 227 mgsaws.com "-" "Mozilla/5.0 AppleWebKit/537.36 (KHTML, like Gecko; compatible; GPTBot/1.2; +https://openai.com/gptbot)" "-"
5.255.231.0 - - [18/Jun/2025:01:35:02 +0200] "GET /robots.txt HTTP/1.1" 429 227 www.mgsaws.com "-" "Mozilla/5.0 (compatible; YandexBot/3.0; +http://yandex.com/bots)" "-"
20.171.207.0 - - [18/Jun/2025:01:35:05 +0200] "GET /blogs HTTP/1.1" 429 227 www.mgsaws.com "-" "Mozilla/5.0 AppleWebKit/537.36 (KHTML, like Gecko; compatible; GPTBot/1.2; +https://openai.com/gptbot)" "-"
20.171.207.0 - - [18/Jun/2025:01:36:34 +0200] "GET /all-products/sub/automatic-cutting-and-drilling-machine HTTP/1.1" 429 227 www.mgsaws.com "-" "Mozilla/5.0 AppleWebKit/537.36 (KHTML, like Gecko; compatible; GPTBot/1.2; +https://openai.com/gptbot)" "-"
20.171.207.0 - - [18/Jun/2025:01:36:55 +0200] "GET /all-products/sub/single-head-cutting-machine HTTP/1.1" 429 227 mgsaws.com "-" "Mozilla/5.0 AppleWebKit/537.36 (KHTML, like Gecko; compatible; GPTBot/1.2; +https://openai.com/gptbot)" "-"
20.171.207.0 - - [18/Jun/2025:01:37:00 +0200] "GET /all-products/sub/automatic-cutting-90-degree-machine HTTP/1.1" 429 227 mgsaws.com "-" "Mozilla/5.0 AppleWebKit/537.36 (KHTML, like Gecko; compatible; GPTBot/1.2; +https://openai.com/gptbot)" "-"
20.171.207.0 - - [18/Jun/2025:01:37:06 +0200] "GET /privacy-policy HTTP/1.1" 429 227 www.mgsaws.com "-" "Mozilla/5.0 AppleWebKit/537.36 (KHTML, like Gecko; compatible; GPTBot/1.2; +https://openai.com/gptbot)" "-"
20.171.207.0 - - [18/Jun/2025:01:38:01 +0200] "GET /all-products/sub/automatic-miter-cutting HTTP/1.1" 429 227 mgsaws.com "-" "Mozilla/5.0 AppleWebKit/537.36 (KHTML, like Gecko; compatible; GPTBot/1.2; +https://openai.com/gptbot)" "-"
20.171.207.0 - - [18/Jun/2025:01:38:09 +0200] "GET /show-product/070144-duo-450-double-head-cutting-machine-for-aluminum-pvc-cutting HTTP/1.1" 429 227 www.mgsaws.com "-" "Mozilla/5.0 AppleWebKit/537.36 (KHTML, like Gecko; compatible; GPTBot/1.2; +https://openai.com/gptbot)" "-"
207.46.13.0 - - [18/Jun/2025:01:38:22 +0200] "GET /all-products/sub/automatic-cutting-and-drilling HTTP/1.1" 301 286 mgsaws.com "-" "Mozilla/5.0 AppleWebKit/537.36 (KHTML, like Gecko; compatible; bingbot/2.0; +http://www.bing.com/bingbot.htm) Chrome/116.0.1938.76 Safari/537.36" "-"
207.46.13.0 - - [18/Jun/2025:01:38:31 +0200] "GET /all-products/sub/automatic-cutting-and-drilling-machine HTTP/1.1" 200 48385 www.mgsaws.com "-" "Mozilla/5.0 AppleWebKit/537.36 (KHTML, like Gecko; compatible; bingbot/2.0; +http://www.bing.com/bingbot.htm) Chrome/116.0.1938.76 Safari/537.36" "-"
20.171.207.0 - - [18/Jun/2025:01:39:02 +0200] "GET /all-products/sub/corner-milling-machine HTTP/1.1" 429 227 mgsaws.com "-" "Mozilla/5.0 AppleWebKit/537.36 (KHTML, like Gecko; compatible; GPTBot/1.2; +https://openai.com/gptbot)" "-"
13.250.132.0 - - [18/Jun/2025:01:39:10 +0200] "GET /storage/product/20211019095504.jpg HTTP/1.1" 200 29259 www.mgsaws.com "-" "Mozilla/5.0 (compatible; imageSpider; scrapedia-receive@bytedance.com)" "-"
52.74.247.0 - - [18/Jun/2025:01:39:15 +0200] "GET /storage/product/20211102063710.jpg HTTP/1.1" 200 33081 www.mgsaws.com "-" "Mozilla/5.0 (compatible; imageSpider; scrapedia-receive@bytedance.com)" "-"
20.171.207.0 - - [18/Jun/2025:01:39:15 +0200] "GET /all-products/sub/automatic-miter-cutting HTTP/1.1" 429 227 www.mgsaws.com "-" "Mozilla/5.0 AppleWebKit/537.36 (KHTML, like Gecko; compatible; GPTBot/1.2; +https://openai.com/gptbot)" "-"
124.156.157.0 - - [18/Jun/2025:01:39:49 +0200] "GET /all-all-products/sub/profile-trolleys HTTP/1.1" 404 6609 www.mgsaws.com "-" "Mozilla/5.0 (iPhone; CPU iPhone OS 13_2_3 like Mac OS X) AppleWebKit/605.1.15 (KHTML, like Gecko) Version/13.0.3 Mobile/15E148 Safari/604.1" "-"
20.171.207.0 - - [18/Jun/2025:01:40:04 +0200] "GET /all-products/sub/positioning-rollers HTTP/1.1" 429 227 mgsaws.com "-" "Mozilla/5.0 AppleWebKit/537.36 (KHTML, like Gecko; compatible; GPTBot/1.2; +https://openai.com/gptbot)" "-"
20.171.207.0 - - [18/Jun/2025:01:40:19 +0200] "GET /all-products/sub/corner-milling-machine HTTP/1.1" 429 227 www.mgsaws.com "-" "Mozilla/5.0 AppleWebKit/537.36 (KHTML, like Gecko; compatible; GPTBot/1.2; +https://openai.com/gptbot)" "-"
47.84.160.0 - - [18/Jun/2025:01:40:22 +0200] "GET /storage/pdf/1673247664_109.pdf HTTP/1.1" 429 227 mgsaws.com "-" "Mozilla/5.0 (Windows NT 5.1) AppleWebKit/537.36 (KHTML, like Gecko) Internet Explorer/97.0.1819.88 Safari/537.36" "-"
54.255.157.0 - - [18/Jun/2025:01:40:36 +0200] "GET /frontend/img/technology.png HTTP/1.1" 200 4570 mgsaws.com "-" "Mozilla/5.0 (compatible; imageSpider; scrapedia-receive@bytedance.com)" "-"
5.255.231.0 - - [18/Jun/2025:01:41:01 +0200] "GET /robots.txt HTTP/1.1" 429 227 www.mgsaws.com "-" "Mozilla/5.0 (compatible; YandexBot/3.0; +http://yandex.com/bots)" "-"
20.171.207.0 - - [18/Jun/2025:01:41:08 +0200] "GET /all-products/sub/machining-centers HTTP/1.1" 429 227 mgsaws.com "-" "Mozilla/5.0 AppleWebKit/537.36 (KHTML, like Gecko; compatible; GPTBot/1.2; +https://openai.com/gptbot)" "-"
20.171.207.0 - - [18/Jun/2025:01:41:24 +0200] "GET /all-products/sub/positioning-rollers HTTP/1.1" 429 227 www.mgsaws.com "-" "Mozilla/5.0 AppleWebKit/537.36 (KHTML, like Gecko; compatible; GPTBot/1.2; +https://openai.com/gptbot)" "-"
20.171.207.0 - - [18/Jun/2025:01:42:09 +0200] "GET /all-products/sub/punching-machine HTTP/1.1" 429 227 mgsaws.com "-" "Mozilla/5.0 AppleWebKit/537.36 (KHTML, like Gecko; compatible; GPTBot/1.2; +https://openai.com/gptbot)" "-"
20.171.207.0 - - [18/Jun/2025:01:42:28 +0200] "GET /all-products/sub/machining-centers HTTP/1.1" 429 227 www.mgsaws.com "-" "Mozilla/5.0 AppleWebKit/537.36 (KHTML, like Gecko; compatible; GPTBot/1.2; +https://openai.com/gptbot)" "-"
213.180.203.0 - - [18/Jun/2025:01:43:01 +0200] "GET /robots.txt HTTP/1.1" 429 227 www.mgsaws.com "-" "Mozilla/5.0 (compatible; YandexBot/3.0; +http://yandex.com/bots)" "-"
20.171.207.0 - - [18/Jun/2025:01:43:10 +0200] "GET /all-products/sub/assembly-tables HTTP/1.1" 429 227 mgsaws.com "-" "Mozilla/5.0 AppleWebKit/537.36 (KHTML, like Gecko; compatible; GPTBot/1.2; +https://openai.com/gptbot)" "-"
20.171.207.0 - - [18/Jun/2025:01:43:30 +0200] "GET /all-products/sub/punching-machine HTTP/1.1" 429 227 www.mgsaws.com "-" "Mozilla/5.0 AppleWebKit/537.36 (KHTML, like Gecko; compatible; GPTBot/1.2; +https://openai.com/gptbot)" "-"
20.171.207.0 - - [18/Jun/2025:01:44:16 +0200] "GET /all-products/sub/corner-crimping-machines HTTP/1.1" 429 227 mgsaws.com "-" "Mozilla/5.0 AppleWebKit/537.36 (KHTML, like Gecko; compatible; GPTBot/1.2; +https://openai.com/gptbot)" "-"
20.171.207.0 - - [18/Jun/2025:01:44:31 +0200] "GET /sendinterest HTTP/1.1" 429 227 www.mgsaws.com "-" "Mozilla/5.0 AppleWebKit/537.36 (KHTML, like Gecko; compatible; GPTBot/1.2; +https://openai.com/gptbot)" "-"
213.180.203.0 - - [18/Jun/2025:01:45:01 +0200] "GET /robots.txt HTTP/1.1" 429 227 www.mgsaws.com "-" "Mozilla/5.0 (compatible; YandexBot/3.0; +http://yandex.com/bots)" "-"
20.171.207.0 - - [18/Jun/2025:01:45:16 +0200] "GET /all-products/sub/copy-routers HTTP/1.1" 429 227 mgsaws.com "-" "Mozilla/5.0 AppleWebKit/537.36 (KHTML, like Gecko; compatible; GPTBot/1.2; +https://openai.com/gptbot)" "-"
20.171.207.0 - - [18/Jun/2025:01:45:33 +0200] "GET /all-products/sub/profile-loader HTTP/1.1" 429 227 www.mgsaws.com "-" "Mozilla/5.0 AppleWebKit/537.36 (KHTML, like Gecko; compatible; GPTBot/1.2; +https://openai.com/gptbot)" "-"
20.171.207.0 - - [18/Jun/2025:01:46:17 +0200] "GET /all-products/sub/gaa-solar HTTP/1.1" 429 227 mgsaws.com "-" "Mozilla/5.0 AppleWebKit/537.36 (KHTML, like Gecko; compatible; GPTBot/1.2; +https://openai.com/gptbot)" "-"
20.171.207.0 - - [18/Jun/2025:01:46:37 +0200] "GET /contact-us HTTP/1.1" 429 227 www.mgsaws.com "-" "Mozilla/5.0 AppleWebKit/537.36 (KHTML, like Gecko; compatible; GPTBot/1.2; +https://openai.com/gptbot)" "-"
2602:ffe4:: - - [18/Jun/2025:01:46:56 +0200] "GET /storage/pdf/1673345336_116.pdf HTTP/1.1" 429 227 mgsaws.com "-" "Mozilla/5.0 (Linux; Android 5.0) AppleWebKit/537.36 (KHTML, like Gecko) Mobile Safari/537.36 (compatible; Bytespider; spider-feedback@bytedance.com)" "-"
5.255.231.0 - - [18/Jun/2025:01:47:01 +0200] "GET /robots.txt HTTP/1.1" 429 227 www.mgsaws.com "-" "Mozilla/5.0 (compatible; YandexBot/3.0; +http://yandex.com/bots)" "-"
5.255.231.0 - - [18/Jun/2025:01:49:01 +0200] "GET /robots.txt HTTP/1.1" 429 227 www.mgsaws.com "-" "Mozilla/5.0 (compatible; YandexBot/3.0; +http://yandex.com/bots)" "-"
5.255.231.0 - - [18/Jun/2025:01:51:01 +0200] "GET /robots.txt HTTP/1.1" 429 227 www.mgsaws.com "-" "Mozilla/5.0 (compatible; YandexBot/3.0; +http://yandex.com/bots)" "-"
95.108.213.0 - - [18/Jun/2025:01:51:02 +0200] "GET /show-product/tl-500-aa-aluminium-pvc-automatic-cutting-machine HTTP/1.1" 429 227 www.mgsaws.com "-" "Mozilla/5.0 (compatible; YandexBot/3.0; +http://yandex.com/bots)" "-"
43.135.140.0 - - [18/Jun/2025:01:51:22 +0200] "GET /faq HTTP/1.1" 200 50906 mgsaws.com "-" "Mozilla/5.0 (iPhone; CPU iPhone OS 13_2_3 like Mac OS X) AppleWebKit/605.1.15 (KHTML, like Gecko) Version/13.0.3 Mobile/15E148 Safari/604.1" "-"
87.250.224.0 - - [18/Jun/2025:01:51:34 +0200] "GET /show-product/tl-500-aa-aluminium-pvc-automatic-cutting-machine HTTP/1.1" 429 227 www.mgsaws.com "-" "Mozilla/5.0 (compatible; YandexBot/3.0; +http://yandex.com/bots)" "-"
87.250.224.0 - - [18/Jun/2025:01:53:01 +0200] "GET /robots.txt HTTP/1.1" 429 227 www.mgsaws.com "-" "Mozilla/5.0 (compatible; YandexBot/3.0; +http://yandex.com/bots)" "-"
156.59.198.0 - - [18/Jun/2025:01:53:57 +0200] "GET /storage/pdf/20211116093234.pdf HTTP/1.1" 429 227 mgsaws.com "-" "Mozilla/5.0 (Linux; Android 5.0) AppleWebKit/537.36 (KHTML, like Gecko) Mobile Safari/537.36 (compatible; Bytespider; spider-feedback@bytedance.com)" "-"
2a03:2880:f800:: - - [18/Jun/2025:01:54:43 +0200] "GET /show-product/tndg-manual-positioning-measurement-system-with-handwheel-and-pneumatic-fixing-with-linear-encoder-and-digital-display HTTP/1.1" 429 227 mgsaws.com "-" "meta-externalagent/1.1 (+https://developers.facebook.com/docs/sharing/webmasters/crawler)" "-"
5.255.231.0 - - [18/Jun/2025:01:57:02 +0200] "GET /robots.txt HTTP/1.1" 429 227 www.mgsaws.com "-" "Mozilla/5.0 (compatible; YandexBot/3.0; +http://yandex.com/bots)" "-"
95.108.213.0 - - [18/Jun/2025:01:57:40 +0200] "GET /robots.txt HTTP/1.1" 429 227 www.mgsaws.com "-" "Mozilla/5.0 (compatible; YandexBot/3.0; +http://yandex.com/bots)" "-"
20.171.207.0 - - [18/Jun/2025:01:59:11 +0200] "GET /sendinterest HTTP/1.1" 429 227 www.mgsaws.com "-" "Mozilla/5.0 AppleWebKit/537.36 (KHTML, like Gecko; compatible; GPTBot/1.2; +https://openai.com/gptbot)" "-"
20.171.207.0 - - [18/Jun/2025:01:59:15 +0200] "GET /about-us HTTP/1.1" 429 227 www.mgsaws.com "-" "Mozilla/5.0 AppleWebKit/537.36 (KHTML, like Gecko; compatible; GPTBot/1.2; +https://openai.com/gptbot)" "-"
20.171.207.0 - - [18/Jun/2025:01:59:23 +0200] "GET /terms-and-conditions HTTP/1.1" 429 227 www.mgsaws.com "-" "Mozilla/5.0 AppleWebKit/537.36 (KHTML, like Gecko; compatible; GPTBot/1.2; +https://openai.com/gptbot)" "-"
95.108.213.0 - - [18/Jun/2025:01:59:40 +0200] "GET /robots.txt HTTP/1.1" 429 227 www.mgsaws.com "-" "Mozilla/5.0 (compatible; YandexBot/3.0; +http://yandex.com/bots)" "-"
