20.171.207.0 - - [18/Jun/2025:01:59:52 +0200] "GET /all-products HTTP/1.1" 429 227 www.mgsaws.com "-" "Mozilla/5.0 AppleWebKit/537.36 (KHTML, like Gecko; compatible; GPTBot/1.2; +https://openai.com/gptbot)" "-"
20.171.207.0 - - [18/Jun/2025:02:00:24 +0200] "GET /gallery HTTP/1.1" 429 227 mgsaws.com "-" "Mozilla/5.0 AppleWebKit/537.36 (KHTML, like Gecko; compatible; GPTBot/1.2; +https://openai.com/gptbot)" "-"
43.167.236.0 - - [18/Jun/2025:02:00:45 +0200] "GET /all-products/sub/profile-trolleys HTTP/1.1" 200 46988 mgsaws.com "-" "Mozilla/5.0 (iPhone; CPU iPhone OS 13_2_3 like Mac OS X) AppleWebKit/605.1.15 (KHTML, like Gecko) Version/13.0.3 Mobile/15E148 Safari/604.1" "-"
20.171.207.0 - - [18/Jun/2025:02:00:56 +0200] "GET /privacy-policy HTTP/1.1" 429 227 www.mgsaws.com "-" "Mozilla/5.0 AppleWebKit/537.36 (KHTML, like Gecko; compatible; GPTBot/1.2; +https://openai.com/gptbot)" "-"
87.250.224.0 - - [18/Jun/2025:02:01:40 +0200] "GET /robots.txt HTTP/1.1" 429 227 www.mgsaws.com "-" "Mozilla/5.0 (compatible; YandexBot/3.0; +http://yandex.com/bots)" "-"
20.171.207.0 - - [18/Jun/2025:02:01:42 +0200] "GET /faq HTTP/1.1" 429 227 mgsaws.com "-" "Mozilla/5.0 AppleWebKit/537.36 (KHTML, like Gecko; compatible; GPTBot/1.2; +https://openai.com/gptbot)" "-"
20.171.207.0 - - [18/Jun/2025:02:01:57 +0200] "GET /blogs HTTP/1.1" 429 227 www.mgsaws.com "-" "Mozilla/5.0 AppleWebKit/537.36 (KHTML, like Gecko; compatible; GPTBot/1.2; +https://openai.com/gptbot)" "-"
2406:da14:1200:: - - [18/Jun/2025:02:02:03 +0200] "GET / HTTP/1.1" 200 144501 www.mgsaws.com "-" "Mozilla/5.0 (Windows NT 10.0; Win64; x64; rv:109.0) Gecko/20100101 Firefox/111.0" "-"
20.171.207.0 - - [18/Jun/2025:02:02:29 +0200] "GET /load HTTP/1.1" 429 227 mgsaws.com "-" "Mozilla/5.0 AppleWebKit/537.36 (KHTML, like Gecko; compatible; GPTBot/1.2; +https://openai.com/gptbot)" "-"
20.171.207.0 - - [18/Jun/2025:02:03:00 +0200] "GET /faq HTTP/1.1" 429 227 www.mgsaws.com "-" "Mozilla/5.0 AppleWebKit/537.36 (KHTML, like Gecko; compatible; GPTBot/1.2; +https://openai.com/gptbot)" "-"
20.171.207.0 - - [18/Jun/2025:02:03:35 +0200] "GET /about-us HTTP/1.1" 429 227 mgsaws.com "-" "Mozilla/5.0 AppleWebKit/537.36 (KHTML, like Gecko; compatible; GPTBot/1.2; +https://openai.com/gptbot)" "-"
95.108.213.0 - - [18/Jun/2025:02:03:40 +0200] "GET /robots.txt HTTP/1.1" 429 227 www.mgsaws.com "-" "Mozilla/5.0 (compatible; YandexBot/3.0; +http://yandex.com/bots)" "-"
20.171.207.0 - - [18/Jun/2025:02:04:06 +0200] "GET /gallery HTTP/1.1" 429 227 www.mgsaws.com "-" "Mozilla/5.0 AppleWebKit/537.36 (KHTML, like Gecko; compatible; GPTBot/1.2; +https://openai.com/gptbot)" "-"
20.171.207.0 - - [18/Jun/2025:02:04:37 +0200] "GET /all-products HTTP/1.1" 429 227 mgsaws.com "-" "Mozilla/5.0 AppleWebKit/537.36 (KHTML, like Gecko; compatible; GPTBot/1.2; +https://openai.com/gptbot)" "-"
2a03:2880:f800:: - - [18/Jun/2025:02:04:53 +0200] "GET /show-product/mini-rafre-sa-aluminium-corner-milling-machine HTTP/1.1" 429 227 www.mgsaws.com "-" "meta-externalagent/1.1 (+https://developers.facebook.com/docs/sharing/webmasters/crawler)" "-"
213.180.203.0 - - [18/Jun/2025:02:05:02 +0200] "GET /robots.txt HTTP/1.1" 429 227 www.mgsaws.com "-" "Mozilla/5.0 (compatible; YandexBot/3.0; +http://yandex.com/bots)" "-"
20.171.207.0 - - [18/Jun/2025:02:05:11 +0200] "GET /all-products/sub/profile-trolleys HTTP/1.1" 429 227 www.mgsaws.com "-" "Mozilla/5.0 AppleWebKit/537.36 (KHTML, like Gecko; compatible; GPTBot/1.2; +https://openai.com/gptbot)" "-"
213.180.203.0 - - [18/Jun/2025:02:05:40 +0200] "GET /robots.txt HTTP/1.1" 429 227 www.mgsaws.com "-" "Mozilla/5.0 (compatible; YandexBot/3.0; +http://yandex.com/bots)" "-"
20.171.207.0 - - [18/Jun/2025:02:05:42 +0200] "GET /blogs HTTP/1.1" 429 227 mgsaws.com "-" "Mozilla/5.0 AppleWebKit/537.36 (KHTML, like Gecko; compatible; GPTBot/1.2; +https://openai.com/gptbot)" "-"
20.171.207.0 - - [18/Jun/2025:02:06:12 +0200] "GET /all-products/sub/automatic-cutting-and-drilling-machine HTTP/1.1" 429 227 www.mgsaws.com "-" "Mozilla/5.0 AppleWebKit/537.36 (KHTML, like Gecko; compatible; GPTBot/1.2; +https://openai.com/gptbot)" "-"
20.171.207.0 - - [18/Jun/2025:02:06:45 +0200] "GET /all-products/sub/profile-loader HTTP/1.1" 429 227 mgsaws.com "-" "Mozilla/5.0 AppleWebKit/537.36 (KHTML, like Gecko; compatible; GPTBot/1.2; +https://openai.com/gptbot)" "-"
5.255.231.0 - - [18/Jun/2025:02:07:02 +0200] "GET /robots.txt HTTP/1.1" 429 227 www.mgsaws.com "-" "Mozilla/5.0 (compatible; YandexBot/3.0; +http://yandex.com/bots)" "-"
20.171.207.0 - - [18/Jun/2025:02:07:17 +0200] "GET /show-product/070144-duo-450-double-head-cutting-machine-for-aluminum-pvc-cutting HTTP/1.1" 429 227 www.mgsaws.com "-" "Mozilla/5.0 AppleWebKit/537.36 (KHTML, like Gecko; compatible; GPTBot/1.2; +https://openai.com/gptbot)" "-"
5.255.231.0 - - [18/Jun/2025:02:07:40 +0200] "GET /robots.txt HTTP/1.1" 429 227 www.mgsaws.com "-" "Mozilla/5.0 (compatible; YandexBot/3.0; +http://yandex.com/bots)" "-"
5.255.231.0 - - [18/Jun/2025:02:07:41 +0200] "GET /all-products/sub/profile-loader HTTP/1.1" 429 227 www.mgsaws.com "-" "Mozilla/5.0 (compatible; YandexBot/3.0; +http://yandex.com/bots)" "-"
20.171.207.0 - - [18/Jun/2025:02:07:50 +0200] "GET /contact-us HTTP/1.1" 429 227 mgsaws.com "-" "Mozilla/5.0 AppleWebKit/537.36 (KHTML, like Gecko; compatible; GPTBot/1.2; +https://openai.com/gptbot)" "-"
20.171.207.0 - - [18/Jun/2025:02:08:22 +0200] "GET /all-products/sub/automatic-miter-cutting HTTP/1.1" 429 227 www.mgsaws.com "-" "Mozilla/5.0 AppleWebKit/537.36 (KHTML, like Gecko; compatible; GPTBot/1.2; +https://openai.com/gptbot)" "-"
20.171.207.0 - - [18/Jun/2025:02:08:53 +0200] "GET /all-products/sub/profile-trolleys HTTP/1.1" 429 227 mgsaws.com "-" "Mozilla/5.0 AppleWebKit/537.36 (KHTML, like Gecko; compatible; GPTBot/1.2; +https://openai.com/gptbot)" "-"
103.166.123.0 - - [18/Jun/2025:02:09:11 +0200] "GET /about-us HTTP/1.1" 200 58935 www.mgsaws.com "-" "Mozilla/5.0 (Linux; Android 10; K) AppleWebKit/537.36 (KHTML, like Gecko) Chrome/122.0.0.0 Mobile Safari/537.36" "-"
20.171.207.0 - - [18/Jun/2025:02:09:24 +0200] "GET /all-products/sub/corner-milling-machine HTTP/1.1" 429 227 www.mgsaws.com "-" "Mozilla/5.0 AppleWebKit/537.36 (KHTML, like Gecko; compatible; GPTBot/1.2; +https://openai.com/gptbot)" "-"
95.108.213.0 - - [18/Jun/2025:02:09:40 +0200] "GET /robots.txt HTTP/1.1" 429 227 www.mgsaws.com "-" "Mozilla/5.0 (compatible; YandexBot/3.0; +http://yandex.com/bots)" "-"
20.171.207.0 - - [18/Jun/2025:02:09:53 +0200] "GET /terms-and-conditions HTTP/1.1" 429 227 mgsaws.com "-" "Mozilla/5.0 AppleWebKit/537.36 (KHTML, like Gecko; compatible; GPTBot/1.2; +https://openai.com/gptbot)" "-"
20.171.207.0 - - [18/Jun/2025:02:10:24 +0200] "GET /all-products/sub/positioning-rollers HTTP/1.1" 429 227 www.mgsaws.com "-" "Mozilla/5.0 AppleWebKit/537.36 (KHTML, like Gecko; compatible; GPTBot/1.2; +https://openai.com/gptbot)" "-"
2a02:598:: - - [18/Jun/2025:02:10:30 +0200] "GET /show-product/autopos-motorized-positioning-system HTTP/1.1" 200 71431 www.mgsaws.com "-" "Mozilla/5.0 (compatible; SeznamBot/4.0; +https://o-seznam.cz/napoveda/vyhledavani/en/seznambot-crawler/)" "-"
20.171.207.0 - - [18/Jun/2025:02:10:56 +0200] "GET /all-products/sub/automatic-cutting-and-drilling-machine HTTP/1.1" 429 227 mgsaws.com "-" "Mozilla/5.0 AppleWebKit/537.36 (KHTML, like Gecko; compatible; GPTBot/1.2; +https://openai.com/gptbot)" "-"
20.171.207.0 - - [18/Jun/2025:02:11:29 +0200] "GET /all-products/sub/machining-centers HTTP/1.1" 429 227 www.mgsaws.com "-" "Mozilla/5.0 AppleWebKit/537.36 (KHTML, like Gecko; compatible; GPTBot/1.2; +https://openai.com/gptbot)" "-"
20.171.207.0 - - [18/Jun/2025:02:12:00 +0200] "GET /privacy-policy HTTP/1.1" 429 227 mgsaws.com "-" "Mozilla/5.0 AppleWebKit/537.36 (KHTML, like Gecko; compatible; GPTBot/1.2; +https://openai.com/gptbot)" "-"
20.171.207.0 - - [18/Jun/2025:02:12:34 +0200] "GET /storage/event/20230209111826.jpg HTTP/1.1" 429 227 www.mgsaws.com "-" "Mozilla/5.0 AppleWebKit/537.36 (KHTML, like Gecko; compatible; GPTBot/1.2; +https://openai.com/gptbot)" "-"
189.124.69.0 - - [18/Jun/2025:02:12:36 +0200] "GET / HTTP/1.1" 200 142541 mgsaws.com "-" "Mozilla/5.0 (Linux; Android 10; K) AppleWebKit/537.36 (KHTML, like Gecko) Chrome/122.0.0.0 Mobile Safari/537.36" "-"
20.171.207.0 - - [18/Jun/2025:02:13:01 +0200] "GET /show-product/070144-duo-450-double-head-cutting-machine-for-aluminum-pvc-cutting HTTP/1.1" 429 227 mgsaws.com "-" "Mozilla/5.0 AppleWebKit/537.36 (KHTML, like Gecko; compatible; GPTBot/1.2; +https://openai.com/gptbot)" "-"
20.171.207.0 - - [18/Jun/2025:02:13:37 +0200] "GET /all-products/sub/punching-machine HTTP/1.1" 429 227 www.mgsaws.com "-" "Mozilla/5.0 AppleWebKit/537.36 (KHTML, like Gecko; compatible; GPTBot/1.2; +https://openai.com/gptbot)" "-"
87.250.224.0 - - [18/Jun/2025:02:13:41 +0200] "GET /robots.txt HTTP/1.1" 429 227 www.mgsaws.com "-" "Mozilla/5.0 (compatible; YandexBot/3.0; +http://yandex.com/bots)" "-"
20.171.207.0 - - [18/Jun/2025:02:14:07 +0200] "GET /show-product/050135-duo-550-double-cutting-machine-for-aluminum-pvc-cutting HTTP/1.1" 429 227 mgsaws.com "-" "Mozilla/5.0 AppleWebKit/537.36 (KHTML, like Gecko; compatible; GPTBot/1.2; +https://openai.com/gptbot)" "-"
20.171.207.0 - - [18/Jun/2025:02:14:41 +0200] "GET /all-products/sub/profile-loader HTTP/1.1" 429 227 www.mgsaws.com "-" "Mozilla/5.0 AppleWebKit/537.36 (KHTML, like Gecko; compatible; GPTBot/1.2; +https://openai.com/gptbot)" "-"
20.171.207.0 - - [18/Jun/2025:02:15:12 +0200] "GET /all-products/sub/automatic-cutting-machine HTTP/1.1" 429 227 mgsaws.com "-" "Mozilla/5.0 AppleWebKit/537.36 (KHTML, like Gecko; compatible; GPTBot/1.2; +https://openai.com/gptbot)" "-"
2a03:2880:f800:: - - [18/Jun/2025:02:15:19 +0200] "GET /news-details/all-you-need-to-know-of-endmilling HTTP/1.1" 429 227 www.mgsaws.com "-" "meta-externalagent/1.1 (+https://developers.facebook.com/docs/sharing/webmasters/crawler)" "-"
20.171.207.0 - - [18/Jun/2025:02:15:42 +0200] "GET /contact-us HTTP/1.1" 429 227 www.mgsaws.com "-" "Mozilla/5.0 AppleWebKit/537.36 (KHTML, like Gecko; compatible; GPTBot/1.2; +https://openai.com/gptbot)" "-"
2a03:2880:f800:: - - [18/Jun/2025:02:16:04 +0200] "GET /show-product/070144-duo-450-double-head-cutting-machine-for-aluminum-pvc-cutting HTTP/1.1" 429 227 mgsaws.com "-" "meta-externalagent/1.1 (+https://developers.facebook.com/docs/sharing/webmasters/crawler)" "-"
20.171.207.0 - - [18/Jun/2025:02:16:11 +0200] "GET /all-products/sub/corner-crimping-machines HTTP/1.1" 429 227 mgsaws.com "-" "Mozilla/5.0 AppleWebKit/537.36 (KHTML, like Gecko; compatible; GPTBot/1.2; +https://openai.com/gptbot)" "-"
103.131.71.0 - - [18/Jun/2025:02:16:50 +0200] "GET /robots.txt HTTP/1.1" 200 26 mgsaws.com "-" "Mozilla/5.0 (compatible; coccocbot-image/1.0; +http://help.coccoc.com/searchengine)" "-"
20.171.207.0 - - [18/Jun/2025:02:17:15 +0200] "GET /all-products/sub/single-head-cutting-machine HTTP/1.1" 429 227 mgsaws.com "-" "Mozilla/5.0 AppleWebKit/537.36 (KHTML, like Gecko; compatible; GPTBot/1.2; +https://openai.com/gptbot)" "-"
2a03:2880:f800:: - - [18/Jun/2025:02:17:58 +0200] "GET /news-details/the-buyer\xe2\x80\x99s-advantage-cost-savings-through-cnc-milling-efficiency HTTP/1.1" 429 227 www.mgsaws.com "-" "meta-externalagent/1.1 (+https://developers.facebook.com/docs/sharing/webmasters/crawler)" "-"
20.171.207.0 - - [18/Jun/2025:02:18:19 +0200] "GET /all-products/sub/automatic-cutting-90-degree-machine HTTP/1.1" 429 227 mgsaws.com "-" "Mozilla/5.0 AppleWebKit/537.36 (KHTML, like Gecko; compatible; GPTBot/1.2; +https://openai.com/gptbot)" "-"
20.171.207.0 - - [18/Jun/2025:02:19:21 +0200] "GET /all-products/sub/automatic-miter-cutting HTTP/1.1" 429 227 mgsaws.com "-" "Mozilla/5.0 AppleWebKit/537.36 (KHTML, like Gecko; compatible; GPTBot/1.2; +https://openai.com/gptbot)" "-"
20.171.207.0 - - [18/Jun/2025:02:20:28 +0200] "GET /all-products/sub/corner-milling-machine HTTP/1.1" 429 227 mgsaws.com "-" "Mozilla/5.0 AppleWebKit/537.36 (KHTML, like Gecko; compatible; GPTBot/1.2; +https://openai.com/gptbot)" "-"
20.171.207.0 - - [18/Jun/2025:02:21:28 +0200] "GET /all-products/sub/positioning-rollers HTTP/1.1" 429 227 mgsaws.com "-" "Mozilla/5.0 AppleWebKit/537.36 (KHTML, like Gecko; compatible; GPTBot/1.2; +https://openai.com/gptbot)" "-"
193.0.235.0 - - [18/Jun/2025:02:22:05 +0200] "GET /news-details/industrial-miter-saw:-everything-you-need-to-know HTTP/1.1" 200 66833 mgsaws.com "-" "Mozilla/5.0 (Macintosh; Intel Mac OS X 10_15_7) AppleWebKit/537.36 (KHTML, like Gecko) Chrome/113.0.0.0 Safari/537.3" "-"
20.171.207.0 - - [18/Jun/2025:02:22:31 +0200] "GET /all-products/sub/machining-centers HTTP/1.1" 429 227 mgsaws.com "-" "Mozilla/5.0 AppleWebKit/537.36 (KHTML, like Gecko; compatible; GPTBot/1.2; +https://openai.com/gptbot)" "-"
43.166.237.0 - - [18/Jun/2025:02:22:33 +0200] "GET /show-product/100138-gaa-650-90-cncaluminium---pvc-automatic-cutting-saw HTTP/1.1" 200 70215 mgsaws.com "-" "Mozilla/5.0 (iPhone; CPU iPhone OS 13_2_3 like Mac OS X) AppleWebKit/605.1.15 (KHTML, like Gecko) Version/13.0.3 Mobile/15E148 Safari/604.1" "-"
181.214.218.0 - - [18/Jun/2025:02:23:05 +0200] "GET / HTTP/1.1" 200 142541 mgsaws.com "http://mgsaws.com/" "Mozilla/5.0 (Windows NT 10.0; Win64; x64) AppleWebKit/537.36 (KHTML, like Gecko) Chrome/130.0.0.0 Safari/537.36" "-"
181.214.218.0 - - [18/Jun/2025:02:23:06 +0200] "GET /contact-us HTTP/1.1" 200 54206 mgsaws.com "http://mgsaws.com/contact-us" "Mozilla/5.0 (Windows NT 10.0; Win64; x64) AppleWebKit/537.36 (KHTML, like Gecko) Chrome/130.0.0.0 Safari/537.36" "-"
103.131.71.0 - - [18/Jun/2025:02:23:34 +0200] "GET /robots.txt HTTP/1.1" 200 26 mgsaws.com "-" "Mozilla/5.0 (compatible; coccocbot-web/1.0; +http://help.coccoc.com/searchengine)" "-"
20.171.207.0 - - [18/Jun/2025:02:23:36 +0200] "GET /all-products/sub/punching-machine HTTP/1.1" 429 227 mgsaws.com "-" "Mozilla/5.0 AppleWebKit/537.36 (KHTML, like Gecko; compatible; GPTBot/1.2; +https://openai.com/gptbot)" "-"
20.171.207.0 - - [18/Jun/2025:02:24:40 +0200] "GET /all-products/sub/assembly-tables HTTP/1.1" 429 227 mgsaws.com "-" "Mozilla/5.0 AppleWebKit/537.36 (KHTML, like Gecko; compatible; GPTBot/1.2; +https://openai.com/gptbot)" "-"
181.214.218.0 - - [18/Jun/2025:02:24:50 +0200] "POST /contact-us HTTP/1.1" 302 358 mgsaws.com "http://mgsaws.com/contact-us" "Mozilla/5.0 (Windows NT 10.0; Win64; x64) AppleWebKit/537.36 (KHTML, like Gecko) Chrome/130.0.0.0 Safari/537.36" "-"
181.214.218.0 - - [18/Jun/2025:02:24:50 +0200] "GET /contact-us HTTP/1.1" 200 54864 mgsaws.com "http://mgsaws.com/contact-us" "Mozilla/5.0 (Windows NT 10.0; Win64; x64) AppleWebKit/537.36 (KHTML, like Gecko) Chrome/130.0.0.0 Safari/537.36" "-"
20.171.207.0 - - [18/Jun/2025:02:25:46 +0200] "GET /all-products/sub/copy-routers HTTP/1.1" 429 227 mgsaws.com "-" "Mozilla/5.0 AppleWebKit/537.36 (KHTML, like Gecko; compatible; GPTBot/1.2; +https://openai.com/gptbot)" "-"
87.250.224.0 - - [18/Jun/2025:02:26:06 +0200] "GET /robots.txt HTTP/1.1" 429 227 www.mgsaws.com "-" "Mozilla/5.0 (compatible; YandexBot/3.0; +http://yandex.com/bots)" "-"
20.171.207.0 - - [18/Jun/2025:02:26:48 +0200] "GET /all-products/sub/gaa-solar HTTP/1.1" 429 227 mgsaws.com "-" "Mozilla/5.0 AppleWebKit/537.36 (KHTML, like Gecko; compatible; GPTBot/1.2; +https://openai.com/gptbot)" "-"
213.180.203.0 - - [18/Jun/2025:02:28:06 +0200] "GET /robots.txt HTTP/1.1" 429 227 www.mgsaws.com "-" "Mozilla/5.0 (compatible; YandexBot/3.0; +http://yandex.com/bots)" "-"
207.46.13.0 - - [18/Jun/2025:02:28:20 +0200] "GET /all-products/sub/automatic-cutting HTTP/1.1" 301 273 mgsaws.com "-" "Mozilla/5.0 AppleWebKit/537.36 (KHTML, like Gecko; compatible; bingbot/2.0; +http://www.bing.com/bingbot.htm) Chrome/116.0.1938.76 Safari/537.36" "-"
157.55.39.0 - - [18/Jun/2025:02:28:36 +0200] "GET /all-products/sub/automatic-cutting-machine HTTP/1.1" 200 49007 www.mgsaws.com "-" "Mozilla/5.0 AppleWebKit/537.36 (KHTML, like Gecko; compatible; bingbot/2.0; +http://www.bing.com/bingbot.htm) Chrome/116.0.1938.76 Safari/537.36" "-"
5.255.231.0 - - [18/Jun/2025:02:30:06 +0200] "GET /robots.txt HTTP/1.1" 429 227 www.mgsaws.com "-" "Mozilla/5.0 (compatible; YandexBot/3.0; +http://yandex.com/bots)" "-"
213.180.203.0 - - [18/Jun/2025:02:32:06 +0200] "GET /robots.txt HTTP/1.1" 429 227 www.mgsaws.com "-" "Mozilla/5.0 (compatible; YandexBot/3.0; +http://yandex.com/bots)" "-"
95.108.213.0 - - [18/Jun/2025:02:34:06 +0200] "GET /robots.txt HTTP/1.1" 429 227 www.mgsaws.com "-" "Mozilla/5.0 (compatible; YandexBot/3.0; +http://yandex.com/bots)" "-"
5.255.231.0 - - [18/Jun/2025:02:36:06 +0200] "GET /robots.txt HTTP/1.1" 429 227 www.mgsaws.com "-" "Mozilla/5.0 (compatible; YandexBot/3.0; +http://yandex.com/bots)" "-"
213.180.203.0 - - [18/Jun/2025:02:36:07 +0200] "GET /all-products/sub/positioning-rollers HTTP/1.1" 429 227 www.mgsaws.com "-" "Mozilla/5.0 (compatible; YandexBot/3.0; +http://yandex.com/bots)" "-"
5.255.231.0 - - [18/Jun/2025:02:38:06 +0200] "GET /robots.txt HTTP/1.1" 429 227 www.mgsaws.com "-" "Mozilla/5.0 (compatible; YandexBot/3.0; +http://yandex.com/bots)" "-"
5.255.231.0 - - [18/Jun/2025:02:42:07 +0200] "GET /robots.txt HTTP/1.1" 429 227 www.mgsaws.com "-" "Mozilla/5.0 (compatible; YandexBot/3.0; +http://yandex.com/bots)" "-"
2406:da14:1200:: - - [18/Jun/2025:02:44:02 +0200] "GET / HTTP/1.1" 200 142933 mgsaws.com "-" "Mozilla/5.0 (Windows NT 10.0; Win64; x64; rv:109.0) Gecko/20100101 Firefox/111.0" "-"
2a03:2880:f800:: - - [18/Jun/2025:02:44:25 +0200] "GET /news-details/benefits-of-a-corner-crimping-machine HTTP/1.1" 429 227 www.mgsaws.com "-" "meta-externalagent/1.1 (+https://developers.facebook.com/docs/sharing/webmasters/crawler)" "-"
110.44.2.0 - - [18/Jun/2025:02:45:06 +0200] "GET /news-details/benefits-of-using-positioning-rollers-in-industrial-applications HTTP/1.1" 200 61067 mgsaws.com "-" "Mozilla/5.0 (Windows NT 10.0; Win64; x64) AppleWebKit/537.36 (KHTML, like Gecko) Chrome/134.0.0.0 Safari/537.36 Edg/134.0.0.0" "-"
207.46.13.0 - - [18/Jun/2025:02:45:22 +0200] "GET /storage/productimage/20211105130343.jpg HTTP/1.1" 200 65694 mgsaws.com "-" "Mozilla/5.0 AppleWebKit/537.36 (KHTML, like Gecko; compatible; bingbot/2.0; +http://www.bing.com/bingbot.htm) Chrome/116.0.1938.76 Safari/537.36" "-"
84.32.222.0 - - [18/Jun/2025:02:50:05 +0200] "GET /news-details/the-buyer%E2%80%99s-advantage-cost-savings-through-cnc-milling-efficiency HTTP/1.1" 200 62236 mgsaws.com "-" "Mozilla/5.0 (Windows NT 10.0; Win64; x64) AppleWebKit/537.36 (KHTML, like Gecko) Chrome/134.0.0.0 Safari/537.36 Trailer/93.3.8652.5" "-"
34.225.138.0 - - [18/Jun/2025:02:51:55 +0200] "GET /robots.txt HTTP/1.1" 429 227 www.mgsaws.com "-" "Mozilla/5.0 AppleWebKit/537.36 (KHTML, like Gecko; compatible; Amazonbot/0.1; +https://developer.amazon.com/support/amazonbot) Chrome/119.0.6045.214 Safari/537.36" "-"
52.7.13.0 - - [18/Jun/2025:02:51:55 +0200] "GET /show-product/050135-duo-550-double-cutting-machine-for-aluminum-pvc-cutting HTTP/1.1" 429 227 www.mgsaws.com "-" "Mozilla/5.0 AppleWebKit/537.36 (KHTML, like Gecko; compatible; Amazonbot/0.1; +https://developer.amazon.com/support/amazonbot) Chrome/119.0.6045.214 Safari/537.36" "-"
199.166.29.0 - - [18/Jun/2025:02:53:43 +0200] "GET /contact-us HTTP/1.1" 200 54206 mgsaws.com "-" "Mozilla/5.0 (Windows NT 10.0; Win64; x64) AppleWebKit/537.36 (KHTML, like Gecko) Chrome/134.0.0.0 Safari/537.36 Edg/134.0.0.0" "-"
52.167.144.0 - - [18/Jun/2025:03:02:38 +0200] "GET /storage/product/20211109101042.jpg HTTP/1.1" 200 168076 mgsaws.com "-" "Mozilla/5.0 AppleWebKit/537.36 (KHTML, like Gecko; compatible; bingbot/2.0; +http://www.bing.com/bingbot.htm) Chrome/116.0.1938.76 Safari/537.36" "-"
2a03:2880:f800:: - - [18/Jun/2025:03:04:38 +0200] "GET /storage/pdf/20211116081449.pdf HTTP/1.1" 429 227 www.mgsaws.com "-" "meta-externalagent/1.1 (+https://developers.facebook.com/docs/sharing/webmasters/crawler)" "-"
2a03:2880:f800:: - - [18/Jun/2025:03:06:56 +0200] "GET /privacy-policy HTTP/1.1" 429 227 www.mgsaws.com "-" "meta-externalagent/1.1 (+https://developers.facebook.com/docs/sharing/webmasters/crawler)" "-"
213.180.203.0 - - [18/Jun/2025:03:07:03 +0200] "GET /robots.txt HTTP/1.1" 429 227 www.mgsaws.com "-" "Mozilla/5.0 (compatible; YandexBot/3.0; +http://yandex.com/bots)" "-"
2602:ffe4:: - - [18/Jun/2025:03:07:26 +0200] "GET /storage/pdf/1673247515_110.pdf HTTP/1.1" 429 227 mgsaws.com "-" "Mozilla/5.0 (Linux; Android 5.0) AppleWebKit/537.36 (KHTML, like Gecko) Mobile Safari/537.36 (compatible; Bytespider; spider-feedback@bytedance.com)" "-"
124.236.100.0 - - [18/Jun/2025:03:07:29 +0200] "GET / HTTP/1.1" 200 144501 www.mgsaws.com "-" "Opera/9.80 (X11; Linux i686; Ubuntu/14.10) Presto/2.12.388 Version/12.16" "-"
124.236.100.0 - - [18/Jun/2025:03:08:21 +0200] "GET / HTTP/1.1" 200 142933 mgsaws.com "-" "Mozilla/5.0 (Windows NT 6.1; Win64; x64) AppleWebKit/537.36 (KHTML, like Gecko) Chrome/59.0.3071.115 Safari/537.36" "-"
103.131.71.0 - - [18/Jun/2025:03:10:53 +0200] "GET /robots.txt HTTP/1.1" 200 26 www.mgsaws.com "-" "Mozilla/5.0 (compatible; coccocbot-image/1.0; +http://help.coccoc.com/searchengine)" "-"
103.131.71.0 - - [18/Jun/2025:03:10:56 +0200] "GET /storage/product/20211102050746.jpg HTTP/1.1" 200 32867 www.mgsaws.com "-" "Mozilla/5.0 (compatible; coccocbot-image/1.0; +http://help.coccoc.com/searchengine)" "-"
156.59.198.0 - - [18/Jun/2025:03:15:54 +0200] "GET /storage/pdf/20211116093529.pdf HTTP/1.1" 429 227 mgsaws.com "-" "Mozilla/5.0 (Linux; Android 5.0) AppleWebKit/537.36 (KHTML, like Gecko) Mobile Safari/537.36 (compatible; Bytespider; spider-feedback@bytedance.com)" "-"
148.72.140.0 - - [18/Jun/2025:03:21:52 +0200] "GET / HTTP/1.1" 200 142541 mgsaws.com "-" "Mozilla/5.0 (X11; Linux x86_64) AppleWebKit/537.36 (KHTML, like Gecko) Chrome/80.0.3987.116 Safari/537.36" "-"
148.72.140.0 - - [18/Jun/2025:03:21:52 +0200] "GET /frontend/img/favicon.png HTTP/1.1" 200 11259 mgsaws.com "http://mgsaws.com" "Mozilla/5.0 (X11; Linux x86_64) AppleWebKit/537.36 (KHTML, like Gecko) Chrome/80.0.3987.116 Safari/537.36" "-"
114.119.139.0 - - [18/Jun/2025:03:39:51 +0200] "GET /storage/pdf/20211116093234.pdf HTTP/1.1" 200 282688 www.mgsaws.com "https://www.mgsaws.com/index.php/show-product/tlg-352-a-aluminium-pvc-cutting-machine" "Mozilla/5.0 (Linux; Android 7.0;) AppleWebKit/537.36 (KHTML, like Gecko) Mobile Safari/537.36 (compatible; PetalBot;+https://webmaster.petalsearch.com/site/petalbot)" "-"
114.119.137.0 - - [18/Jun/2025:03:41:15 +0200] "GET /index.php/news-details/choosing-the-right-punching-machine:-a-buyer's-guide HTTP/1.1" 200 69754 www.mgsaws.com "https://www.mgsaws.com/index.php/blogs" "Mozilla/5.0 (Linux; Android 7.0;) AppleWebKit/537.36 (KHTML, like Gecko) Mobile Safari/537.36 (compatible; PetalBot;+https://webmaster.petalsearch.com/site/petalbot)" "-"
114.119.157.0 - - [18/Jun/2025:03:42:41 +0200] "GET /all-products/sub/automatic-cutting-90-drilling HTTP/1.1" 200 43433 www.mgsaws.com "https://www.mgsaws.com/all-products/sub/automatic-cutting-90-drilling" "Mozilla/5.0 (Linux; Android 7.0;) AppleWebKit/537.36 (KHTML, like Gecko) Mobile Safari/537.36 (compatible; PetalBot;+https://webmaster.petalsearch.com/site/petalbot)" "-"
54.36.149.0 - - [18/Jun/2025:03:43:06 +0200] "GET /robots.txt HTTP/1.1" 200 26 mgsaws.com "-" "Mozilla/5.0 (compatible; AhrefsBot/7.0; +http://ahrefs.com/robot/)" "-"
54.36.148.0 - - [18/Jun/2025:03:43:06 +0200] "GET / HTTP/1.1" 200 142541 mgsaws.com "-" "Mozilla/5.0 (compatible; AhrefsBot/7.0; +http://ahrefs.com/robot/)" "-"
202.8.43.0 - - [18/Jun/2025:03:43:07 +0200] "GET /robots.txt HTTP/1.1" 200 26 mgsaws.com "-" "Mozilla/5.0 (compatible; AhrefsBot/7.0; +http://ahrefs.com/robot/)" "-"
202.8.42.0 - - [18/Jun/2025:03:43:08 +0200] "GET /frontend/css/timeline.css HTTP/1.1" 200 2855 mgsaws.com "http://mgsaws.com/" "Mozilla/5.0 (compatible; AhrefsBot/7.0; +http://ahrefs.com/robot/)" "-"
202.8.42.0 - - [18/Jun/2025:03:43:08 +0200] "GET /frontend/css/default.css HTTP/1.1" 200 3383 mgsaws.com "http://mgsaws.com/" "Mozilla/5.0 (compatible; AhrefsBot/7.0; +http://ahrefs.com/robot/)" "-"
202.8.42.0 - - [18/Jun/2025:03:43:08 +0200] "GET /frontend/css/responsive.css HTTP/1.1" 200 4701 mgsaws.com "http://mgsaws.com/" "Mozilla/5.0 (compatible; AhrefsBot/7.0; +http://ahrefs.com/robot/)" "-"
202.8.42.0 - - [18/Jun/2025:03:43:08 +0200] "GET /frontend/css/scrolltop.css HTTP/1.1" 200 630 mgsaws.com "http://mgsaws.com/" "Mozilla/5.0 (compatible; AhrefsBot/7.0; +http://ahrefs.com/robot/)" "-"
202.8.42.0 - - [18/Jun/2025:03:43:08 +0200] "GET /frontend/css/wedget.css HTTP/1.1" 200 2286 mgsaws.com "http://mgsaws.com/" "Mozilla/5.0 (compatible; AhrefsBot/7.0; +http://ahrefs.com/robot/)" "-"
202.8.42.0 - - [18/Jun/2025:03:43:08 +0200] "GET /frontend/css/slick.theme.css HTTP/1.1" 200 1027 mgsaws.com "http://mgsaws.com/" "Mozilla/5.0 (compatible; AhrefsBot/7.0; +http://ahrefs.com/robot/)" "-"
202.8.42.0 - - [18/Jun/2025:03:43:08 +0200] "GET /frontend/css/magnific-popup.css HTTP/1.1" 200 2140 mgsaws.com "http://mgsaws.com/" "Mozilla/5.0 (compatible; AhrefsBot/7.0; +http://ahrefs.com/robot/)" "-"
202.8.42.0 - - [18/Jun/2025:03:43:08 +0200] "GET /frontend/css/owl.carousel.min.css HTTP/1.1" 200 1020 mgsaws.com "http://mgsaws.com/" "Mozilla/5.0 (compatible; AhrefsBot/7.0; +http://ahrefs.com/robot/)" "-"
202.8.42.0 - - [18/Jun/2025:03:43:08 +0200] "GET /frontend/css/gallery.css HTTP/1.1" 200 1368 mgsaws.com "http://mgsaws.com/" "Mozilla/5.0 (compatible; AhrefsBot/7.0; +http://ahrefs.com/robot/)" "-"
202.8.42.0 - - [18/Jun/2025:03:43:08 +0200] "GET /frontend/css/owl.theme.default.min.css HTTP/1.1" 200 491 mgsaws.com "http://mgsaws.com/" "Mozilla/5.0 (compatible; AhrefsBot/7.0; +http://ahrefs.com/robot/)" "-"
202.8.42.0 - - [18/Jun/2025:03:43:08 +0200] "GET /frontend/css/style.css HTTP/1.1" 200 21304 mgsaws.com "http://mgsaws.com/" "Mozilla/5.0 (compatible; AhrefsBot/7.0; +http://ahrefs.com/robot/)" "-"
202.8.42.0 - - [18/Jun/2025:03:43:08 +0200] "GET /frontend/css/slick.css HTTP/1.1" 200 652 mgsaws.com "http://mgsaws.com/" "Mozilla/5.0 (compatible; AhrefsBot/7.0; +http://ahrefs.com/robot/)" "-"
202.8.42.0 - - [18/Jun/2025:03:43:08 +0200] "GET /frontend/css/meanmenu.css HTTP/1.1" 200 1056 mgsaws.com "http://mgsaws.com/" "Mozilla/5.0 (compatible; AhrefsBot/7.0; +http://ahrefs.com/robot/)" "-"
202.8.42.0 - - [18/Jun/2025:03:43:08 +0200] "GET /frontend/css/animate.min.css HTTP/1.1" 200 6796 mgsaws.com "http://mgsaws.com/" "Mozilla/5.0 (compatible; AhrefsBot/7.0; +http://ahrefs.com/robot/)" "-"
202.8.42.0 - - [18/Jun/2025:03:43:08 +0200] "GET /frontend/css/bootstrap.min.css HTTP/1.1" 200 32796 mgsaws.com "http://mgsaws.com/" "Mozilla/5.0 (compatible; AhrefsBot/7.0; +http://ahrefs.com/robot/)" "-"
202.8.42.0 - - [18/Jun/2025:03:43:08 +0200] "GET /frontend/js/modernizr-3.5.0.min.js HTTP/1.1" 200 3826 mgsaws.com "http://mgsaws.com/" "Mozilla/5.0 (compatible; AhrefsBot/7.0; +http://ahrefs.com/robot/)" "-"
202.8.42.0 - - [18/Jun/2025:03:43:08 +0200] "GET /frontend/js/jquery-1.12.4.min.js HTTP/1.1" 200 39507 mgsaws.com "http://mgsaws.com/" "Mozilla/5.0 (compatible; AhrefsBot/7.0; +http://ahrefs.com/robot/)" "-"
202.8.42.0 - - [18/Jun/2025:03:43:08 +0200] "GET /frontend/js/popper.min.js HTTP/1.1" 200 8083 mgsaws.com "http://mgsaws.com/" "Mozilla/5.0 (compatible; AhrefsBot/7.0; +http://ahrefs.com/robot/)" "-"
202.8.42.0 - - [18/Jun/2025:03:43:08 +0200] "GET /frontend/js/meanmenu.min.js HTTP/1.1" 200 1520 mgsaws.com "http://mgsaws.com/" "Mozilla/5.0 (compatible; AhrefsBot/7.0; +http://ahrefs.com/robot/)" "-"
202.8.42.0 - - [18/Jun/2025:03:43:08 +0200] "GET /frontend/js/waypoints.min.js HTTP/1.1" 200 2732 mgsaws.com "http://mgsaws.com/" "Mozilla/5.0 (compatible; AhrefsBot/7.0; +http://ahrefs.com/robot/)" "-"
202.8.42.0 - - [18/Jun/2025:03:43:08 +0200] "GET /frontend/js/magnific-popup.min.js HTTP/1.1" 200 8277 mgsaws.com "http://mgsaws.com/" "Mozilla/5.0 (compatible; AhrefsBot/7.0; +http://ahrefs.com/robot/)" "-"
202.8.42.0 - - [18/Jun/2025:03:43:08 +0200] "GET /frontend/js/bootstrap.min.js HTTP/1.1" 200 17162 mgsaws.com "http://mgsaws.com/" "Mozilla/5.0 (compatible; AhrefsBot/7.0; +http://ahrefs.com/robot/)" "-"
202.8.42.0 - - [18/Jun/2025:03:43:08 +0200] "GET /frontend/js/owl.carousel.min.js HTTP/1.1" 200 13180 mgsaws.com "http://mgsaws.com/" "Mozilla/5.0 (compatible; AhrefsBot/7.0; +http://ahrefs.com/robot/)" "-"
202.8.42.0 - - [18/Jun/2025:03:43:08 +0200] "GET /frontend/js/counterup.min.js HTTP/1.1" 200 486 mgsaws.com "http://mgsaws.com/" "Mozilla/5.0 (compatible; AhrefsBot/7.0; +http://ahrefs.com/robot/)" "-"
202.8.42.0 - - [18/Jun/2025:03:43:08 +0200] "GET /frontend/js/scrolltop.js HTTP/1.1" 200 729 mgsaws.com "http://mgsaws.com/" "Mozilla/5.0 (compatible; AhrefsBot/7.0; +http://ahrefs.com/robot/)" "-"
202.8.42.0 - - [18/Jun/2025:03:43:08 +0200] "GET /frontend/js/ajax-form.js HTTP/1.1" 200 543 mgsaws.com "http://mgsaws.com/" "Mozilla/5.0 (compatible; AhrefsBot/7.0; +http://ahrefs.com/robot/)" "-"
202.8.42.0 - - [18/Jun/2025:03:43:08 +0200] "GET /frontend/js/main.js HTTP/1.1" 200 1049 mgsaws.com "http://mgsaws.com/" "Mozilla/5.0 (compatible; AhrefsBot/7.0; +http://ahrefs.com/robot/)" "-"
202.8.42.0 - - [18/Jun/2025:03:43:08 +0200] "GET /frontend/js/wow.min.js HTTP/1.1" 200 3058 mgsaws.com "http://mgsaws.com/" "Mozilla/5.0 (compatible; AhrefsBot/7.0; +http://ahrefs.com/robot/)" "-"
202.8.42.0 - - [18/Jun/2025:03:43:08 +0200] "GET /frontend/js/plugins.js HTTP/1.1" 200 393 mgsaws.com "http://mgsaws.com/" "Mozilla/5.0 (compatible; AhrefsBot/7.0; +http://ahrefs.com/robot/)" "-"
202.8.42.0 - - [18/Jun/2025:03:43:08 +0200] "GET /frontend/js/timeline.js HTTP/1.1" 200 3595 mgsaws.com "http://mgsaws.com/" "Mozilla/5.0 (compatible; AhrefsBot/7.0; +http://ahrefs.com/robot/)" "-"
202.8.42.0 - - [18/Jun/2025:03:43:08 +0200] "GET /frontend/js/slick.min.js HTTP/1.1" 200 15931 mgsaws.com "http://mgsaws.com/" "Mozilla/5.0 (compatible; AhrefsBot/7.0; +http://ahrefs.com/robot/)" "-"
114.119.157.0 - - [18/Jun/2025:03:44:00 +0200] "GET /pdf/20211112124348.pdf HTTP/1.1" 200 300040 www.mgsaws.com "http://www.mgsaws.com/products/rafre-cr-a-aluminium-pvc-manual-corner-milling-machine" "Mozilla/5.0 (Linux; Android 7.0;) AppleWebKit/537.36 (KHTML, like Gecko) Mobile Safari/537.36 (compatible; PetalBot;+https://webmaster.petalsearch.com/site/petalbot)" "-"
20.171.207.0 - - [18/Jun/2025:03:44:58 +0200] "GET /storage/event/20231128103130.jpg HTTP/1.1" 429 227 www.mgsaws.com "-" "Mozilla/5.0 AppleWebKit/537.36 (KHTML, like Gecko; compatible; GPTBot/1.2; +https://openai.com/gptbot)" "-"
20.171.207.0 - - [18/Jun/2025:03:45:01 +0200] "GET /storage/event/20240205102758.jpg HTTP/1.1" 429 227 www.mgsaws.com "-" "Mozilla/5.0 AppleWebKit/537.36 (KHTML, like Gecko; compatible; GPTBot/1.2; +https://openai.com/gptbot)" "-"
20.171.207.0 - - [18/Jun/2025:03:45:13 +0200] "GET /storage/event/20240205102758.jpg HTTP/1.1" 429 227 www.mgsaws.com "-" "Mozilla/5.0 AppleWebKit/537.36 (KHTML, like Gecko; compatible; GPTBot/1.2; +https://openai.com/gptbot)" "-"
114.119.142.0 - - [18/Jun/2025:03:45:28 +0200] "GET /show-product/tl-302-sa-aluminium-pvc-cutting-machine HTTP/1.1" 200 71779 mgsaws.com "http://mgsaws.com/show-product/tl-600-a-aluminium-pvc-cutting-machine" "Mozilla/5.0 (Linux; Android 7.0;) AppleWebKit/537.36 (KHTML, like Gecko) Mobile Safari/537.36 (compatible; PetalBot;+https://webmaster.petalsearch.com/site/petalbot)" "-"
20.171.207.0 - - [18/Jun/2025:03:45:42 +0200] "GET /storage/event/20231128103130.jpg HTTP/1.1" 429 227 www.mgsaws.com "-" "Mozilla/5.0 AppleWebKit/537.36 (KHTML, like Gecko; compatible; GPTBot/1.2; +https://openai.com/gptbot)" "-"
192.178.6.0 - - [18/Jun/2025:03:47:41 +0200] "GET / HTTP/1.1" 200 144501 www.mgsaws.com "-" "Mozilla/5.0 (compatible; Googlebot/2.1; +http://www.google.com/bot.html)" "-"
192.178.6.0 - - [18/Jun/2025:03:48:07 +0200] "GET /frontend/img/top-arrow.svg HTTP/1.1" 200 334 www.mgsaws.com "https://www.mgsaws.com/frontend/css/scrolltop.css" "Mozilla/5.0 AppleWebKit/537.36 (KHTML, like Gecko; compatible; Googlebot/2.1; +http://www.google.com/bot.html) Chrome/137.0.7151.68 Safari/537.36" "-"
52.205.141.0 - - [18/Jun/2025:03:49:34 +0200] "GET /show-product/gaa-350-90-cnc-tr12-yaxis HTTP/1.1" 429 227 www.mgsaws.com "-" "Mozilla/5.0 AppleWebKit/537.36 (KHTML, like Gecko; compatible; Amazonbot/0.1; +https://developer.amazon.com/support/amazonbot) Chrome/119.0.6045.214 Safari/537.36" "-"
52.204.174.0 - - [18/Jun/2025:03:49:38 +0200] "GET /all-products/sub/double-head-cutting-machine HTTP/1.1" 429 227 www.mgsaws.com "-" "Mozilla/5.0 AppleWebKit/537.36 (KHTML, like Gecko; compatible; Amazonbot/0.1; +https://developer.amazon.com/support/amazonbot) Chrome/119.0.6045.214 Safari/537.36" "-"
98.84.70.0 - - [18/Jun/2025:03:49:43 +0200] "GET /show-product/chp-1730-cart-to-move-cut-profiles-from-cutting-station-to-assembly-station-in-the-workshop HTTP/1.1" 429 227 www.mgsaws.com "-" "Mozilla/5.0 AppleWebKit/537.36 (KHTML, like Gecko; compatible; Amazonbot/0.1; +https://developer.amazon.com/support/amazonbot) Chrome/119.0.6045.214 Safari/537.36" "-"
14.231.205.0 - - [18/Jun/2025:03:56:02 +0200] "GET /news-details/benefits-of-a-corner-crimping-machine HTTP/1.1" 200 60993 www.mgsaws.com "-" "Mozilla/5.0 (Windows NT 10.0; Win64; x64; rv:123.0) Gecko/20100101 Firefox/123.0 OpenWave/94.4.4504.39" "-"
2a01:4f8:100:: - - [18/Jun/2025:04:02:54 +0200] "GET / HTTP/1.1" 200 144501 www.mgsaws.com "http://www.webwiki.pt/www.mgsaws.com" "Mozilla/5.0 (compatible; WebwikiBot/2.1; +https://www.webwiki.pt)" "-"
66.249.76.0 - - [18/Jun/2025:04:04:53 +0200] "GET /show-product/autopos-motorized-positioning-system HTTP/1.1" 200 71431 www.mgsaws.com "-" "Mozilla/5.0 (Linux; Android 6.0.1; Nexus 5X Build/MMB29P) AppleWebKit/537.36 (KHTML, like Gecko) Chrome/136.0.7103.113 Mobile Safari/537.36 (compatible; Googlebot/2.1; +http://www.google.com/bot.html)" "-"
66.249.76.0 - - [18/Jun/2025:04:05:01 +0200] "GET /frontend/css/responsive.css HTTP/1.1" 200 4701 www.mgsaws.com "https://www.mgsaws.com/show-product/autopos-motorized-positioning-system" "Mozilla/5.0 (Linux; Android 6.0.1; Nexus 5X Build/MMB29P) AppleWebKit/537.36 (KHTML, like Gecko) Chrome/137.0.7151.68 Mobile Safari/537.36 (compatible; Googlebot/2.1; +http://www.google.com/bot.html)" "-"
192.178.6.0 - - [18/Jun/2025:04:05:01 +0200] "GET /frontend/css/default.css HTTP/1.1" 200 3383 www.mgsaws.com "https://www.mgsaws.com/show-product/autopos-motorized-positioning-system" "Mozilla/5.0 (Linux; Android 6.0.1; Nexus 5X Build/MMB29P) AppleWebKit/537.36 (KHTML, like Gecko) Chrome/137.0.7151.68 Mobile Safari/537.36 (compatible; Googlebot/2.1; +http://www.google.com/bot.html)" "-"
192.178.6.0 - - [18/Jun/2025:04:05:02 +0200] "GET /frontend/css/tab.css HTTP/1.1" 200 708 www.mgsaws.com "https://www.mgsaws.com/show-product/autopos-motorized-positioning-system" "Mozilla/5.0 (Linux; Android 6.0.1; Nexus 5X Build/MMB29P) AppleWebKit/537.36 (KHTML, like Gecko) Chrome/137.0.7151.68 Mobile Safari/537.36 (compatible; Googlebot/2.1; +http://www.google.com/bot.html)" "-"
66.249.76.0 - - [18/Jun/2025:04:05:02 +0200] "GET /frontend/js/owl.carousel.min.js HTTP/1.1" 200 13180 www.mgsaws.com "https://www.mgsaws.com/show-product/autopos-motorized-positioning-system" "Mozilla/5.0 (Linux; Android 6.0.1; Nexus 5X Build/MMB29P) AppleWebKit/537.36 (KHTML, like Gecko) Chrome/137.0.7151.68 Mobile Safari/537.36 (compatible; Googlebot/2.1; +http://www.google.com/bot.html)" "-"
192.178.6.0 - - [18/Jun/2025:04:05:04 +0200] "GET /frontend/js/scrolltop.js HTTP/1.1" 200 729 www.mgsaws.com "https://www.mgsaws.com/show-product/autopos-motorized-positioning-system" "Mozilla/5.0 (Linux; Android 6.0.1; Nexus 5X Build/MMB29P) AppleWebKit/537.36 (KHTML, like Gecko) Chrome/137.0.7151.68 Mobile Safari/537.36 (compatible; Googlebot/2.1; +http://www.google.com/bot.html)" "-"
66.249.76.0 - - [18/Jun/2025:04:05:14 +0200] "GET /storage/pdf/20211116081234.pdf HTTP/1.1" 200 309698 www.mgsaws.com "https://www.mgsaws.com/show-product/autopos-motorized-positioning-system" "Mozilla/5.0 (Linux; Android 6.0.1; Nexus 5X Build/MMB29P) AppleWebKit/537.36 (KHTML, like Gecko) Chrome/137.0.7151.68 Mobile Safari/537.36 (compatible; Googlebot/2.1; +http://www.google.com/bot.html)" "-"
213.180.203.0 - - [18/Jun/2025:04:07:03 +0200] "GET /robots.txt HTTP/1.1" 429 227 www.mgsaws.com "-" "Mozilla/5.0 (compatible; YandexBot/3.0; +http://yandex.com/bots)" "-"
192.178.6.0 - - [18/Jun/2025:04:08:12 +0200] "GET /storage/tumb/20221206090902.jpg HTTP/1.1" 200 27033 www.mgsaws.com "-" "Googlebot-Image/1.0" "-"
114.119.128.0 - - [18/Jun/2025:04:11:05 +0200] "GET /storage/productimage/20211019062834.jpg HTTP/1.1" 200 78410 www.mgsaws.com "https://www.mgsaws.com/show-product/c-452-m-aluminium-pvc-copy-router-milling-machine" "Mozilla/5.0 (Linux; Android 7.0;) AppleWebKit/537.36 (KHTML, like Gecko) Mobile Safari/537.36 (compatible; PetalBot;+https://webmaster.petalsearch.com/site/petalbot)" "-"
114.119.140.0 - - [18/Jun/2025:04:12:27 +0200] "GET /storage/productgraph/20230109092552.webp HTTP/1.1" 200 5976 www.mgsaws.com "https://www.mgsaws.com/show-product/080126-gaa-350-90-cnc-aluminum-automatic-cutting-saw" "Mozilla/5.0 (Linux; Android 7.0;) AppleWebKit/537.36 (KHTML, like Gecko) Mobile Safari/537.36 (compatible; PetalBot;+https://webmaster.petalsearch.com/site/petalbot)" "-"
66.249.93.0 - - [18/Jun/2025:04:12:53 +0200] "GET /.well-known/traffic-advice HTTP/1.1" 404 6609 www.mgsaws.com "-" "Chrome Privacy Preserving Prefetch Proxy" "-"
2001:4860:: - - [18/Jun/2025:04:12:53 +0200] "GET /all-products/sub/single-head-cutting-machine HTTP/1.1" 200 60676 www.mgsaws.com "https://www.google.com/" "Mozilla/5.0 (Windows NT 10.0; Win64; x64) AppleWebKit/537.36 (KHTML, like Gecko) Chrome/137.0.0.0 Safari/537.36" "-"
2a03:2880:f800:: - - [18/Jun/2025:04:13:49 +0200] "GET /show-product/050135-duo-550-double-cutting-machine-for-aluminum-pvc-cutting HTTP/1.1" 429 227 www.mgsaws.com "-" "meta-externalagent/1.1 (+https://developers.facebook.com/docs/sharing/webmasters/crawler)" "-"
114.119.128.0 - - [18/Jun/2025:04:13:59 +0200] "GET /storage/product/20221207111952.jpg HTTP/1.1" 200 57334 www.mgsaws.com "https://www.mgsaws.com/show-product/gaa-350-90-cnc-tr12-v-y-tr12-z" "Mozilla/5.0 (Linux; Android 7.0;) AppleWebKit/537.36 (KHTML, like Gecko) Mobile Safari/537.36 (compatible; PetalBot;+https://webmaster.petalsearch.com/site/petalbot)" "-"
114.119.157.0 - - [18/Jun/2025:04:15:05 +0200] "GET /show-product/tlg-352-m-manual-cutting-machine-for-aluminiumpvc HTTP/1.1" 200 72263 www.mgsaws.com "https://www.mgsaws.com/show-product/tl-302-sa-aluminium-pvc-cutting-machine" "Mozilla/5.0 (Linux; Android 7.0;) AppleWebKit/537.36 (KHTML, like Gecko) Mobile Safari/537.36 (compatible; PetalBot;+https://webmaster.petalsearch.com/site/petalbot)" "-"
114.119.137.0 - - [18/Jun/2025:04:17:52 +0200] "GET /products/moza-single-pvc-coated-roller-stand-for-support-of-profiles HTTP/1.1" 302 358 www.mgsaws.com "https://www.mgsaws.com/products/cat-sub/39" "Mozilla/5.0 (Linux; Android 7.0;) AppleWebKit/537.36 (KHTML, like Gecko) Mobile Safari/537.36 (compatible; PetalBot;+https://webmaster.petalsearch.com/site/petalbot)" "-"
114.119.137.0 - - [18/Jun/2025:04:17:54 +0200] "GET /login HTTP/1.1" 200 260448 www.mgsaws.com "https://www.mgsaws.com/products/cat-sub/39" "Mozilla/5.0 (Linux; Android 7.0;) AppleWebKit/537.36 (KHTML, like Gecko) Mobile Safari/537.36 (compatible; PetalBot;+https://webmaster.petalsearch.com/site/petalbot)" "-"
114.119.142.0 - - [18/Jun/2025:04:19:41 +0200] "GET /pdf/20211112125418.pdf HTTP/1.1" 200 292387 www.mgsaws.com "-" "Mozilla/5.0 (Linux; Android 7.0;) AppleWebKit/537.36 (KHTML, like Gecko) Mobile Safari/537.36 (compatible; PetalBot;+https://webmaster.petalsearch.com/site/petalbot)" "-"
114.119.139.0 - - [18/Jun/2025:04:20:44 +0200] "GET /show-product/autopos-barcode-reader-motorized-positioning-system-with-barcode-reader-to-position-automatically-the-autopos-by-reading-of-the-label-with-lenght-position HTTP/1.1" 200 72287 www.mgsaws.com "https://www.mgsaws.com/show-product/tm-manual-positioning-measurement-system-with-handwheel-analog-positioning-display-and-manual-fixing" "Mozilla/5.0 (Linux; Android 7.0;) AppleWebKit/537.36 (KHTML, like Gecko) Mobile Safari/537.36 (compatible; PetalBot;+https://webmaster.petalsearch.com/site/petalbot)" "-"
2a03:2880:f800:: - - [18/Jun/2025:04:22:15 +0200] "GET /news-details/features-and-applications-of-automatic-aluminum-cutting-machine HTTP/1.1" 429 227 www.mgsaws.com "-" "meta-externalagent/1.1 (+https://developers.facebook.com/docs/sharing/webmasters/crawler)" "-"
114.119.150.0 - - [18/Jun/2025:04:22:29 +0200] "GET /products/tl-302-m-aluminium-pvc-cutting-machine HTTP/1.1" 302 358 www.mgsaws.com "https://mgsaws.com/blogs/all-you-need-to-know-of-endmilling" "Mozilla/5.0 (Linux; Android 7.0;) AppleWebKit/537.36 (KHTML, like Gecko) Mobile Safari/537.36 (compatible; PetalBot;+https://webmaster.petalsearch.com/site/petalbot)" "-"
114.119.150.0 - - [18/Jun/2025:04:22:32 +0200] "GET /login HTTP/1.1" 200 260448 www.mgsaws.com "https://mgsaws.com/blogs/all-you-need-to-know-of-endmilling" "Mozilla/5.0 (Linux; Android 7.0;) AppleWebKit/537.36 (KHTML, like Gecko) Mobile Safari/537.36 (compatible; PetalBot;+https://webmaster.petalsearch.com/site/petalbot)" "-"
114.119.140.0 - - [18/Jun/2025:04:23:35 +0200] "GET /news-details/different-types-of-aluminium-cutting-machine HTTP/1.1" 200 64630 www.mgsaws.com "https://www.mgsaws.com/blogs" "Mozilla/5.0 (Linux; Android 7.0;) AppleWebKit/537.36 (KHTML, like Gecko) Mobile Safari/537.36 (compatible; PetalBot;+https://webmaster.petalsearch.com/site/petalbot)" "-"
114.119.142.0 - - [18/Jun/2025:04:24:59 +0200] "GET /index.php/show-product/rafre-cr-a-aluminium-pvc-manual-corner-milling-machine HTTP/1.1" 500 616855 www.mgsaws.com "https://www.mgsaws.com/index.php/all-products/sub/end-milling-machines" "Mozilla/5.0 (Linux; Android 7.0;) AppleWebKit/537.36 (KHTML, like Gecko) Mobile Safari/537.36 (compatible; PetalBot;+https://webmaster.petalsearch.com/site/petalbot)" "-"
114.119.137.0 - - [18/Jun/2025:04:26:25 +0200] "GET /index.php/show-product/c-500-a-aluminium-pvc-copy-router-milling-machine HTTP/1.1" 200 69714 www.mgsaws.com "https://www.mgsaws.com/index.php/show-product/c-452-sa-aluminium-pvc-copy-router-milling-machine" "Mozilla/5.0 (Linux; Android 7.0;) AppleWebKit/537.36 (KHTML, like Gecko) Mobile Safari/537.36 (compatible; PetalBot;+https://webmaster.petalsearch.com/site/petalbot)" "-"
114.119.140.0 - - [18/Jun/2025:04:28:01 +0200] "GET /index.php/all-products/sub/corner-crimping-machines HTTP/1.1" 200 47587 www.mgsaws.com "https://www.mgsaws.com/index.php/all-products/sub/machining-centers" "Mozilla/5.0 (Linux; Android 7.0;) AppleWebKit/537.36 (KHTML, like Gecko) Mobile Safari/537.36 (compatible; PetalBot;+https://webmaster.petalsearch.com/site/petalbot)" "-"
114.119.150.0 - - [18/Jun/2025:04:29:07 +0200] "GET /all-products/sub/punching-machine&ved=2ahUKEwiIk7WxpZH_AhXjpZUCHYOUDyAQFnoECD4QAg&usg=AOvVaw0yhvfwXPNGzFmEwFv2oDoE HTTP/1.1" 200 43737 www.mgsaws.com "https://www.mgsaws.com/all-products/sub/punching-machine&ved=2ahUKEwiIk7WxpZH_AhXjpZUCHYOUDyAQFnoECD4QAg&usg=AOvVaw0yhvfwXPNGzFmEwFv2oDoE" "Mozilla/5.0 (Linux; Android 7.0;) AppleWebKit/537.36 (KHTML, like Gecko) Mobile Safari/537.36 (compatible; PetalBot;+https://webmaster.petalsearch.com/site/petalbot)" "-"
114.119.140.0 - - [18/Jun/2025:04:30:50 +0200] "GET /storage/pdf/1673345336_116.pdf HTTP/1.1" 200 64943 mgsaws.com "https://mgsaws.com/show-product/090140-gaa-600-90-aluminum-automatic-cutting-saw" "Mozilla/5.0 (Linux; Android 7.0;) AppleWebKit/537.36 (KHTML, like Gecko) Mobile Safari/537.36 (compatible; PetalBot;+https://webmaster.petalsearch.com/site/petalbot)" "-"
114.119.150.0 - - [18/Jun/2025:04:32:07 +0200] "GET /show-product/gaa-350-90-cnc-tr12-yaxis HTTP/1.1" 200 69087 www.mgsaws.com "https://www.mgsaws.com/show-product/gaa-350-90-cnc-tr12-v-y-tr12-z" "Mozilla/5.0 (Linux; Android 7.0;) AppleWebKit/537.36 (KHTML, like Gecko) Mobile Safari/537.36 (compatible; PetalBot;+https://webmaster.petalsearch.com/site/petalbot)" "-"
114.119.140.0 - - [18/Jun/2025:04:33:19 +0200] "GET /pdf/20211116081721.pdf HTTP/1.1" 200 499354 mgsaws.com "https://mgsaws.com/products/vortex-58-industrial-vaccum-cleaner-for-aluminium-pvc-chips" "Mozilla/5.0 (Linux; Android 7.0;) AppleWebKit/537.36 (KHTML, like Gecko) Mobile Safari/537.36 (compatible; PetalBot;+https://webmaster.petalsearch.com/site/petalbot)" "-"
207.46.13.0 - - [18/Jun/2025:04:34:35 +0200] "GET /show-product/tl-350-sa-aluminium-pvc-cutting-machine HTTP/1.1" 200 71940 www.mgsaws.com "-" "Mozilla/5.0 AppleWebKit/537.36 (KHTML, like Gecko; compatible; bingbot/2.0; +http://www.bing.com/bingbot.htm) Chrome/116.0.1938.76 Safari/537.36" "-"
114.119.137.0 - - [18/Jun/2025:04:34:56 +0200] "GET /storage/productgraph/20230109093432.webp HTTP/1.1" 200 5976 www.mgsaws.com "https://www.mgsaws.com/index.php/show-product/090155-gaa-500-90-cncaluminium---pvc-automatic-cutting-saw" "Mozilla/5.0 (Linux; Android 7.0;) AppleWebKit/537.36 (KHTML, like Gecko) Mobile Safari/537.36 (compatible; PetalBot;+https://webmaster.petalsearch.com/site/petalbot)" "-"
20.171.207.0 - - [18/Jun/2025:04:35:30 +0200] "GET /storage/event/20231128103130.jpg HTTP/1.1" 429 227 www.mgsaws.com "-" "Mozilla/5.0 AppleWebKit/537.36 (KHTML, like Gecko; compatible; GPTBot/1.2; +https://openai.com/gptbot)" "-"
20.171.207.0 - - [18/Jun/2025:04:35:32 +0200] "GET /storage/event/20240205102758.jpg HTTP/1.1" 429 227 www.mgsaws.com "-" "Mozilla/5.0 AppleWebKit/537.36 (KHTML, like Gecko; compatible; GPTBot/1.2; +https://openai.com/gptbot)" "-"
114.119.142.0 - - [18/Jun/2025:04:35:58 +0200] "GET /index.php/news-details/benefits-of-a-corner-crimping-machine HTTP/1.1" 200 61603 www.mgsaws.com "https://www.mgsaws.com/index.php/news-details/fundamentals-on-corner-milling-machine:-uses-and-industrial-applications" "Mozilla/5.0 (Linux; Android 7.0;) AppleWebKit/537.36 (KHTML, like Gecko) Mobile Safari/537.36 (compatible; PetalBot;+https://webmaster.petalsearch.com/site/petalbot)" "-"
114.119.157.0 - - [18/Jun/2025:04:37:42 +0200] "GET /index.php/faq HTTP/1.1" 200 51826 www.mgsaws.com "https://www.mgsaws.com/index.php/all-products/sub/machining-centers" "Mozilla/5.0 (Linux; Android 7.0;) AppleWebKit/537.36 (KHTML, like Gecko) Mobile Safari/537.36 (compatible; PetalBot;+https://webmaster.petalsearch.com/site/petalbot)" "-"
114.119.142.0 - - [18/Jun/2025:04:38:44 +0200] "GET /news-details/what-are-the-benefits-of-copy-routers HTTP/1.1" 200 61840 mgsaws.com "https://mgsaws.com/blogs" "Mozilla/5.0 (Linux; Android 7.0;) AppleWebKit/537.36 (KHTML, like Gecko) Mobile Safari/537.36 (compatible; PetalBot;+https://webmaster.petalsearch.com/site/petalbot)" "-"
114.119.128.0 - - [18/Jun/2025:04:40:26 +0200] "GET /all-products/sub/automatic-cutting-90- HTTP/1.1" 200 43057 mgsaws.com "https://mgsaws.com/all-products/sub/automatic-cutting-90-" "Mozilla/5.0 (Linux; Android 7.0;) AppleWebKit/537.36 (KHTML, like Gecko) Mobile Safari/537.36 (compatible; PetalBot;+https://webmaster.petalsearch.com/site/petalbot)" "-"
114.119.128.0 - - [18/Jun/2025:04:41:53 +0200] "GET /show-product/moza-single-pvc-coated-roller-stand-for-support-of-profiles HTTP/1.1" 200 68768 mgsaws.com "http://mgsaws.com/show-product/pusher-autopos-automatic-feeding-system-integratd-with-our-models-of-single-blade-cutting-machines-tl" "Mozilla/5.0 (Linux; Android 7.0;) AppleWebKit/537.36 (KHTML, like Gecko) Mobile Safari/537.36 (compatible; PetalBot;+https://webmaster.petalsearch.com/site/petalbot)" "-"
2a03:2880:f800:: - - [18/Jun/2025:04:42:03 +0200] "GET /news-details/what-are-the-benefits-of-copy-routers HTTP/1.1" 429 227 www.mgsaws.com "-" "meta-externalagent/1.1 (+https://developers.facebook.com/docs/sharing/webmasters/crawler)" "-"
192.178.6.0 - - [18/Jun/2025:04:42:22 +0200] "GET /contact-us HTTP/1.1" 200 54651 www.mgsaws.com "-" "Mozilla/5.0 (Linux; Android 6.0.1; Nexus 5X Build/MMB29P) AppleWebKit/537.36 (KHTML, like Gecko) Chrome/136.0.7103.113 Mobile Safari/537.36 (compatible; Googlebot/2.1; +http://www.google.com/bot.html)" "-"
2001:4860:: - - [18/Jun/2025:04:49:07 +0200] "GET /all-products/sub/double-head-cutting-machine HTTP/1.1" 200 48511 www.mgsaws.com "https://www.google.com/" "Mozilla/5.0 (Linux; Android 10; K) AppleWebKit/537.36 (KHTML, like Gecko) Chrome/137.0.0.0 Mobile Safari/537.36" "-"
157.55.39.0 - - [18/Jun/2025:04:52:14 +0200] "GET / HTTP/1.1" 200 144501 www.mgsaws.com "-" "Mozilla/5.0 AppleWebKit/537.36 (KHTML, like Gecko; compatible; bingbot/2.0; +http://www.bing.com/bingbot.htm) Chrome/116.0.1938.76 Safari/537.36" "-"
47.195.117.0 - - [18/Jun/2025:04:53:15 +0200] "GET /.env HTTP/1.1" 404 6609 mgsaws.com "-" "Mozilla/5.0 (Linux; U; Android 4.4.2; en-US; HM NOTE 1W Build/KOT49H) AppleWebKit/534.30 (KHTML, like Gecko) Version/4.0 UCBrowser/11.0.5.850 U3/0.8.0 Mobile Safari/534.30" "-"
47.195.117.0 - - [18/Jun/2025:04:53:51 +0200] "POST / HTTP/1.1" 405 576353 mgsaws.com "-" "Mozilla/5.0 (Linux; U; Android 4.4.2; en-US; HM NOTE 1W Build/KOT49H) AppleWebKit/534.30 (KHTML, like Gecko) Version/4.0 UCBrowser/11.0.5.850 U3/0.8.0 Mobile Safari/534.30" "-"
47.195.117.0 - - [18/Jun/2025:04:54:24 +0200] "GET /.env HTTP/1.1" 404 6609 mgsaws.com "-" "Mozilla/5.0 (Linux; U; Android 4.4.2; en-US; HM NOTE 1W Build/KOT49H) AppleWebKit/534.30 (KHTML, like Gecko) Version/4.0 UCBrowser/11.0.5.850 U3/0.8.0 Mobile Safari/534.30" "-"
47.195.117.0 - - [18/Jun/2025:04:55:25 +0200] "POST / HTTP/1.1" 405 576348 mgsaws.com "-" "Mozilla/5.0 (Linux; U; Android 4.4.2; en-US; HM NOTE 1W Build/KOT49H) AppleWebKit/534.30 (KHTML, like Gecko) Version/4.0 UCBrowser/11.0.5.850 U3/0.8.0 Mobile Safari/534.30" "-"
2602:ffe4:: - - [18/Jun/2025:04:55:53 +0200] "GET /storage/pdf/20211116093529.pdf HTTP/1.1" 429 227 mgsaws.com "-" "Mozilla/5.0 (Linux; Android 5.0) AppleWebKit/537.36 (KHTML, like Gecko) Mobile Safari/537.36 (compatible; Bytespider; spider-feedback@bytedance.com)" "-"
