47.195.117.0 - - [18/Jun/2025:04:56:06 +0200] "GET /vendor/phpunit/phpunit/src/Util/PHP/eval-stdin.php HTTP/1.1" 404 6609 mgsaws.com "-" "python-requests/2.25.1" "-"
2a03:2880:f800:: - - [18/Jun/2025:04:57:14 +0200] "GET /news-details/overview-on-aluminium-windows-crimping-machine HTTP/1.1" 429 227 mgsaws.com "-" "meta-externalagent/1.1 (+https://developers.facebook.com/docs/sharing/webmasters/crawler)" "-"
5.255.231.0 - - [18/Jun/2025:05:07:03 +0200] "GET /robots.txt HTTP/1.1" 429 227 www.mgsaws.com "-" "Mozilla/5.0 (compatible; YandexBot/3.0; +http://yandex.com/bots)" "-"
216.24.210.0 - - [18/Jun/2025:05:07:17 +0200] "GET /news-details/industrial-miter-saw:-everything-you-need-to-know HTTP/1.1" 200 66945 mgsaws.com "-" "Mozilla/5.0 (Windows NT 10.0; Win64; x64; rv:109.0) Gecko/20100101 Firefox/111.0" "-"
216.24.210.0 - - [18/Jun/2025:05:08:13 +0200] "GET / HTTP/1.1" 200 142933 mgsaws.com "-" "Mozilla/5.0 (Windows NT 10.0; Win64; x64; rv:109.0) Gecko/20100101 Firefox/111.0" "-"
240e:3ba:3000:: - - [18/Jun/2025:05:09:52 +0200] "GET / HTTP/1.1" 200 142541 mgsaws.com "-" "Mozilla/5.0 (Windows NT 10.0; Win64; x64) AppleWebKit/537.36 (KHTML, like Gecko) Chrome/104.0.5112.81 Safari/537.36 Edg/104.0.1293.54" "-"
2600:1700:600:: - - [18/Jun/2025:05:10:26 +0200] "GET /news-details/different-types-of-aluminium-cutting-machine HTTP/1.1" 200 64630 www.mgsaws.com "-" "Mozilla/5.0 (Macintosh; Intel Mac OS X 10_15_7) AppleWebKit/537.36 (KHTML, like Gecko) Chrome/137.0.0.0 Safari/537.36" "-"
98.237.157.0 - - [18/Jun/2025:05:10:26 +0200] "GET /news-details/different-types-of-aluminium-cutting-machine HTTP/1.1" 200 64630 www.mgsaws.com "-" "Mozilla/5.0 (Windows NT 10.0; Win64; x64) AppleWebKit/537.36 (KHTML, like Gecko) Chrome/134.0.0.0 Safari/537.36 OPR/119.0.0.0" "-"
2600:1700:600:: - - [18/Jun/2025:05:10:27 +0200] "GET /news-details/different-types-of-aluminium-cutting-machine HTTP/1.1" 200 64630 www.mgsaws.com "https://drive.google.com/" "Mozilla/5.0 (Macintosh; Intel Mac OS X 10_15_7) AppleWebKit/537.36 (KHTML, like Gecko) Chrome/137.0.0.0 Safari/537.36" "-"
2600:1700:600:: - - [18/Jun/2025:05:10:27 +0200] "GET /frontend/css/bootstrap.min.css HTTP/1.1" 200 32796 www.mgsaws.com "https://www.mgsaws.com/news-details/different-types-of-aluminium-cutting-machine" "Mozilla/5.0 (Macintosh; Intel Mac OS X 10_15_7) AppleWebKit/537.36 (KHTML, like Gecko) Chrome/137.0.0.0 Safari/537.36" "-"
2600:1700:600:: - - [18/Jun/2025:05:10:27 +0200] "GET /frontend/css/meanmenu.css HTTP/1.1" 200 1056 www.mgsaws.com "https://www.mgsaws.com/news-details/different-types-of-aluminium-cutting-machine" "Mozilla/5.0 (Macintosh; Intel Mac OS X 10_15_7) AppleWebKit/537.36 (KHTML, like Gecko) Chrome/137.0.0.0 Safari/537.36" "-"
98.237.157.0 - - [18/Jun/2025:05:10:27 +0200] "GET /news-details/different-types-of-aluminium-cutting-machine HTTP/1.1" 200 64630 www.mgsaws.com "https://hosthavoc.com/" "Mozilla/5.0 (Windows NT 10.0; Win64; x64) AppleWebKit/537.36 (KHTML, like Gecko) Chrome/134.0.0.0 Safari/537.36 OPR/119.0.0.0" "-"
2600:1700:600:: - - [18/Jun/2025:05:10:28 +0200] "GET /frontend/css/animate.min.css HTTP/1.1" 200 6796 www.mgsaws.com "https://www.mgsaws.com/news-details/different-types-of-aluminium-cutting-machine" "Mozilla/5.0 (Macintosh; Intel Mac OS X 10_15_7) AppleWebKit/537.36 (KHTML, like Gecko) Chrome/137.0.0.0 Safari/537.36" "-"
2600:1700:600:: - - [18/Jun/2025:05:10:28 +0200] "GET /frontend/css/magnific-popup.css HTTP/1.1" 200 2140 www.mgsaws.com "https://www.mgsaws.com/news-details/different-types-of-aluminium-cutting-machine" "Mozilla/5.0 (Macintosh; Intel Mac OS X 10_15_7) AppleWebKit/537.36 (KHTML, like Gecko) Chrome/137.0.0.0 Safari/537.36" "-"
98.237.157.0 - - [18/Jun/2025:05:10:28 +0200] "GET /frontend/css/bootstrap.min.css HTTP/1.1" 200 32796 www.mgsaws.com "https://www.mgsaws.com/news-details/different-types-of-aluminium-cutting-machine" "Mozilla/5.0 (Windows NT 10.0; Win64; x64) AppleWebKit/537.36 (KHTML, like Gecko) Chrome/134.0.0.0 Safari/537.36 OPR/119.0.0.0" "-"
98.237.157.0 - - [18/Jun/2025:05:10:28 +0200] "GET /frontend/css/meanmenu.css HTTP/1.1" 200 1056 www.mgsaws.com "https://www.mgsaws.com/news-details/different-types-of-aluminium-cutting-machine" "Mozilla/5.0 (Windows NT 10.0; Win64; x64) AppleWebKit/537.36 (KHTML, like Gecko) Chrome/134.0.0.0 Safari/537.36 OPR/119.0.0.0" "-"
2600:1700:600:: - - [18/Jun/2025:05:10:28 +0200] "GET /frontend/css/owl.carousel.min.css HTTP/1.1" 200 1020 www.mgsaws.com "https://www.mgsaws.com/news-details/different-types-of-aluminium-cutting-machine" "Mozilla/5.0 (Macintosh; Intel Mac OS X 10_15_7) AppleWebKit/537.36 (KHTML, like Gecko) Chrome/137.0.0.0 Safari/537.36" "-"
2600:1700:600:: - - [18/Jun/2025:05:10:28 +0200] "GET /frontend/css/owl.theme.default.min.css HTTP/1.1" 200 491 www.mgsaws.com "https://www.mgsaws.com/news-details/different-types-of-aluminium-cutting-machine" "Mozilla/5.0 (Macintosh; Intel Mac OS X 10_15_7) AppleWebKit/537.36 (KHTML, like Gecko) Chrome/137.0.0.0 Safari/537.36" "-"
2600:1700:600:: - - [18/Jun/2025:05:10:28 +0200] "GET /frontend/css/scrolltop.css HTTP/1.1" 200 630 www.mgsaws.com "https://www.mgsaws.com/news-details/different-types-of-aluminium-cutting-machine" "Mozilla/5.0 (Macintosh; Intel Mac OS X 10_15_7) AppleWebKit/537.36 (KHTML, like Gecko) Chrome/137.0.0.0 Safari/537.36" "-"
98.237.157.0 - - [18/Jun/2025:05:10:28 +0200] "GET /frontend/css/magnific-popup.css HTTP/1.1" 200 2140 www.mgsaws.com "https://www.mgsaws.com/news-details/different-types-of-aluminium-cutting-machine" "Mozilla/5.0 (Windows NT 10.0; Win64; x64) AppleWebKit/537.36 (KHTML, like Gecko) Chrome/134.0.0.0 Safari/537.36 OPR/119.0.0.0" "-"
98.237.157.0 - - [18/Jun/2025:05:10:28 +0200] "GET /frontend/css/animate.min.css HTTP/1.1" 200 6796 www.mgsaws.com "https://www.mgsaws.com/news-details/different-types-of-aluminium-cutting-machine" "Mozilla/5.0 (Windows NT 10.0; Win64; x64) AppleWebKit/537.36 (KHTML, like Gecko) Chrome/134.0.0.0 Safari/537.36 OPR/119.0.0.0" "-"
2600:1700:600:: - - [18/Jun/2025:05:10:28 +0200] "GET /frontend/css/default.css HTTP/1.1" 200 3383 www.mgsaws.com "https://www.mgsaws.com/news-details/different-types-of-aluminium-cutting-machine" "Mozilla/5.0 (Macintosh; Intel Mac OS X 10_15_7) AppleWebKit/537.36 (KHTML, like Gecko) Chrome/137.0.0.0 Safari/537.36" "-"
2600:1700:600:: - - [18/Jun/2025:05:10:28 +0200] "GET /frontend/css/wedget.css HTTP/1.1" 200 2286 www.mgsaws.com "https://www.mgsaws.com/news-details/different-types-of-aluminium-cutting-machine" "Mozilla/5.0 (Macintosh; Intel Mac OS X 10_15_7) AppleWebKit/537.36 (KHTML, like Gecko) Chrome/137.0.0.0 Safari/537.36" "-"
2600:1700:600:: - - [18/Jun/2025:05:10:28 +0200] "GET /frontend/css/style.css HTTP/1.1" 200 21304 www.mgsaws.com "https://www.mgsaws.com/news-details/different-types-of-aluminium-cutting-machine" "Mozilla/5.0 (Macintosh; Intel Mac OS X 10_15_7) AppleWebKit/537.36 (KHTML, like Gecko) Chrome/137.0.0.0 Safari/537.36" "-"
98.237.157.0 - - [18/Jun/2025:05:10:28 +0200] "GET /frontend/css/owl.carousel.min.css HTTP/1.1" 200 1020 www.mgsaws.com "https://www.mgsaws.com/news-details/different-types-of-aluminium-cutting-machine" "Mozilla/5.0 (Windows NT 10.0; Win64; x64) AppleWebKit/537.36 (KHTML, like Gecko) Chrome/134.0.0.0 Safari/537.36 OPR/119.0.0.0" "-"
98.237.157.0 - - [18/Jun/2025:05:10:28 +0200] "GET /frontend/css/owl.theme.default.min.css HTTP/1.1" 200 491 www.mgsaws.com "https://www.mgsaws.com/news-details/different-types-of-aluminium-cutting-machine" "Mozilla/5.0 (Windows NT 10.0; Win64; x64) AppleWebKit/537.36 (KHTML, like Gecko) Chrome/134.0.0.0 Safari/537.36 OPR/119.0.0.0" "-"
2600:1700:600:: - - [18/Jun/2025:05:10:28 +0200] "GET /frontend/css/responsive.css HTTP/1.1" 200 4701 www.mgsaws.com "https://www.mgsaws.com/news-details/different-types-of-aluminium-cutting-machine" "Mozilla/5.0 (Macintosh; Intel Mac OS X 10_15_7) AppleWebKit/537.36 (KHTML, like Gecko) Chrome/137.0.0.0 Safari/537.36" "-"
98.237.157.0 - - [18/Jun/2025:05:10:28 +0200] "GET /frontend/css/scrolltop.css HTTP/1.1" 200 630 www.mgsaws.com "https://www.mgsaws.com/news-details/different-types-of-aluminium-cutting-machine" "Mozilla/5.0 (Windows NT 10.0; Win64; x64) AppleWebKit/537.36 (KHTML, like Gecko) Chrome/134.0.0.0 Safari/537.36 OPR/119.0.0.0" "-"
2600:1700:600:: - - [18/Jun/2025:05:10:28 +0200] "GET /frontend/css/timeline.css HTTP/1.1" 200 2855 www.mgsaws.com "https://www.mgsaws.com/news-details/different-types-of-aluminium-cutting-machine" "Mozilla/5.0 (Macintosh; Intel Mac OS X 10_15_7) AppleWebKit/537.36 (KHTML, like Gecko) Chrome/137.0.0.0 Safari/537.36" "-"
98.237.157.0 - - [18/Jun/2025:05:10:28 +0200] "GET /frontend/css/default.css HTTP/1.1" 200 3383 www.mgsaws.com "https://www.mgsaws.com/news-details/different-types-of-aluminium-cutting-machine" "Mozilla/5.0 (Windows NT 10.0; Win64; x64) AppleWebKit/537.36 (KHTML, like Gecko) Chrome/134.0.0.0 Safari/537.36 OPR/119.0.0.0" "-"
2600:1700:600:: - - [18/Jun/2025:05:10:29 +0200] "GET /frontend/css/slick.css HTTP/1.1" 200 652 www.mgsaws.com "https://www.mgsaws.com/news-details/different-types-of-aluminium-cutting-machine" "Mozilla/5.0 (Macintosh; Intel Mac OS X 10_15_7) AppleWebKit/537.36 (KHTML, like Gecko) Chrome/137.0.0.0 Safari/537.36" "-"
98.237.157.0 - - [18/Jun/2025:05:10:29 +0200] "GET /frontend/css/wedget.css HTTP/1.1" 200 2286 www.mgsaws.com "https://www.mgsaws.com/news-details/different-types-of-aluminium-cutting-machine" "Mozilla/5.0 (Windows NT 10.0; Win64; x64) AppleWebKit/537.36 (KHTML, like Gecko) Chrome/134.0.0.0 Safari/537.36 OPR/119.0.0.0" "-"
2600:1700:600:: - - [18/Jun/2025:05:10:29 +0200] "GET /frontend/css/slick.theme.css HTTP/1.1" 200 1027 www.mgsaws.com "https://www.mgsaws.com/news-details/different-types-of-aluminium-cutting-machine" "Mozilla/5.0 (Macintosh; Intel Mac OS X 10_15_7) AppleWebKit/537.36 (KHTML, like Gecko) Chrome/137.0.0.0 Safari/537.36" "-"
98.237.157.0 - - [18/Jun/2025:05:10:29 +0200] "GET /frontend/css/style.css HTTP/1.1" 200 21304 www.mgsaws.com "https://www.mgsaws.com/news-details/different-types-of-aluminium-cutting-machine" "Mozilla/5.0 (Windows NT 10.0; Win64; x64) AppleWebKit/537.36 (KHTML, like Gecko) Chrome/134.0.0.0 Safari/537.36 OPR/119.0.0.0" "-"
2600:1700:600:: - - [18/Jun/2025:05:10:29 +0200] "GET /frontend/css/gallery.css HTTP/1.1" 200 1368 www.mgsaws.com "https://www.mgsaws.com/news-details/different-types-of-aluminium-cutting-machine" "Mozilla/5.0 (Macintosh; Intel Mac OS X 10_15_7) AppleWebKit/537.36 (KHTML, like Gecko) Chrome/137.0.0.0 Safari/537.36" "-"
98.237.157.0 - - [18/Jun/2025:05:10:29 +0200] "GET /frontend/css/responsive.css HTTP/1.1" 200 4701 www.mgsaws.com "https://www.mgsaws.com/news-details/different-types-of-aluminium-cutting-machine" "Mozilla/5.0 (Windows NT 10.0; Win64; x64) AppleWebKit/537.36 (KHTML, like Gecko) Chrome/134.0.0.0 Safari/537.36 OPR/119.0.0.0" "-"
2600:1700:600:: - - [18/Jun/2025:05:10:29 +0200] "GET /frontend/img/logo.png HTTP/1.1" 200 26918 www.mgsaws.com "https://www.mgsaws.com/news-details/different-types-of-aluminium-cutting-machine" "Mozilla/5.0 (Macintosh; Intel Mac OS X 10_15_7) AppleWebKit/537.36 (KHTML, like Gecko) Chrome/137.0.0.0 Safari/537.36" "-"
2600:1700:600:: - - [18/Jun/2025:05:10:29 +0200] "GET /storage/event/20240604053952.jpg HTTP/1.1" 200 261191 www.mgsaws.com "https://www.mgsaws.com/news-details/different-types-of-aluminium-cutting-machine" "Mozilla/5.0 (Macintosh; Intel Mac OS X 10_15_7) AppleWebKit/537.36 (KHTML, like Gecko) Chrome/137.0.0.0 Safari/537.36" "-"
98.237.157.0 - - [18/Jun/2025:05:10:29 +0200] "GET /frontend/css/timeline.css HTTP/1.1" 200 2855 www.mgsaws.com "https://www.mgsaws.com/news-details/different-types-of-aluminium-cutting-machine" "Mozilla/5.0 (Windows NT 10.0; Win64; x64) AppleWebKit/537.36 (KHTML, like Gecko) Chrome/134.0.0.0 Safari/537.36 OPR/119.0.0.0" "-"
98.237.157.0 - - [18/Jun/2025:05:10:29 +0200] "GET /frontend/css/slick.css HTTP/1.1" 200 652 www.mgsaws.com "https://www.mgsaws.com/news-details/different-types-of-aluminium-cutting-machine" "Mozilla/5.0 (Windows NT 10.0; Win64; x64) AppleWebKit/537.36 (KHTML, like Gecko) Chrome/134.0.0.0 Safari/537.36 OPR/119.0.0.0" "-"
98.237.157.0 - - [18/Jun/2025:05:10:29 +0200] "GET /frontend/css/slick.theme.css HTTP/1.1" 200 1027 www.mgsaws.com "https://www.mgsaws.com/news-details/different-types-of-aluminium-cutting-machine" "Mozilla/5.0 (Windows NT 10.0; Win64; x64) AppleWebKit/537.36 (KHTML, like Gecko) Chrome/134.0.0.0 Safari/537.36 OPR/119.0.0.0" "-"
2600:1700:600:: - - [18/Jun/2025:05:10:29 +0200] "GET /frontend/js/modernizr-3.5.0.min.js HTTP/1.1" 200 3826 www.mgsaws.com "https://www.mgsaws.com/news-details/different-types-of-aluminium-cutting-machine" "Mozilla/5.0 (Macintosh; Intel Mac OS X 10_15_7) AppleWebKit/537.36 (KHTML, like Gecko) Chrome/137.0.0.0 Safari/537.36" "-"
2600:1700:600:: - - [18/Jun/2025:05:10:29 +0200] "GET /storage/event/20250602122235.jpg HTTP/1.1" 200 564195 www.mgsaws.com "https://www.mgsaws.com/news-details/different-types-of-aluminium-cutting-machine" "Mozilla/5.0 (Macintosh; Intel Mac OS X 10_15_7) AppleWebKit/537.36 (KHTML, like Gecko) Chrome/137.0.0.0 Safari/537.36" "-"
98.237.157.0 - - [18/Jun/2025:05:10:29 +0200] "GET /frontend/css/gallery.css HTTP/1.1" 200 1368 www.mgsaws.com "https://www.mgsaws.com/news-details/different-types-of-aluminium-cutting-machine" "Mozilla/5.0 (Windows NT 10.0; Win64; x64) AppleWebKit/537.36 (KHTML, like Gecko) Chrome/134.0.0.0 Safari/537.36 OPR/119.0.0.0" "-"
98.237.157.0 - - [18/Jun/2025:05:10:29 +0200] "GET /frontend/img/logo.png HTTP/1.1" 200 26918 www.mgsaws.com "https://www.mgsaws.com/news-details/different-types-of-aluminium-cutting-machine" "Mozilla/5.0 (Windows NT 10.0; Win64; x64) AppleWebKit/537.36 (KHTML, like Gecko) Chrome/134.0.0.0 Safari/537.36 OPR/119.0.0.0" "-"
98.237.157.0 - - [18/Jun/2025:05:10:29 +0200] "GET /storage/event/20240604053952.jpg HTTP/1.1" 200 261191 www.mgsaws.com "https://www.mgsaws.com/news-details/different-types-of-aluminium-cutting-machine" "Mozilla/5.0 (Windows NT 10.0; Win64; x64) AppleWebKit/537.36 (KHTML, like Gecko) Chrome/134.0.0.0 Safari/537.36 OPR/119.0.0.0" "-"
2600:1700:600:: - - [18/Jun/2025:05:10:29 +0200] "GET /storage/event/20250507035817.jpg HTTP/1.1" 200 311066 www.mgsaws.com "https://www.mgsaws.com/news-details/different-types-of-aluminium-cutting-machine" "Mozilla/5.0 (Macintosh; Intel Mac OS X 10_15_7) AppleWebKit/537.36 (KHTML, like Gecko) Chrome/137.0.0.0 Safari/537.36" "-"
98.237.157.0 - - [18/Jun/2025:05:10:30 +0200] "GET /frontend/js/modernizr-3.5.0.min.js HTTP/1.1" 200 3826 www.mgsaws.com "https://www.mgsaws.com/news-details/different-types-of-aluminium-cutting-machine" "Mozilla/5.0 (Windows NT 10.0; Win64; x64) AppleWebKit/537.36 (KHTML, like Gecko) Chrome/134.0.0.0 Safari/537.36 OPR/119.0.0.0" "-"
98.237.157.0 - - [18/Jun/2025:05:10:30 +0200] "GET /storage/event/20250602122235.jpg HTTP/1.1" 200 564195 www.mgsaws.com "https://www.mgsaws.com/news-details/different-types-of-aluminium-cutting-machine" "Mozilla/5.0 (Windows NT 10.0; Win64; x64) AppleWebKit/537.36 (KHTML, like Gecko) Chrome/134.0.0.0 Safari/537.36 OPR/119.0.0.0" "-"
2600:1700:600:: - - [18/Jun/2025:05:10:30 +0200] "GET /storage/event/20250327111058.jpg HTTP/1.1" 200 322391 www.mgsaws.com "https://www.mgsaws.com/news-details/different-types-of-aluminium-cutting-machine" "Mozilla/5.0 (Macintosh; Intel Mac OS X 10_15_7) AppleWebKit/537.36 (KHTML, like Gecko) Chrome/137.0.0.0 Safari/537.36" "-"
2600:1700:600:: - - [18/Jun/2025:05:10:30 +0200] "GET /frontend/js/jquery-1.12.4.min.js HTTP/1.1" 200 39507 www.mgsaws.com "https://www.mgsaws.com/news-details/different-types-of-aluminium-cutting-machine" "Mozilla/5.0 (Macintosh; Intel Mac OS X 10_15_7) AppleWebKit/537.36 (KHTML, like Gecko) Chrome/137.0.0.0 Safari/537.36" "-"
2600:1700:600:: - - [18/Jun/2025:05:10:30 +0200] "GET /frontend/js/popper.min.js HTTP/1.1" 200 8083 www.mgsaws.com "https://www.mgsaws.com/news-details/different-types-of-aluminium-cutting-machine" "Mozilla/5.0 (Macintosh; Intel Mac OS X 10_15_7) AppleWebKit/537.36 (KHTML, like Gecko) Chrome/137.0.0.0 Safari/537.36" "-"
98.237.157.0 - - [18/Jun/2025:05:10:30 +0200] "GET /storage/event/20250507035817.jpg HTTP/1.1" 200 311066 www.mgsaws.com "https://www.mgsaws.com/news-details/different-types-of-aluminium-cutting-machine" "Mozilla/5.0 (Windows NT 10.0; Win64; x64) AppleWebKit/537.36 (KHTML, like Gecko) Chrome/134.0.0.0 Safari/537.36 OPR/119.0.0.0" "-"
2600:1700:600:: - - [18/Jun/2025:05:10:30 +0200] "GET /frontend/js/bootstrap.min.js HTTP/1.1" 200 17162 www.mgsaws.com "https://www.mgsaws.com/news-details/different-types-of-aluminium-cutting-machine" "Mozilla/5.0 (Macintosh; Intel Mac OS X 10_15_7) AppleWebKit/537.36 (KHTML, like Gecko) Chrome/137.0.0.0 Safari/537.36" "-"
2600:1700:600:: - - [18/Jun/2025:05:10:30 +0200] "GET /frontend/js/meanmenu.min.js HTTP/1.1" 200 1520 www.mgsaws.com "https://www.mgsaws.com/news-details/different-types-of-aluminium-cutting-machine" "Mozilla/5.0 (Macintosh; Intel Mac OS X 10_15_7) AppleWebKit/537.36 (KHTML, like Gecko) Chrome/137.0.0.0 Safari/537.36" "-"
98.237.157.0 - - [18/Jun/2025:05:10:30 +0200] "GET /storage/event/20250327111058.jpg HTTP/1.1" 200 322391 www.mgsaws.com "https://www.mgsaws.com/news-details/different-types-of-aluminium-cutting-machine" "Mozilla/5.0 (Windows NT 10.0; Win64; x64) AppleWebKit/537.36 (KHTML, like Gecko) Chrome/134.0.0.0 Safari/537.36 OPR/119.0.0.0" "-"
98.237.157.0 - - [18/Jun/2025:05:10:30 +0200] "GET /frontend/js/jquery-1.12.4.min.js HTTP/1.1" 200 39507 www.mgsaws.com "https://www.mgsaws.com/news-details/different-types-of-aluminium-cutting-machine" "Mozilla/5.0 (Windows NT 10.0; Win64; x64) AppleWebKit/537.36 (KHTML, like Gecko) Chrome/134.0.0.0 Safari/537.36 OPR/119.0.0.0" "-"
2600:1700:600:: - - [18/Jun/2025:05:10:30 +0200] "GET /frontend/js/magnific-popup.min.js HTTP/1.1" 200 8277 www.mgsaws.com "https://www.mgsaws.com/news-details/different-types-of-aluminium-cutting-machine" "Mozilla/5.0 (Macintosh; Intel Mac OS X 10_15_7) AppleWebKit/537.36 (KHTML, like Gecko) Chrome/137.0.0.0 Safari/537.36" "-"
2600:1700:600:: - - [18/Jun/2025:05:10:30 +0200] "GET /frontend/js/owl.carousel.min.js HTTP/1.1" 200 13180 www.mgsaws.com "https://www.mgsaws.com/news-details/different-types-of-aluminium-cutting-machine" "Mozilla/5.0 (Macintosh; Intel Mac OS X 10_15_7) AppleWebKit/537.36 (KHTML, like Gecko) Chrome/137.0.0.0 Safari/537.36" "-"
98.237.157.0 - - [18/Jun/2025:05:10:30 +0200] "GET /frontend/js/popper.min.js HTTP/1.1" 200 8083 www.mgsaws.com "https://www.mgsaws.com/news-details/different-types-of-aluminium-cutting-machine" "Mozilla/5.0 (Windows NT 10.0; Win64; x64) AppleWebKit/537.36 (KHTML, like Gecko) Chrome/134.0.0.0 Safari/537.36 OPR/119.0.0.0" "-"
98.237.157.0 - - [18/Jun/2025:05:10:30 +0200] "GET /frontend/js/bootstrap.min.js HTTP/1.1" 200 17162 www.mgsaws.com "https://www.mgsaws.com/news-details/different-types-of-aluminium-cutting-machine" "Mozilla/5.0 (Windows NT 10.0; Win64; x64) AppleWebKit/537.36 (KHTML, like Gecko) Chrome/134.0.0.0 Safari/537.36 OPR/119.0.0.0" "-"
2600:1700:600:: - - [18/Jun/2025:05:10:30 +0200] "GET /frontend/js/waypoints.min.js HTTP/1.1" 200 2732 www.mgsaws.com "https://www.mgsaws.com/news-details/different-types-of-aluminium-cutting-machine" "Mozilla/5.0 (Macintosh; Intel Mac OS X 10_15_7) AppleWebKit/537.36 (KHTML, like Gecko) Chrome/137.0.0.0 Safari/537.36" "-"
2600:1700:600:: - - [18/Jun/2025:05:10:30 +0200] "GET /frontend/js/counterup.min.js HTTP/1.1" 200 486 www.mgsaws.com "https://www.mgsaws.com/news-details/different-types-of-aluminium-cutting-machine" "Mozilla/5.0 (Macintosh; Intel Mac OS X 10_15_7) AppleWebKit/537.36 (KHTML, like Gecko) Chrome/137.0.0.0 Safari/537.36" "-"
98.237.157.0 - - [18/Jun/2025:05:10:30 +0200] "GET /frontend/js/meanmenu.min.js HTTP/1.1" 200 1520 www.mgsaws.com "https://www.mgsaws.com/news-details/different-types-of-aluminium-cutting-machine" "Mozilla/5.0 (Windows NT 10.0; Win64; x64) AppleWebKit/537.36 (KHTML, like Gecko) Chrome/134.0.0.0 Safari/537.36 OPR/119.0.0.0" "-"
98.237.157.0 - - [18/Jun/2025:05:10:31 +0200] "GET /frontend/js/magnific-popup.min.js HTTP/1.1" 200 8277 www.mgsaws.com "https://www.mgsaws.com/news-details/different-types-of-aluminium-cutting-machine" "Mozilla/5.0 (Windows NT 10.0; Win64; x64) AppleWebKit/537.36 (KHTML, like Gecko) Chrome/134.0.0.0 Safari/537.36 OPR/119.0.0.0" "-"
2600:1700:600:: - - [18/Jun/2025:05:10:31 +0200] "GET /frontend/js/scrolltop.js HTTP/1.1" 200 729 www.mgsaws.com "https://www.mgsaws.com/news-details/different-types-of-aluminium-cutting-machine" "Mozilla/5.0 (Macintosh; Intel Mac OS X 10_15_7) AppleWebKit/537.36 (KHTML, like Gecko) Chrome/137.0.0.0 Safari/537.36" "-"
2600:1700:600:: - - [18/Jun/2025:05:10:31 +0200] "GET /frontend/js/ajax-form.js HTTP/1.1" 200 543 www.mgsaws.com "https://www.mgsaws.com/news-details/different-types-of-aluminium-cutting-machine" "Mozilla/5.0 (Macintosh; Intel Mac OS X 10_15_7) AppleWebKit/537.36 (KHTML, like Gecko) Chrome/137.0.0.0 Safari/537.36" "-"
98.237.157.0 - - [18/Jun/2025:05:10:31 +0200] "GET /frontend/js/owl.carousel.min.js HTTP/1.1" 200 13180 www.mgsaws.com "https://www.mgsaws.com/news-details/different-types-of-aluminium-cutting-machine" "Mozilla/5.0 (Windows NT 10.0; Win64; x64) AppleWebKit/537.36 (KHTML, like Gecko) Chrome/134.0.0.0 Safari/537.36 OPR/119.0.0.0" "-"
98.237.157.0 - - [18/Jun/2025:05:10:31 +0200] "GET /frontend/js/waypoints.min.js HTTP/1.1" 200 2732 www.mgsaws.com "https://www.mgsaws.com/news-details/different-types-of-aluminium-cutting-machine" "Mozilla/5.0 (Windows NT 10.0; Win64; x64) AppleWebKit/537.36 (KHTML, like Gecko) Chrome/134.0.0.0 Safari/537.36 OPR/119.0.0.0" "-"
2600:1700:600:: - - [18/Jun/2025:05:10:31 +0200] "GET /frontend/js/wow.min.js HTTP/1.1" 200 3058 www.mgsaws.com "https://www.mgsaws.com/news-details/different-types-of-aluminium-cutting-machine" "Mozilla/5.0 (Macintosh; Intel Mac OS X 10_15_7) AppleWebKit/537.36 (KHTML, like Gecko) Chrome/137.0.0.0 Safari/537.36" "-"
2600:1700:600:: - - [18/Jun/2025:05:10:31 +0200] "GET /frontend/js/plugins.js HTTP/1.1" 200 393 www.mgsaws.com "https://www.mgsaws.com/news-details/different-types-of-aluminium-cutting-machine" "Mozilla/5.0 (Macintosh; Intel Mac OS X 10_15_7) AppleWebKit/537.36 (KHTML, like Gecko) Chrome/137.0.0.0 Safari/537.36" "-"
98.237.157.0 - - [18/Jun/2025:05:10:31 +0200] "GET /frontend/js/counterup.min.js HTTP/1.1" 200 486 www.mgsaws.com "https://www.mgsaws.com/news-details/different-types-of-aluminium-cutting-machine" "Mozilla/5.0 (Windows NT 10.0; Win64; x64) AppleWebKit/537.36 (KHTML, like Gecko) Chrome/134.0.0.0 Safari/537.36 OPR/119.0.0.0" "-"
98.237.157.0 - - [18/Jun/2025:05:10:31 +0200] "GET /frontend/js/scrolltop.js HTTP/1.1" 200 729 www.mgsaws.com "https://www.mgsaws.com/news-details/different-types-of-aluminium-cutting-machine" "Mozilla/5.0 (Windows NT 10.0; Win64; x64) AppleWebKit/537.36 (KHTML, like Gecko) Chrome/134.0.0.0 Safari/537.36 OPR/119.0.0.0" "-"
2600:1700:600:: - - [18/Jun/2025:05:10:31 +0200] "GET /frontend/js/main.js HTTP/1.1" 200 1049 www.mgsaws.com "https://www.mgsaws.com/news-details/different-types-of-aluminium-cutting-machine" "Mozilla/5.0 (Macintosh; Intel Mac OS X 10_15_7) AppleWebKit/537.36 (KHTML, like Gecko) Chrome/137.0.0.0 Safari/537.36" "-"
2600:1700:600:: - - [18/Jun/2025:05:10:31 +0200] "GET /frontend/js/timeline.js HTTP/1.1" 200 3595 www.mgsaws.com "https://www.mgsaws.com/news-details/different-types-of-aluminium-cutting-machine" "Mozilla/5.0 (Macintosh; Intel Mac OS X 10_15_7) AppleWebKit/537.36 (KHTML, like Gecko) Chrome/137.0.0.0 Safari/537.36" "-"
98.237.157.0 - - [18/Jun/2025:05:10:31 +0200] "GET /frontend/js/ajax-form.js HTTP/1.1" 200 543 www.mgsaws.com "https://www.mgsaws.com/news-details/different-types-of-aluminium-cutting-machine" "Mozilla/5.0 (Windows NT 10.0; Win64; x64) AppleWebKit/537.36 (KHTML, like Gecko) Chrome/134.0.0.0 Safari/537.36 OPR/119.0.0.0" "-"
98.237.157.0 - - [18/Jun/2025:05:10:31 +0200] "GET /frontend/js/wow.min.js HTTP/1.1" 200 3058 www.mgsaws.com "https://www.mgsaws.com/news-details/different-types-of-aluminium-cutting-machine" "Mozilla/5.0 (Windows NT 10.0; Win64; x64) AppleWebKit/537.36 (KHTML, like Gecko) Chrome/134.0.0.0 Safari/537.36 OPR/119.0.0.0" "-"
98.237.157.0 - - [18/Jun/2025:05:10:31 +0200] "GET /frontend/js/plugins.js HTTP/1.1" 200 393 www.mgsaws.com "https://www.mgsaws.com/news-details/different-types-of-aluminium-cutting-machine" "Mozilla/5.0 (Windows NT 10.0; Win64; x64) AppleWebKit/537.36 (KHTML, like Gecko) Chrome/134.0.0.0 Safari/537.36 OPR/119.0.0.0" "-"
2600:1700:600:: - - [18/Jun/2025:05:10:31 +0200] "GET /frontend/js/slick.min.js HTTP/1.1" 200 15931 www.mgsaws.com "https://www.mgsaws.com/news-details/different-types-of-aluminium-cutting-machine" "Mozilla/5.0 (Macintosh; Intel Mac OS X 10_15_7) AppleWebKit/537.36 (KHTML, like Gecko) Chrome/137.0.0.0 Safari/537.36" "-"
98.237.157.0 - - [18/Jun/2025:05:10:31 +0200] "GET /frontend/js/main.js HTTP/1.1" 200 1049 www.mgsaws.com "https://www.mgsaws.com/news-details/different-types-of-aluminium-cutting-machine" "Mozilla/5.0 (Windows NT 10.0; Win64; x64) AppleWebKit/537.36 (KHTML, like Gecko) Chrome/134.0.0.0 Safari/537.36 OPR/119.0.0.0" "-"
2600:1700:600:: - - [18/Jun/2025:05:10:31 +0200] "GET /storage/event/20250206125137.jpg HTTP/1.1" 200 462720 www.mgsaws.com "https://www.mgsaws.com/news-details/different-types-of-aluminium-cutting-machine" "Mozilla/5.0 (Macintosh; Intel Mac OS X 10_15_7) AppleWebKit/537.36 (KHTML, like Gecko) Chrome/137.0.0.0 Safari/537.36" "-"
98.237.157.0 - - [18/Jun/2025:05:10:31 +0200] "GET /frontend/js/timeline.js HTTP/1.1" 200 3595 www.mgsaws.com "https://www.mgsaws.com/news-details/different-types-of-aluminium-cutting-machine" "Mozilla/5.0 (Windows NT 10.0; Win64; x64) AppleWebKit/537.36 (KHTML, like Gecko) Chrome/134.0.0.0 Safari/537.36 OPR/119.0.0.0" "-"
2600:1700:600:: - - [18/Jun/2025:05:10:31 +0200] "GET /storage/event/20241223073728.jpg HTTP/1.1" 200 741373 www.mgsaws.com "https://www.mgsaws.com/news-details/different-types-of-aluminium-cutting-machine" "Mozilla/5.0 (Macintosh; Intel Mac OS X 10_15_7) AppleWebKit/537.36 (KHTML, like Gecko) Chrome/137.0.0.0 Safari/537.36" "-"
98.237.157.0 - - [18/Jun/2025:05:10:32 +0200] "GET /frontend/js/slick.min.js HTTP/1.1" 200 15931 www.mgsaws.com "https://www.mgsaws.com/news-details/different-types-of-aluminium-cutting-machine" "Mozilla/5.0 (Windows NT 10.0; Win64; x64) AppleWebKit/537.36 (KHTML, like Gecko) Chrome/134.0.0.0 Safari/537.36 OPR/119.0.0.0" "-"
98.237.157.0 - - [18/Jun/2025:05:10:32 +0200] "GET /storage/event/20250206125137.jpg HTTP/1.1" 200 462720 www.mgsaws.com "https://www.mgsaws.com/news-details/different-types-of-aluminium-cutting-machine" "Mozilla/5.0 (Windows NT 10.0; Win64; x64) AppleWebKit/537.36 (KHTML, like Gecko) Chrome/134.0.0.0 Safari/537.36 OPR/119.0.0.0" "-"
2600:1700:600:: - - [18/Jun/2025:05:10:32 +0200] "GET /storage/event/20241101113125.jpg HTTP/1.1" 200 253276 www.mgsaws.com "https://www.mgsaws.com/news-details/different-types-of-aluminium-cutting-machine" "Mozilla/5.0 (Macintosh; Intel Mac OS X 10_15_7) AppleWebKit/537.36 (KHTML, like Gecko) Chrome/137.0.0.0 Safari/537.36" "-"
2600:1700:600:: - - [18/Jun/2025:05:10:32 +0200] "GET /storage/event/20241203051530.jpg HTTP/1.1" 200 264623 www.mgsaws.com "https://www.mgsaws.com/news-details/different-types-of-aluminium-cutting-machine" "Mozilla/5.0 (Macintosh; Intel Mac OS X 10_15_7) AppleWebKit/537.36 (KHTML, like Gecko) Chrome/137.0.0.0 Safari/537.36" "-"
98.237.157.0 - - [18/Jun/2025:05:10:32 +0200] "GET /storage/event/20241223073728.jpg HTTP/1.1" 200 741373 www.mgsaws.com "https://www.mgsaws.com/news-details/different-types-of-aluminium-cutting-machine" "Mozilla/5.0 (Windows NT 10.0; Win64; x64) AppleWebKit/537.36 (KHTML, like Gecko) Chrome/134.0.0.0 Safari/537.36 OPR/119.0.0.0" "-"
98.237.157.0 - - [18/Jun/2025:05:10:32 +0200] "GET /storage/event/20241203051530.jpg HTTP/1.1" 200 264623 www.mgsaws.com "https://www.mgsaws.com/news-details/different-types-of-aluminium-cutting-machine" "Mozilla/5.0 (Windows NT 10.0; Win64; x64) AppleWebKit/537.36 (KHTML, like Gecko) Chrome/134.0.0.0 Safari/537.36 OPR/119.0.0.0" "-"
2600:1700:600:: - - [18/Jun/2025:05:10:32 +0200] "GET /storage/event/20241001051946.jpg HTTP/1.1" 200 236043 www.mgsaws.com "https://www.mgsaws.com/news-details/different-types-of-aluminium-cutting-machine" "Mozilla/5.0 (Macintosh; Intel Mac OS X 10_15_7) AppleWebKit/537.36 (KHTML, like Gecko) Chrome/137.0.0.0 Safari/537.36" "-"
2600:1700:600:: - - [18/Jun/2025:05:10:32 +0200] "GET /storage/event/20240822073933.jpg HTTP/1.1" 200 277580 www.mgsaws.com "https://www.mgsaws.com/news-details/different-types-of-aluminium-cutting-machine" "Mozilla/5.0 (Macintosh; Intel Mac OS X 10_15_7) AppleWebKit/537.36 (KHTML, like Gecko) Chrome/137.0.0.0 Safari/537.36" "-"
98.237.157.0 - - [18/Jun/2025:05:10:32 +0200] "GET /storage/event/20241101113125.jpg HTTP/1.1" 200 253276 www.mgsaws.com "https://www.mgsaws.com/news-details/different-types-of-aluminium-cutting-machine" "Mozilla/5.0 (Windows NT 10.0; Win64; x64) AppleWebKit/537.36 (KHTML, like Gecko) Chrome/134.0.0.0 Safari/537.36 OPR/119.0.0.0" "-"
98.237.157.0 - - [18/Jun/2025:05:10:32 +0200] "GET /storage/event/20241001051946.jpg HTTP/1.1" 200 236043 www.mgsaws.com "https://www.mgsaws.com/news-details/different-types-of-aluminium-cutting-machine" "Mozilla/5.0 (Windows NT 10.0; Win64; x64) AppleWebKit/537.36 (KHTML, like Gecko) Chrome/134.0.0.0 Safari/537.36 OPR/119.0.0.0" "-"
2600:1700:600:: - - [18/Jun/2025:05:10:32 +0200] "GET /storage/event/20240722101348.jpg HTTP/1.1" 200 246559 www.mgsaws.com "https://www.mgsaws.com/news-details/different-types-of-aluminium-cutting-machine" "Mozilla/5.0 (Macintosh; Intel Mac OS X 10_15_7) AppleWebKit/537.36 (KHTML, like Gecko) Chrome/137.0.0.0 Safari/537.36" "-"
2600:1700:600:: - - [18/Jun/2025:05:10:32 +0200] "GET /frontend/img/yeslogo.png HTTP/1.1" 200 1567 www.mgsaws.com "https://www.mgsaws.com/news-details/different-types-of-aluminium-cutting-machine" "Mozilla/5.0 (Macintosh; Intel Mac OS X 10_15_7) AppleWebKit/537.36 (KHTML, like Gecko) Chrome/137.0.0.0 Safari/537.36" "-"
98.237.157.0 - - [18/Jun/2025:05:10:32 +0200] "GET /storage/event/20240822073933.jpg HTTP/1.1" 200 277580 www.mgsaws.com "https://www.mgsaws.com/news-details/different-types-of-aluminium-cutting-machine" "Mozilla/5.0 (Windows NT 10.0; Win64; x64) AppleWebKit/537.36 (KHTML, like Gecko) Chrome/134.0.0.0 Safari/537.36 OPR/119.0.0.0" "-"
98.237.157.0 - - [18/Jun/2025:05:10:32 +0200] "GET /storage/event/20240722101348.jpg HTTP/1.1" 200 246559 www.mgsaws.com "https://www.mgsaws.com/news-details/different-types-of-aluminium-cutting-machine" "Mozilla/5.0 (Windows NT 10.0; Win64; x64) AppleWebKit/537.36 (KHTML, like Gecko) Chrome/134.0.0.0 Safari/537.36 OPR/119.0.0.0" "-"
98.237.157.0 - - [18/Jun/2025:05:10:32 +0200] "GET /frontend/img/yeslogo.png HTTP/1.1" 200 1567 www.mgsaws.com "https://www.mgsaws.com/news-details/different-types-of-aluminium-cutting-machine" "Mozilla/5.0 (Windows NT 10.0; Win64; x64) AppleWebKit/537.36 (KHTML, like Gecko) Chrome/134.0.0.0 Safari/537.36 OPR/119.0.0.0" "-"
240e:3ba:3000:: - - [18/Jun/2025:05:11:01 +0200] "GET /about-us HTTP/1.1" 200 58415 mgsaws.com "-" "Mozilla/5.0 (Windows NT 10.0; Win64; x64) AppleWebKit/537.36 (KHTML, like Gecko) Chrome/104.0.5112.81 Safari/537.36 Edg/104.0.1293.54" "-"
47.82.60.0 - - [18/Jun/2025:05:11:11 +0200] "GET /news-details/an-overview-of-single-head-cutting-machine HTTP/1.1" 429 227 www.mgsaws.com "https://www.mgsaws.com/news-details/an-overview-of-single-head-cutting-machine" "Mozilla/5.0 (Windows NT 10.0; Win64; x64) AppleWebKit/537.36 (KHTML, like Gecko) Chrome/114.0.0.0 Safari/537.36 Edg/114.0.1823.43" "-"
47.82.60.0 - - [18/Jun/2025:05:11:12 +0200] "GET /news-details/an-overview-of-single-head-cutting-machine HTTP/1.1" 429 227 www.mgsaws.com "https://www.mgsaws.com/news-details/an-overview-of-single-head-cutting-machine" "Mozilla/5.0 (Windows NT 10.0; Win64; x64) AppleWebKit/537.36 (KHTML, like Gecko) Chrome/114.0.0.0 Safari/537.36 Edg/114.0.1823.43" "-"
47.82.60.0 - - [18/Jun/2025:05:11:12 +0200] "GET /news-details/an-overview-of-single-head-cutting-machine HTTP/1.1" 429 227 www.mgsaws.com "https://www.mgsaws.com/news-details/an-overview-of-single-head-cutting-machine" "Mozilla/5.0 (Windows NT 10.0; Win64; x64) AppleWebKit/537.36 (KHTML, like Gecko) Chrome/114.0.0.0 Safari/537.36 Edg/114.0.1823.43" "-"
240e:3ba:3000:: - - [18/Jun/2025:05:11:24 +0200] "GET / HTTP/1.1" 200 142541 mgsaws.com "-" "Mozilla/5.0 (Windows NT 10.0; Win64; x64) AppleWebKit/537.36 (KHTML, like Gecko) Chrome/104.0.5112.81 Safari/537.36 Edg/104.0.1293.54" "-"
240e:3ba:3000:: - - [18/Jun/2025:05:11:48 +0200] "GET / HTTP/1.1" 200 144501 www.mgsaws.com "-" "Mozilla/5.0 (Windows NT 10.0; Win64; x64) AppleWebKit/537.36 (KHTML, like Gecko) Chrome/104.0.5112.81 Safari/537.36 Edg/104.0.1293.54" "-"
240e:3ba:3000:: - - [18/Jun/2025:05:11:50 +0200] "GET / HTTP/1.1" 200 142541 mgsaws.com "-" "Mozilla/5.0 (Windows NT 10.0; Win64; x64) AppleWebKit/537.36 (KHTML, like Gecko) Chrome/104.0.5112.81 Safari/537.36 Edg/104.0.1293.54" "-"
240e:3ba:3000:: - - [18/Jun/2025:05:12:13 +0200] "GET / HTTP/1.1" 200 142541 mgsaws.com "-" "Mozilla/5.0 (Windows NT 10.0; Win64; x64) AppleWebKit/537.36 (KHTML, like Gecko) Chrome/104.0.5112.81 Safari/537.36 Edg/104.0.1293.54" "-"
240e:3ba:3000:: - - [18/Jun/2025:05:12:36 +0200] "GET /all-products HTTP/1.1" 200 52904 mgsaws.com "-" "Mozilla/5.0 (Windows NT 10.0; Win64; x64) AppleWebKit/537.36 (KHTML, like Gecko) Chrome/104.0.5112.81 Safari/537.36 Edg/104.0.1293.54" "-"
223.109.252.0 - - [18/Jun/2025:05:13:58 +0200] "GET / HTTP/1.1" 200 142541 mgsaws.com "-" "Sogou web spider/4.0(+http://www.sogou.com/docs/help/webmasters.htm#07)" "-"
2a03:2880:f800:: - - [18/Jun/2025:05:15:30 +0200] "GET /news-details/single-head-cutting-machine:-industrial-applications-in-aluminum-cutting-and-pvc-cutting HTTP/1.1" 429 227 www.mgsaws.com "-" "meta-externalagent/1.1 (+https://developers.facebook.com/docs/sharing/webmasters/crawler)" "-"
52.167.144.0 - - [18/Jun/2025:05:18:50 +0200] "GET /robots.txt HTTP/1.1" 200 26 mgsaws.com "-" "Mozilla/5.0 AppleWebKit/537.36 (KHTML, like Gecko; compatible; bingbot/2.0; +http://www.bing.com/bingbot.htm) Chrome/116.0.1938.76 Safari/537.36" "-"
40.77.167.0 - - [18/Jun/2025:05:18:57 +0200] "GET /frontend/img/Positioning-System.png HTTP/1.1" 200 10932 mgsaws.com "-" "Mozilla/5.0 AppleWebKit/537.36 (KHTML, like Gecko; compatible; bingbot/2.0; +http://www.bing.com/bingbot.htm) Chrome/116.0.1938.76 Safari/537.36" "-"
103.196.9.0 - - [18/Jun/2025:05:22:26 +0200] "GET /news-details/what-are-the-benefits-of-copy-routers HTTP/1.1" 200 62176 www.mgsaws.com "-" "Mozilla/5.0 (Macintosh; Intel Mac OS X 10_15_7) AppleWebKit/605.1.15 (KHTML, like Gecko) Version/17.10 Safari/605.1.1" "-"
87.250.224.0 - - [18/Jun/2025:05:32:15 +0200] "GET /robots.txt HTTP/1.1" 429 227 www.mgsaws.com "-" "Mozilla/5.0 (compatible; YandexBot/3.0; +http://yandex.com/bots)" "-"
87.250.224.0 - - [18/Jun/2025:05:34:15 +0200] "GET /robots.txt HTTP/1.1" 429 227 www.mgsaws.com "-" "Mozilla/5.0 (compatible; YandexBot/3.0; +http://yandex.com/bots)" "-"
213.180.203.0 - - [18/Jun/2025:05:36:15 +0200] "GET /robots.txt HTTP/1.1" 429 227 www.mgsaws.com "-" "Mozilla/5.0 (compatible; YandexBot/3.0; +http://yandex.com/bots)" "-"
213.180.203.0 - - [18/Jun/2025:05:38:15 +0200] "GET /robots.txt HTTP/1.1" 429 227 www.mgsaws.com "-" "Mozilla/5.0 (compatible; YandexBot/3.0; +http://yandex.com/bots)" "-"
112.86.225.0 - - [18/Jun/2025:05:39:27 +0200] "GET / HTTP/1.1" 200 144501 www.mgsaws.com "-" "Sogou web spider/4.0(+http://www.sogou.com/docs/help/webmasters.htm#07)" "-"
87.250.224.0 - - [18/Jun/2025:05:40:15 +0200] "GET /robots.txt HTTP/1.1" 429 227 www.mgsaws.com "-" "Mozilla/5.0 (compatible; YandexBot/3.0; +http://yandex.com/bots)" "-"
52.167.144.0 - - [18/Jun/2025:05:41:08 +0200] "GET /news-details/ HTTP/1.1" 301 243 www.mgsaws.com "-" "Mozilla/5.0 AppleWebKit/537.36 (KHTML, like Gecko; compatible; bingbot/2.0; +http://www.bing.com/bingbot.htm) Chrome/116.0.1938.76 Safari/537.36" "-"
52.167.144.0 - - [18/Jun/2025:05:41:08 +0200] "GET /news-details HTTP/1.1" 404 6609 www.mgsaws.com "-" "Mozilla/5.0 AppleWebKit/537.36 (KHTML, like Gecko; compatible; bingbot/2.0; +http://www.bing.com/bingbot.htm) Chrome/116.0.1938.76 Safari/537.36" "-"
110.249.202.0 - - [18/Jun/2025:05:42:01 +0200] "GET /robots.txt HTTP/1.1" 429 227 mgsaws.com "-" "Mozilla/5.0 (Linux; Android 5.0) AppleWebKit/537.36 (KHTML, like Gecko) Mobile Safari/537.36 (compatible; Bytespider; https://zhanzhang.toutiao.com/)" "-"
47.128.35.0 - - [18/Jun/2025:05:42:03 +0200] "GET /news-details/all-you-need-to-know-of-endmilling HTTP/1.1" 429 227 mgsaws.com "-" "Mozilla/5.0 (Linux; Android 5.0) AppleWebKit/537.36 (KHTML, like Gecko) Mobile Safari/537.36 (compatible; Bytespider; spider-feedback@bytedance.com)" "-"
213.180.203.0 - - [18/Jun/2025:05:42:15 +0200] "GET /robots.txt HTTP/1.1" 429 227 www.mgsaws.com "-" "Mozilla/5.0 (compatible; YandexBot/3.0; +http://yandex.com/bots)" "-"
95.108.213.0 - - [18/Jun/2025:05:42:15 +0200] "GET /news-details/choosing-the-right-punching-machine:-a-buyer%27s-guide HTTP/1.1" 429 227 www.mgsaws.com "-" "Mozilla/5.0 (compatible; YandexBot/3.0; +http://yandex.com/bots)" "-"
213.180.203.0 - - [18/Jun/2025:05:44:15 +0200] "GET /robots.txt HTTP/1.1" 429 227 www.mgsaws.com "-" "Mozilla/5.0 (compatible; YandexBot/3.0; +http://yandex.com/bots)" "-"
64.238.204.0 - - [18/Jun/2025:05:46:24 +0200] "GET / HTTP/1.1" 200 142933 mgsaws.com "-" "Mozilla/5.0 (Windows NT 10.0; Win64; x64; rv:109.0) Gecko/20100101 Firefox/111.0" "-"
2a03:2880:f800:: - - [18/Jun/2025:05:47:05 +0200] "GET /all-products/sub/corner-crimping-machines HTTP/1.1" 429 227 www.mgsaws.com "-" "meta-externalagent/1.1 (+https://developers.facebook.com/docs/sharing/webmasters/crawler)" "-"
5.255.231.0 - - [18/Jun/2025:05:48:16 +0200] "GET /robots.txt HTTP/1.1" 429 227 www.mgsaws.com "-" "Mozilla/5.0 (compatible; YandexBot/3.0; +http://yandex.com/bots)" "-"
74.208.14.0 - - [18/Jun/2025:05:51:25 +0200] "GET / HTTP/1.1" 200 142933 mgsaws.com "-" "Mozilla/5.0 (Windows NT 10.0; Win64; x64; rv:89.0) Gecko/20100101 Firefox/89.0" "-"
17.241.227.0 - - [18/Jun/2025:05:55:40 +0200] "GET /robots.txt HTTP/1.1" 200 26 mgsaws.com "-" "Mozilla/5.0 (Macintosh; Intel Mac OS X 10_15_7) AppleWebKit/605.1.15 (KHTML, like Gecko) Version/17.4 Safari/605.1.15 (Applebot/0.1; +http://www.apple.com/go/applebot)" "-"
17.241.227.0 - - [18/Jun/2025:05:55:40 +0200] "GET /all-products/sub/machining-centers HTTP/1.1" 200 45347 mgsaws.com "-" "Mozilla/5.0 (Macintosh; Intel Mac OS X 10_15_7) AppleWebKit/605.1.15 (KHTML, like Gecko) Version/17.4 Safari/605.1.15 (Applebot/0.1; +http://www.apple.com/go/applebot)" "-"
2403:a080:c00:: - - [18/Jun/2025:05:57:49 +0200] "GET / HTTP/1.1" 200 144501 www.mgsaws.com "-" "Mozilla/5.0 (Windows NT 10.0; Win64; x64) AppleWebKit/537.36 (KHTML, like Gecko) Chrome/137.0.0.0 Safari/537.36" "-"
2403:a080:c00:: - - [18/Jun/2025:05:57:52 +0200] "GET /frontend/css/scrolltop.css HTTP/1.1" 200 630 www.mgsaws.com "https://www.mgsaws.com/" "Mozilla/5.0 (Windows NT 10.0; Win64; x64) AppleWebKit/537.36 (KHTML, like Gecko) Chrome/137.0.0.0 Safari/537.36" "-"
2403:a080:c00:: - - [18/Jun/2025:05:57:52 +0200] "GET /frontend/css/owl.theme.default.min.css HTTP/1.1" 200 491 www.mgsaws.com "https://www.mgsaws.com/" "Mozilla/5.0 (Windows NT 10.0; Win64; x64) AppleWebKit/537.36 (KHTML, like Gecko) Chrome/137.0.0.0 Safari/537.36" "-"
2403:a080:c00:: - - [18/Jun/2025:05:57:52 +0200] "GET /frontend/css/animate.min.css HTTP/1.1" 200 6796 www.mgsaws.com "https://www.mgsaws.com/" "Mozilla/5.0 (Windows NT 10.0; Win64; x64) AppleWebKit/537.36 (KHTML, like Gecko) Chrome/137.0.0.0 Safari/537.36" "-"
2403:a080:c00:: - - [18/Jun/2025:05:57:52 +0200] "GET /frontend/css/default.css HTTP/1.1" 200 3383 www.mgsaws.com "https://www.mgsaws.com/" "Mozilla/5.0 (Windows NT 10.0; Win64; x64) AppleWebKit/537.36 (KHTML, like Gecko) Chrome/137.0.0.0 Safari/537.36" "-"
2403:a080:c00:: - - [18/Jun/2025:05:57:52 +0200] "GET /frontend/css/meanmenu.css HTTP/1.1" 200 1056 www.mgsaws.com "https://www.mgsaws.com/" "Mozilla/5.0 (Windows NT 10.0; Win64; x64) AppleWebKit/537.36 (KHTML, like Gecko) Chrome/137.0.0.0 Safari/537.36" "-"
2403:a080:c00:: - - [18/Jun/2025:05:57:52 +0200] "GET /frontend/css/bootstrap.min.css HTTP/1.1" 200 32796 www.mgsaws.com "https://www.mgsaws.com/" "Mozilla/5.0 (Windows NT 10.0; Win64; x64) AppleWebKit/537.36 (KHTML, like Gecko) Chrome/137.0.0.0 Safari/537.36" "-"
2403:a080:c00:: - - [18/Jun/2025:05:57:52 +0200] "GET /frontend/css/owl.carousel.min.css HTTP/1.1" 200 1020 www.mgsaws.com "https://www.mgsaws.com/" "Mozilla/5.0 (Windows NT 10.0; Win64; x64) AppleWebKit/537.36 (KHTML, like Gecko) Chrome/137.0.0.0 Safari/537.36" "-"
2403:a080:c00:: - - [18/Jun/2025:05:57:52 +0200] "GET /frontend/css/magnific-popup.css HTTP/1.1" 200 2140 www.mgsaws.com "https://www.mgsaws.com/" "Mozilla/5.0 (Windows NT 10.0; Win64; x64) AppleWebKit/537.36 (KHTML, like Gecko) Chrome/137.0.0.0 Safari/537.36" "-"
2403:a080:c00:: - - [18/Jun/2025:05:57:53 +0200] "GET /frontend/css/responsive.css HTTP/1.1" 200 4701 www.mgsaws.com "https://www.mgsaws.com/" "Mozilla/5.0 (Windows NT 10.0; Win64; x64) AppleWebKit/537.36 (KHTML, like Gecko) Chrome/137.0.0.0 Safari/537.36" "-"
2403:a080:c00:: - - [18/Jun/2025:05:57:53 +0200] "GET /frontend/css/slick.css HTTP/1.1" 200 652 www.mgsaws.com "https://www.mgsaws.com/" "Mozilla/5.0 (Windows NT 10.0; Win64; x64) AppleWebKit/537.36 (KHTML, like Gecko) Chrome/137.0.0.0 Safari/537.36" "-"
2403:a080:c00:: - - [18/Jun/2025:05:57:53 +0200] "GET /frontend/css/slick.theme.css HTTP/1.1" 200 1027 www.mgsaws.com "https://www.mgsaws.com/" "Mozilla/5.0 (Windows NT 10.0; Win64; x64) AppleWebKit/537.36 (KHTML, like Gecko) Chrome/137.0.0.0 Safari/537.36" "-"
2403:a080:c00:: - - [18/Jun/2025:05:57:53 +0200] "GET /frontend/css/gallery.css HTTP/1.1" 200 1368 www.mgsaws.com "https://www.mgsaws.com/" "Mozilla/5.0 (Windows NT 10.0; Win64; x64) AppleWebKit/537.36 (KHTML, like Gecko) Chrome/137.0.0.0 Safari/537.36" "-"
2403:a080:c00:: - - [18/Jun/2025:05:57:53 +0200] "GET /frontend/css/wedget.css HTTP/1.1" 200 2286 www.mgsaws.com "https://www.mgsaws.com/" "Mozilla/5.0 (Windows NT 10.0; Win64; x64) AppleWebKit/537.36 (KHTML, like Gecko) Chrome/137.0.0.0 Safari/537.36" "-"
2403:a080:c00:: - - [18/Jun/2025:05:57:53 +0200] "GET /frontend/css/timeline.css HTTP/1.1" 200 2855 www.mgsaws.com "https://www.mgsaws.com/" "Mozilla/5.0 (Windows NT 10.0; Win64; x64) AppleWebKit/537.36 (KHTML, like Gecko) Chrome/137.0.0.0 Safari/537.36" "-"
2403:a080:c00:: - - [18/Jun/2025:05:57:53 +0200] "GET /frontend/css/style.css HTTP/1.1" 200 21304 www.mgsaws.com "https://www.mgsaws.com/" "Mozilla/5.0 (Windows NT 10.0; Win64; x64) AppleWebKit/537.36 (KHTML, like Gecko) Chrome/137.0.0.0 Safari/537.36" "-"
2403:a080:c00:: - - [18/Jun/2025:05:57:53 +0200] "GET /frontend/img/logo.png HTTP/1.1" 200 26918 www.mgsaws.com "https://www.mgsaws.com/" "Mozilla/5.0 (Windows NT 10.0; Win64; x64) AppleWebKit/537.36 (KHTML, like Gecko) Chrome/137.0.0.0 Safari/537.36" "-"
2403:a080:c00:: - - [18/Jun/2025:05:57:53 +0200] "GET /frontend/img/Double-Head-Sawing.jpg HTTP/1.1" 200 22195 www.mgsaws.com "https://www.mgsaws.com/" "Mozilla/5.0 (Windows NT 10.0; Win64; x64) AppleWebKit/537.36 (KHTML, like Gecko) Chrome/137.0.0.0 Safari/537.36" "-"
2403:a080:c00:: - - [18/Jun/2025:05:57:59 +0200] "GET /frontend/img/90-Drilling-h.jpg HTTP/1.1" 200 22840 www.mgsaws.com "https://www.mgsaws.com/" "Mozilla/5.0 (Windows NT 10.0; Win64; x64) AppleWebKit/537.36 (KHTML, like Gecko) Chrome/137.0.0.0 Safari/537.36" "-"
2403:a080:c00:: - - [18/Jun/2025:05:57:59 +0200] "GET /frontend/img/Automatic-Cutting-h.jpg HTTP/1.1" 200 19230 www.mgsaws.com "https://www.mgsaws.com/" "Mozilla/5.0 (Windows NT 10.0; Win64; x64) AppleWebKit/537.36 (KHTML, like Gecko) Chrome/137.0.0.0 Safari/537.36" "-"
2403:a080:c00:: - - [18/Jun/2025:05:58:00 +0200] "GET /frontend/js/modernizr-3.5.0.min.js HTTP/1.1" 200 3826 www.mgsaws.com "https://www.mgsaws.com/" "Mozilla/5.0 (Windows NT 10.0; Win64; x64) AppleWebKit/537.36 (KHTML, like Gecko) Chrome/137.0.0.0 Safari/537.36" "-"
2403:a080:c00:: - - [18/Jun/2025:05:58:00 +0200] "GET /frontend/img/about-pic.jpg HTTP/1.1" 200 21601 www.mgsaws.com "https://www.mgsaws.com/" "Mozilla/5.0 (Windows NT 10.0; Win64; x64) AppleWebKit/537.36 (KHTML, like Gecko) Chrome/137.0.0.0 Safari/537.36" "-"
2403:a080:c00:: - - [18/Jun/2025:05:58:00 +0200] "GET /frontend/js/popper.min.js HTTP/1.1" 200 8083 www.mgsaws.com "https://www.mgsaws.com/" "Mozilla/5.0 (Windows NT 10.0; Win64; x64) AppleWebKit/537.36 (KHTML, like Gecko) Chrome/137.0.0.0 Safari/537.36" "-"
2403:a080:c00:: - - [18/Jun/2025:05:58:00 +0200] "GET /frontend/js/jquery-1.12.4.min.js HTTP/1.1" 200 39507 www.mgsaws.com "https://www.mgsaws.com/" "Mozilla/5.0 (Windows NT 10.0; Win64; x64) AppleWebKit/537.36 (KHTML, like Gecko) Chrome/137.0.0.0 Safari/537.36" "-"
2403:a080:c00:: - - [18/Jun/2025:05:58:00 +0200] "GET /frontend/js/meanmenu.min.js HTTP/1.1" 200 1520 www.mgsaws.com "https://www.mgsaws.com/" "Mozilla/5.0 (Windows NT 10.0; Win64; x64) AppleWebKit/537.36 (KHTML, like Gecko) Chrome/137.0.0.0 Safari/537.36" "-"
2403:a080:c00:: - - [18/Jun/2025:05:58:00 +0200] "GET /frontend/js/bootstrap.min.js HTTP/1.1" 200 17162 www.mgsaws.com "https://www.mgsaws.com/" "Mozilla/5.0 (Windows NT 10.0; Win64; x64) AppleWebKit/537.36 (KHTML, like Gecko) Chrome/137.0.0.0 Safari/537.36" "-"
2403:a080:c00:: - - [18/Jun/2025:05:58:00 +0200] "GET /frontend/js/owl.carousel.min.js HTTP/1.1" 200 13180 www.mgsaws.com "https://www.mgsaws.com/" "Mozilla/5.0 (Windows NT 10.0; Win64; x64) AppleWebKit/537.36 (KHTML, like Gecko) Chrome/137.0.0.0 Safari/537.36" "-"
2403:a080:c00:: - - [18/Jun/2025:05:58:00 +0200] "GET /frontend/js/magnific-popup.min.js HTTP/1.1" 200 8277 www.mgsaws.com "https://www.mgsaws.com/" "Mozilla/5.0 (Windows NT 10.0; Win64; x64) AppleWebKit/537.36 (KHTML, like Gecko) Chrome/137.0.0.0 Safari/537.36" "-"
2403:a080:c00:: - - [18/Jun/2025:05:58:00 +0200] "GET /frontend/js/counterup.min.js HTTP/1.1" 200 486 www.mgsaws.com "https://www.mgsaws.com/" "Mozilla/5.0 (Windows NT 10.0; Win64; x64) AppleWebKit/537.36 (KHTML, like Gecko) Chrome/137.0.0.0 Safari/537.36" "-"
2403:a080:c00:: - - [18/Jun/2025:05:58:00 +0200] "GET /frontend/js/timeline.js HTTP/1.1" 200 3595 www.mgsaws.com "https://www.mgsaws.com/" "Mozilla/5.0 (Windows NT 10.0; Win64; x64) AppleWebKit/537.36 (KHTML, like Gecko) Chrome/137.0.0.0 Safari/537.36" "-"
2403:a080:c00:: - - [18/Jun/2025:05:58:00 +0200] "GET /frontend/js/ajax-form.js HTTP/1.1" 200 543 www.mgsaws.com "https://www.mgsaws.com/" "Mozilla/5.0 (Windows NT 10.0; Win64; x64) AppleWebKit/537.36 (KHTML, like Gecko) Chrome/137.0.0.0 Safari/537.36" "-"
2403:a080:c00:: - - [18/Jun/2025:05:58:00 +0200] "GET /frontend/js/wow.min.js HTTP/1.1" 200 3058 www.mgsaws.com "https://www.mgsaws.com/" "Mozilla/5.0 (Windows NT 10.0; Win64; x64) AppleWebKit/537.36 (KHTML, like Gecko) Chrome/137.0.0.0 Safari/537.36" "-"
2403:a080:c00:: - - [18/Jun/2025:05:58:00 +0200] "GET /frontend/js/scrolltop.js HTTP/1.1" 200 729 www.mgsaws.com "https://www.mgsaws.com/" "Mozilla/5.0 (Windows NT 10.0; Win64; x64) AppleWebKit/537.36 (KHTML, like Gecko) Chrome/137.0.0.0 Safari/537.36" "-"
2403:a080:c00:: - - [18/Jun/2025:05:58:00 +0200] "GET /frontend/js/waypoints.min.js HTTP/1.1" 200 2732 www.mgsaws.com "https://www.mgsaws.com/" "Mozilla/5.0 (Windows NT 10.0; Win64; x64) AppleWebKit/537.36 (KHTML, like Gecko) Chrome/137.0.0.0 Safari/537.36" "-"
2403:a080:c00:: - - [18/Jun/2025:05:58:00 +0200] "GET /frontend/js/plugins.js HTTP/1.1" 200 393 www.mgsaws.com "https://www.mgsaws.com/" "Mozilla/5.0 (Windows NT 10.0; Win64; x64) AppleWebKit/537.36 (KHTML, like Gecko) Chrome/137.0.0.0 Safari/537.36" "-"
2403:a080:c00:: - - [18/Jun/2025:05:58:00 +0200] "GET /frontend/js/main.js HTTP/1.1" 200 1049 www.mgsaws.com "https://www.mgsaws.com/" "Mozilla/5.0 (Windows NT 10.0; Win64; x64) AppleWebKit/537.36 (KHTML, like Gecko) Chrome/137.0.0.0 Safari/537.36" "-"
2403:a080:c00:: - - [18/Jun/2025:05:58:00 +0200] "GET /frontend/js/slick.min.js HTTP/1.1" 200 15931 www.mgsaws.com "https://www.mgsaws.com/" "Mozilla/5.0 (Windows NT 10.0; Win64; x64) AppleWebKit/537.36 (KHTML, like Gecko) Chrome/137.0.0.0 Safari/537.36" "-"
2403:a080:c00:: - - [18/Jun/2025:05:58:00 +0200] "GET /storage/tumb/20221206080706.jpg HTTP/1.1" 200 22787 www.mgsaws.com "https://www.mgsaws.com/" "Mozilla/5.0 (Windows NT 10.0; Win64; x64) AppleWebKit/537.36 (KHTML, like Gecko) Chrome/137.0.0.0 Safari/537.36" "-"
2403:a080:c00:: - - [18/Jun/2025:05:58:00 +0200] "GET /storage/tumb/20211102065903.jpg HTTP/1.1" 200 34637 www.mgsaws.com "https://www.mgsaws.com/" "Mozilla/5.0 (Windows NT 10.0; Win64; x64) AppleWebKit/537.36 (KHTML, like Gecko) Chrome/137.0.0.0 Safari/537.36" "-"
2403:a080:c00:: - - [18/Jun/2025:05:58:00 +0200] "GET /storage/tumb/20211019101703.jpg HTTP/1.1" 200 47239 www.mgsaws.com "https://www.mgsaws.com/" "Mozilla/5.0 (Windows NT 10.0; Win64; x64) AppleWebKit/537.36 (KHTML, like Gecko) Chrome/137.0.0.0 Safari/537.36" "-"
2403:a080:c00:: - - [18/Jun/2025:05:58:00 +0200] "GET /storage/tumb/20211019101200.jpg HTTP/1.1" 200 37361 www.mgsaws.com "https://www.mgsaws.com/" "Mozilla/5.0 (Windows NT 10.0; Win64; x64) AppleWebKit/537.36 (KHTML, like Gecko) Chrome/137.0.0.0 Safari/537.36" "-"
2403:a080:c00:: - - [18/Jun/2025:05:58:00 +0200] "GET /storage/tumb/20221206090902.jpg HTTP/1.1" 200 27033 www.mgsaws.com "https://www.mgsaws.com/" "Mozilla/5.0 (Windows NT 10.0; Win64; x64) AppleWebKit/537.36 (KHTML, like Gecko) Chrome/137.0.0.0 Safari/537.36" "-"
